<html>
<body>
<pre>
<h1>礦ision Build Log</h1>
<h2>Tool Versions:</h2>
IDE-Version: μVision V5.27.0.0
Copyright (C) 2018 ARM Ltd and ARM Germany GmbH. All rights reserved.
License Information: A Administrator, A, LIC=GMZI6-DSD18-LQX0Q-NC6YU-5RI7J-0FX6I
 
Tool Versions:
Toolchain:       MDK-ARM Plus  Version: 5.27.0.0
Toolchain Path:  D:\2345Downloads\ARM\ARMCC\Bin
C Compiler:      Armcc.exe V5.06 update 6 (build 750)
Assembler:       Armasm.exe V5.06 update 6 (build 750)
Linker/Locator:  ArmLink.exe V5.06 update 6 (build 750)
Library Manager: ArmAr.exe V5.06 update 6 (build 750)
Hex Converter:   FromElf.exe V5.06 update 6 (build 750)
CPU DLL:         SARMCM3.DLL V5.27.0.0
Dialog DLL:      DCM.DLL V1.17.2.0
Target DLL:      Segger\JL2CM3.dll V2.99.34.0
Dialog DLL:      TCM.DLL V1.36.1.0
 
<h2>Project:</h2>
C:\Users\Administrator\Desktop\neuq_mhp_trigger - fric\步兵\down\Project\RM-F427.uvprojx
Project File Date:  03/16/2021

<h2>Output:</h2>
*** Using Compiler 'V5.06 update 6 (build 750)', folder: 'D:\2345Downloads\ARM\ARMCC\Bin'
Rebuild target '底盘'
assembling startup_stm32f427_437xx.s...
compiling stm32f4xx_dac.c...
compiling stm32f4xx_cryp_des.c...
compiling stm32f4xx_cryp_tdes.c...
compiling misc.c...
compiling stm32f4xx_dma2d.c...
compiling stm32f4xx_can.c...
compiling stm32f4xx_dma.c...
compiling system_stm32f4xx.c...
compiling stm32f4xx_adc.c...
compiling stm32f4xx_flash.c...
compiling stm32f4xx_cryp_aes.c...
compiling stm32f4xx_i2c.c...
compiling stm32f4xx_pwr.c...
compiling stm32f4xx_hash_md5.c...
compiling stm32f4xx_fmc.c...
compiling stm32f4xx_syscfg.c...
compiling stm32f4xx_spi.c...
compiling stm32f4xx_gpio.c...
compiling stm32f4xx_sdio.c...
compiling stm32f4xx_flash_ramfunc.c...
compiling stm32f4xx_rcc.c...
compiling stm32f4xx_rtc.c...
compiling algorithm.c...
compiling kinematic.c...
compiling angle_pid.c...
compiling speed_pid.c...
compiling stm32f4xx_hash.c...
compiling sys.c...
compiling stm32f4xx_cryp.c...
compiling delay.c...
compiling stm32f4xx_tim.c...
compiling stm32f4xx_usart.c...
compiling stm32f4xx_it.c...
compiling mode.c...
compiling main.c...
compiling My_Init.c...
compiling json.c...
compiling shoot.c...
compiling bsp_uart7.c...
compiling can.c...
compiling LED.c...
compiling timer.c...
compiling judge.c...
compiling bsp_debug_usart.c...
compiling bsp_imu_usart.c...
compiling motor.c...
compiling uart5.c...
compiling myflash.c...
compiling stmflash.c...
compiling buzzer.c...
compiling power_limitation.c...
compiling jansson_config.c...
compiling power.c...
compiling key.c...
compiling gimbal.c...
compiling DJi_remote.c...
compiling imuReader.c...
compiling fric.c...
..\Hardware\fric\fric.c(187): warning:  #1035-D: single-precision operand implicitly converted to double-precision
  	fric1.vpid.actual_speed=0.5/time_average1*1000*60;   //  单位:r/min
..\Hardware\fric\fric.c(203): warning:  #1035-D: single-precision operand implicitly converted to double-precision
  	fric2.vpid.actual_speed=0.5/time_average2*1000*60;   //  单位:r/min
..\Hardware\fric\fric.c: 2 warnings, 0 errors
compiling Tim3_Events.c...
compiling remote_code.c...
linking...
Program Size: Code=37260 RO-data=1028 RW-data=296 ZI-data=11320  
FromELF: creating hex file...
"..\Output\RM_typeA.axf" - 0 Error(s), 2 Warning(s).

<h2>Software Packages used:</h2>

Package Vendor: Keil
                http://www.keil.com/pack/Keil.Jansson.1.0.0.pack
                Keil.Jansson.1.0.0
                Jansson is a C library for encoding, decoding and manipulating JSON data
   * Component: Jansson Version: 2.7.0

Package Vendor: Keil
                http://www.keil.com/pack/Keil.STM32F4xx_DFP.2.15.0.pack
                Keil.STM32F4xx_DFP.2.15.0
                STMicroelectronics STM32F4 Series Device Support, Drivers and Examples

<h2>Collection of Component include folders:</h2>
  .\RTE\_____
  D:\2345Downloads\ARM\PACK\Keil\Jansson\1.0.0\src
  D:\2345Downloads\ARM\PACK\Keil\STM32F4xx_DFP\2.15.0\Drivers\CMSIS\Device\ST\STM32F4xx\Include

<h2>Collection of Component Files used:</h2>

   * Component: Keil::Data Exchange:JSON:Jansson:2.7.0
      Include file:  src\jansson.h
      Source file:   src\jansson_config.c
      Library file:  lib\jansson_CM3LE.lib
Build Time Elapsed:  00:00:06
</pre>
</body>
</html>
