<!doctype html public "-//w3c//dtd html 4.0 transitional//en">
<html><head>
<title>Static Call Graph - [..\Output\RM_typeA.axf]</title></head>
<body><HR>
<H1>Static Call Graph for image ..\Output\RM_typeA.axf</H1><HR>
<BR><P>#&#060CALLGRAPH&#062# ARM Linker, 5060750: Last Updated: Fri Mar 19 14:44:35 2021
<BR><P>
<H3>Maximum Stack Usage =       1024 bytes + Unknown(Cycles, Untraceable Function Pointers)</H3><H3>
Call chain for Maximum Stack Depth:</H3>
TIM3_IRQHandler &rArr; resolve_json_trigger_command &rArr; json_loads &rArr; parse_json &rArr; parse_value &rArr; parse_object &rArr;  parse_value (Cycle)
<P>
<H3>
Mutually Recursive functions
</H3> <LI><a href="#[c]">SVC_Handler</a>&nbsp;&nbsp;&nbsp;&rArr;&nbsp;&nbsp;&nbsp;<a href="#[c]">SVC_Handler</a><BR>
 <LI><a href="#[e]">PendSV_Handler</a>&nbsp;&nbsp;&nbsp;&rArr;&nbsp;&nbsp;&nbsp;<a href="#[e]">PendSV_Handler</a><BR>
 <LI><a href="#[f]">SysTick_Handler</a>&nbsp;&nbsp;&nbsp;&rArr;&nbsp;&nbsp;&nbsp;<a href="#[f]">SysTick_Handler</a><BR>
 <LI><a href="#[22]">ADC_IRQHandler</a>&nbsp;&nbsp;&nbsp;&rArr;&nbsp;&nbsp;&nbsp;<a href="#[22]">ADC_IRQHandler</a><BR>
 <LI><a href="#[176]">parse_object</a>&nbsp;&nbsp;&nbsp;&rArr;&nbsp;&nbsp;&nbsp;<a href="#[174]">parse_value</a><BR>
 <LI><a href="#[146]">json_decref</a>&nbsp;&nbsp;&nbsp;&rArr;&nbsp;&nbsp;&nbsp;<a href="#[148]">json_delete</a><BR>
 <LI><a href="#[137]">json_decref</a>&nbsp;&nbsp;&nbsp;&rArr;&nbsp;&nbsp;&nbsp;<a href="#[148]">json_delete</a><BR>
 <LI><a href="#[173]">parse_array</a>&nbsp;&nbsp;&nbsp;&rArr;&nbsp;&nbsp;&nbsp;<a href="#[174]">parse_value</a><BR>
</UL>
<P>
<H3>
Function Pointers
</H3><UL>
 <LI><a href="#[22]">ADC_IRQHandler</a> from startup_stm32f427_437xx.o(.text) referenced from startup_stm32f427_437xx.o(RESET)
 <LI><a href="#[a]">BusFault_Handler</a> from stm32f4xx_it.o(i.BusFault_Handler) referenced from startup_stm32f427_437xx.o(RESET)
 <LI><a href="#[24]">CAN1_RX0_IRQHandler</a> from stm32f4xx_it.o(i.CAN1_RX0_IRQHandler) referenced from startup_stm32f427_437xx.o(RESET)
 <LI><a href="#[25]">CAN1_RX1_IRQHandler</a> from startup_stm32f427_437xx.o(.text) referenced from startup_stm32f427_437xx.o(RESET)
 <LI><a href="#[26]">CAN1_SCE_IRQHandler</a> from startup_stm32f427_437xx.o(.text) referenced from startup_stm32f427_437xx.o(RESET)
 <LI><a href="#[23]">CAN1_TX_IRQHandler</a> from startup_stm32f427_437xx.o(.text) referenced from startup_stm32f427_437xx.o(RESET)
 <LI><a href="#[50]">CAN2_RX0_IRQHandler</a> from startup_stm32f427_437xx.o(.text) referenced from startup_stm32f427_437xx.o(RESET)
 <LI><a href="#[51]">CAN2_RX1_IRQHandler</a> from startup_stm32f427_437xx.o(.text) referenced from startup_stm32f427_437xx.o(RESET)
 <LI><a href="#[52]">CAN2_SCE_IRQHandler</a> from startup_stm32f427_437xx.o(.text) referenced from startup_stm32f427_437xx.o(RESET)
 <LI><a href="#[4f]">CAN2_TX_IRQHandler</a> from startup_stm32f427_437xx.o(.text) referenced from startup_stm32f427_437xx.o(RESET)
 <LI><a href="#[5f]">CRYP_IRQHandler</a> from startup_stm32f427_437xx.o(.text) referenced from startup_stm32f427_437xx.o(RESET)
 <LI><a href="#[5e]">DCMI_IRQHandler</a> from startup_stm32f427_437xx.o(.text) referenced from startup_stm32f427_437xx.o(RESET)
 <LI><a href="#[1b]">DMA1_Stream0_IRQHandler</a> from startup_stm32f427_437xx.o(.text) referenced from startup_stm32f427_437xx.o(RESET)
 <LI><a href="#[1c]">DMA1_Stream1_IRQHandler</a> from startup_stm32f427_437xx.o(.text) referenced from startup_stm32f427_437xx.o(RESET)
 <LI><a href="#[1d]">DMA1_Stream2_IRQHandler</a> from startup_stm32f427_437xx.o(.text) referenced from startup_stm32f427_437xx.o(RESET)
 <LI><a href="#[1e]">DMA1_Stream3_IRQHandler</a> from startup_stm32f427_437xx.o(.text) referenced from startup_stm32f427_437xx.o(RESET)
 <LI><a href="#[1f]">DMA1_Stream4_IRQHandler</a> from startup_stm32f427_437xx.o(.text) referenced from startup_stm32f427_437xx.o(RESET)
 <LI><a href="#[20]">DMA1_Stream5_IRQHandler</a> from startup_stm32f427_437xx.o(.text) referenced from startup_stm32f427_437xx.o(RESET)
 <LI><a href="#[21]">DMA1_Stream6_IRQHandler</a> from startup_stm32f427_437xx.o(.text) referenced from startup_stm32f427_437xx.o(RESET)
 <LI><a href="#[3f]">DMA1_Stream7_IRQHandler</a> from startup_stm32f427_437xx.o(.text) referenced from startup_stm32f427_437xx.o(RESET)
 <LI><a href="#[68]">DMA2D_IRQHandler</a> from startup_stm32f427_437xx.o(.text) referenced from startup_stm32f427_437xx.o(RESET)
 <LI><a href="#[48]">DMA2_Stream0_IRQHandler</a> from startup_stm32f427_437xx.o(.text) referenced from startup_stm32f427_437xx.o(RESET)
 <LI><a href="#[49]">DMA2_Stream1_IRQHandler</a> from startup_stm32f427_437xx.o(.text) referenced from startup_stm32f427_437xx.o(RESET)
 <LI><a href="#[4a]">DMA2_Stream2_IRQHandler</a> from startup_stm32f427_437xx.o(.text) referenced from startup_stm32f427_437xx.o(RESET)
 <LI><a href="#[4b]">DMA2_Stream3_IRQHandler</a> from startup_stm32f427_437xx.o(.text) referenced from startup_stm32f427_437xx.o(RESET)
 <LI><a href="#[4c]">DMA2_Stream4_IRQHandler</a> from startup_stm32f427_437xx.o(.text) referenced from startup_stm32f427_437xx.o(RESET)
 <LI><a href="#[54]">DMA2_Stream5_IRQHandler</a> from startup_stm32f427_437xx.o(.text) referenced from startup_stm32f427_437xx.o(RESET)
 <LI><a href="#[55]">DMA2_Stream6_IRQHandler</a> from startup_stm32f427_437xx.o(.text) referenced from startup_stm32f427_437xx.o(RESET)
 <LI><a href="#[56]">DMA2_Stream7_IRQHandler</a> from startup_stm32f427_437xx.o(.text) referenced from startup_stm32f427_437xx.o(RESET)
 <LI><a href="#[d]">DebugMon_Handler</a> from stm32f4xx_it.o(i.DebugMon_Handler) referenced from startup_stm32f427_437xx.o(RESET)
 <LI><a href="#[4d]">ETH_IRQHandler</a> from startup_stm32f427_437xx.o(.text) referenced from startup_stm32f427_437xx.o(RESET)
 <LI><a href="#[4e]">ETH_WKUP_IRQHandler</a> from startup_stm32f427_437xx.o(.text) referenced from startup_stm32f427_437xx.o(RESET)
 <LI><a href="#[16]">EXTI0_IRQHandler</a> from startup_stm32f427_437xx.o(.text) referenced from startup_stm32f427_437xx.o(RESET)
 <LI><a href="#[38]">EXTI15_10_IRQHandler</a> from startup_stm32f427_437xx.o(.text) referenced from startup_stm32f427_437xx.o(RESET)
 <LI><a href="#[17]">EXTI1_IRQHandler</a> from startup_stm32f427_437xx.o(.text) referenced from startup_stm32f427_437xx.o(RESET)
 <LI><a href="#[18]">EXTI2_IRQHandler</a> from startup_stm32f427_437xx.o(.text) referenced from startup_stm32f427_437xx.o(RESET)
 <LI><a href="#[19]">EXTI3_IRQHandler</a> from startup_stm32f427_437xx.o(.text) referenced from startup_stm32f427_437xx.o(RESET)
 <LI><a href="#[1a]">EXTI4_IRQHandler</a> from startup_stm32f427_437xx.o(.text) referenced from startup_stm32f427_437xx.o(RESET)
 <LI><a href="#[27]">EXTI9_5_IRQHandler</a> from startup_stm32f427_437xx.o(.text) referenced from startup_stm32f427_437xx.o(RESET)
 <LI><a href="#[14]">FLASH_IRQHandler</a> from startup_stm32f427_437xx.o(.text) referenced from startup_stm32f427_437xx.o(RESET)
 <LI><a href="#[40]">FMC_IRQHandler</a> from startup_stm32f427_437xx.o(.text) referenced from startup_stm32f427_437xx.o(RESET)
 <LI><a href="#[61]">FPU_IRQHandler</a> from startup_stm32f427_437xx.o(.text) referenced from startup_stm32f427_437xx.o(RESET)
 <LI><a href="#[60]">HASH_RNG_IRQHandler</a> from startup_stm32f427_437xx.o(.text) referenced from startup_stm32f427_437xx.o(RESET)
 <LI><a href="#[8]">HardFault_Handler</a> from stm32f4xx_it.o(i.HardFault_Handler) referenced from startup_stm32f427_437xx.o(RESET)
 <LI><a href="#[30]">I2C1_ER_IRQHandler</a> from startup_stm32f427_437xx.o(.text) referenced from startup_stm32f427_437xx.o(RESET)
 <LI><a href="#[2f]">I2C1_EV_IRQHandler</a> from startup_stm32f427_437xx.o(.text) referenced from startup_stm32f427_437xx.o(RESET)
 <LI><a href="#[32]">I2C2_ER_IRQHandler</a> from startup_stm32f427_437xx.o(.text) referenced from startup_stm32f427_437xx.o(RESET)
 <LI><a href="#[31]">I2C2_EV_IRQHandler</a> from startup_stm32f427_437xx.o(.text) referenced from startup_stm32f427_437xx.o(RESET)
 <LI><a href="#[59]">I2C3_ER_IRQHandler</a> from startup_stm32f427_437xx.o(.text) referenced from startup_stm32f427_437xx.o(RESET)
 <LI><a href="#[58]">I2C3_EV_IRQHandler</a> from startup_stm32f427_437xx.o(.text) referenced from startup_stm32f427_437xx.o(RESET)
 <LI><a href="#[9]">MemManage_Handler</a> from stm32f4xx_it.o(i.MemManage_Handler) referenced from startup_stm32f427_437xx.o(RESET)
 <LI><a href="#[7]">NMI_Handler</a> from stm32f4xx_it.o(i.NMI_Handler) referenced from startup_stm32f427_437xx.o(RESET)
 <LI><a href="#[53]">OTG_FS_IRQHandler</a> from startup_stm32f427_437xx.o(.text) referenced from startup_stm32f427_437xx.o(RESET)
 <LI><a href="#[3a]">OTG_FS_WKUP_IRQHandler</a> from startup_stm32f427_437xx.o(.text) referenced from startup_stm32f427_437xx.o(RESET)
 <LI><a href="#[5b]">OTG_HS_EP1_IN_IRQHandler</a> from startup_stm32f427_437xx.o(.text) referenced from startup_stm32f427_437xx.o(RESET)
 <LI><a href="#[5a]">OTG_HS_EP1_OUT_IRQHandler</a> from startup_stm32f427_437xx.o(.text) referenced from startup_stm32f427_437xx.o(RESET)
 <LI><a href="#[5d]">OTG_HS_IRQHandler</a> from startup_stm32f427_437xx.o(.text) referenced from startup_stm32f427_437xx.o(RESET)
 <LI><a href="#[5c]">OTG_HS_WKUP_IRQHandler</a> from startup_stm32f427_437xx.o(.text) referenced from startup_stm32f427_437xx.o(RESET)
 <LI><a href="#[11]">PVD_IRQHandler</a> from startup_stm32f427_437xx.o(.text) referenced from startup_stm32f427_437xx.o(RESET)
 <LI><a href="#[e]">PendSV_Handler</a> from startup_stm32f427_437xx.o(.text) referenced from startup_stm32f427_437xx.o(RESET)
 <LI><a href="#[15]">RCC_IRQHandler</a> from startup_stm32f427_437xx.o(.text) referenced from startup_stm32f427_437xx.o(RESET)
 <LI><a href="#[39]">RTC_Alarm_IRQHandler</a> from startup_stm32f427_437xx.o(.text) referenced from startup_stm32f427_437xx.o(RESET)
 <LI><a href="#[13]">RTC_WKUP_IRQHandler</a> from startup_stm32f427_437xx.o(.text) referenced from startup_stm32f427_437xx.o(RESET)
 <LI><a href="#[6]">Reset_Handler</a> from startup_stm32f427_437xx.o(.text) referenced from startup_stm32f427_437xx.o(RESET)
 <LI><a href="#[67]">SAI1_IRQHandler</a> from startup_stm32f427_437xx.o(.text) referenced from startup_stm32f427_437xx.o(RESET)
 <LI><a href="#[41]">SDIO_IRQHandler</a> from startup_stm32f427_437xx.o(.text) referenced from startup_stm32f427_437xx.o(RESET)
 <LI><a href="#[33]">SPI1_IRQHandler</a> from startup_stm32f427_437xx.o(.text) referenced from startup_stm32f427_437xx.o(RESET)
 <LI><a href="#[34]">SPI2_IRQHandler</a> from startup_stm32f427_437xx.o(.text) referenced from startup_stm32f427_437xx.o(RESET)
 <LI><a href="#[43]">SPI3_IRQHandler</a> from startup_stm32f427_437xx.o(.text) referenced from startup_stm32f427_437xx.o(RESET)
 <LI><a href="#[64]">SPI4_IRQHandler</a> from startup_stm32f427_437xx.o(.text) referenced from startup_stm32f427_437xx.o(RESET)
 <LI><a href="#[65]">SPI5_IRQHandler</a> from startup_stm32f427_437xx.o(.text) referenced from startup_stm32f427_437xx.o(RESET)
 <LI><a href="#[66]">SPI6_IRQHandler</a> from startup_stm32f427_437xx.o(.text) referenced from startup_stm32f427_437xx.o(RESET)
 <LI><a href="#[c]">SVC_Handler</a> from startup_stm32f427_437xx.o(.text) referenced from startup_stm32f427_437xx.o(RESET)
 <LI><a href="#[f]">SysTick_Handler</a> from startup_stm32f427_437xx.o(.text) referenced from startup_stm32f427_437xx.o(RESET)
 <LI><a href="#[6a]">SystemInit</a> from system_stm32f4xx.o(i.SystemInit) referenced from startup_stm32f427_437xx.o(.text)
 <LI><a href="#[12]">TAMP_STAMP_IRQHandler</a> from startup_stm32f427_437xx.o(.text) referenced from startup_stm32f427_437xx.o(RESET)
 <LI><a href="#[28]">TIM1_BRK_TIM9_IRQHandler</a> from startup_stm32f427_437xx.o(.text) referenced from startup_stm32f427_437xx.o(RESET)
 <LI><a href="#[2b]">TIM1_CC_IRQHandler</a> from startup_stm32f427_437xx.o(.text) referenced from startup_stm32f427_437xx.o(RESET)
 <LI><a href="#[2a]">TIM1_TRG_COM_TIM11_IRQHandler</a> from startup_stm32f427_437xx.o(.text) referenced from startup_stm32f427_437xx.o(RESET)
 <LI><a href="#[29]">TIM1_UP_TIM10_IRQHandler</a> from startup_stm32f427_437xx.o(.text) referenced from startup_stm32f427_437xx.o(RESET)
 <LI><a href="#[2c]">TIM2_IRQHandler</a> from startup_stm32f427_437xx.o(.text) referenced from startup_stm32f427_437xx.o(RESET)
 <LI><a href="#[2d]">TIM3_IRQHandler</a> from main.o(i.TIM3_IRQHandler) referenced from startup_stm32f427_437xx.o(RESET)
 <LI><a href="#[2e]">TIM4_IRQHandler</a> from startup_stm32f427_437xx.o(.text) referenced from startup_stm32f427_437xx.o(RESET)
 <LI><a href="#[42]">TIM5_IRQHandler</a> from startup_stm32f427_437xx.o(.text) referenced from startup_stm32f427_437xx.o(RESET)
 <LI><a href="#[46]">TIM6_DAC_IRQHandler</a> from startup_stm32f427_437xx.o(.text) referenced from startup_stm32f427_437xx.o(RESET)
 <LI><a href="#[47]">TIM7_IRQHandler</a> from startup_stm32f427_437xx.o(.text) referenced from startup_stm32f427_437xx.o(RESET)
 <LI><a href="#[3b]">TIM8_BRK_TIM12_IRQHandler</a> from startup_stm32f427_437xx.o(.text) referenced from startup_stm32f427_437xx.o(RESET)
 <LI><a href="#[3e]">TIM8_CC_IRQHandler</a> from startup_stm32f427_437xx.o(.text) referenced from startup_stm32f427_437xx.o(RESET)
 <LI><a href="#[3d]">TIM8_TRG_COM_TIM14_IRQHandler</a> from startup_stm32f427_437xx.o(.text) referenced from startup_stm32f427_437xx.o(RESET)
 <LI><a href="#[3c]">TIM8_UP_TIM13_IRQHandler</a> from startup_stm32f427_437xx.o(.text) referenced from startup_stm32f427_437xx.o(RESET)
 <LI><a href="#[44]">UART4_IRQHandler</a> from startup_stm32f427_437xx.o(.text) referenced from startup_stm32f427_437xx.o(RESET)
 <LI><a href="#[45]">UART5_IRQHandler</a> from uart5.o(i.UART5_IRQHandler) referenced from startup_stm32f427_437xx.o(RESET)
 <LI><a href="#[62]">UART7_IRQHandler</a> from stm32f4xx_it.o(i.UART7_IRQHandler) referenced from startup_stm32f427_437xx.o(RESET)
 <LI><a href="#[63]">UART8_IRQHandler</a> from startup_stm32f427_437xx.o(.text) referenced from startup_stm32f427_437xx.o(RESET)
 <LI><a href="#[35]">USART1_IRQHandler</a> from dji_remote.o(i.USART1_IRQHandler) referenced from startup_stm32f427_437xx.o(RESET)
 <LI><a href="#[36]">USART2_IRQHandler</a> from startup_stm32f427_437xx.o(.text) referenced from startup_stm32f427_437xx.o(RESET)
 <LI><a href="#[37]">USART3_IRQHandler</a> from startup_stm32f427_437xx.o(.text) referenced from startup_stm32f427_437xx.o(RESET)
 <LI><a href="#[57]">USART6_IRQHandler</a> from stm32f4xx_it.o(i.USART6_IRQHandler) referenced from startup_stm32f427_437xx.o(RESET)
 <LI><a href="#[b]">UsageFault_Handler</a> from stm32f4xx_it.o(i.UsageFault_Handler) referenced from startup_stm32f427_437xx.o(RESET)
 <LI><a href="#[10]">WWDG_IRQHandler</a> from startup_stm32f427_437xx.o(.text) referenced from startup_stm32f427_437xx.o(RESET)
 <LI><a href="#[6b]">__main</a> from entry.o(.ARM.Collect$$$$00000000) referenced from startup_stm32f427_437xx.o(.text)
 <LI><a href="#[6d]">_sbackspace</a> from _sgetc.o(.text) referenced from strtod.o(.text)
 <LI><a href="#[6c]">_sgetc</a> from _sgetc.o(.text) referenced from strtod.o(.text)
 <LI><a href="#[6f]">_snputc</a> from printfa.o(i._snputc) referenced from printfa.o(i.__0snprintf)
 <LI><a href="#[6f]">_snputc</a> from printfa.o(i._snputc) referenced from printfa.o(i.__0vsnprintf)
 <LI><a href="#[5]">free</a> from malloc.o(i.free) referenced 2 times from memory.o(.data)
 <LI><a href="#[6e]">isspace</a> from isspace_o.o(.text) referenced from strtod.o(.text)
 <LI><a href="#[69]">main</a> from main.o(i.main) referenced from entry9a.o(.ARM.Collect$$$$0000000B)
 <LI><a href="#[4]">malloc</a> from malloc.o(i.malloc) referenced 2 times from memory.o(.data)
 <LI><a href="#[70]">string_get</a> from load.o(i.string_get) referenced from load.o(i.json_loads)
</UL>
<P>
<H3>
Global Symbols
</H3>
<P><STRONG><a name="[6b]"></a>__main</STRONG> (Thumb, 0 bytes, Stack size unknown bytes, entry.o(.ARM.Collect$$$$00000000))
<BR>[Address Reference Count : 1]<UL><LI> startup_stm32f427_437xx.o(.text)
</UL>
<P><STRONG><a name="[186]"></a>_main_stk</STRONG> (Thumb, 0 bytes, Stack size unknown bytes, entry2.o(.ARM.Collect$$$$00000001))

<P><STRONG><a name="[71]"></a>_main_scatterload</STRONG> (Thumb, 0 bytes, Stack size unknown bytes, entry5.o(.ARM.Collect$$$$00000004))
<BR><BR>[Calls]<UL><LI><a href="#[72]">&gt;&gt;</a>&nbsp;&nbsp;&nbsp;__scatterload
</UL>

<P><STRONG><a name="[90]"></a>__main_after_scatterload</STRONG> (Thumb, 0 bytes, Stack size unknown bytes, entry5.o(.ARM.Collect$$$$00000004))
<BR><BR>[Called By]<UL><LI><a href="#[72]">&gt;&gt;</a>&nbsp;&nbsp;&nbsp;__scatterload
</UL>

<P><STRONG><a name="[187]"></a>_main_clock</STRONG> (Thumb, 0 bytes, Stack size unknown bytes, entry7b.o(.ARM.Collect$$$$00000008))

<P><STRONG><a name="[188]"></a>_main_cpp_init</STRONG> (Thumb, 0 bytes, Stack size unknown bytes, entry8b.o(.ARM.Collect$$$$0000000A))

<P><STRONG><a name="[189]"></a>_main_init</STRONG> (Thumb, 0 bytes, Stack size unknown bytes, entry9a.o(.ARM.Collect$$$$0000000B))

<P><STRONG><a name="[18a]"></a>__rt_final_cpp</STRONG> (Thumb, 0 bytes, Stack size unknown bytes, entry10a.o(.ARM.Collect$$$$0000000D))

<P><STRONG><a name="[18b]"></a>__rt_final_exit</STRONG> (Thumb, 0 bytes, Stack size unknown bytes, entry11a.o(.ARM.Collect$$$$0000000F))

<P><STRONG><a name="[6]"></a>Reset_Handler</STRONG> (Thumb, 8 bytes, Stack size 0 bytes, startup_stm32f427_437xx.o(.text))
<BR>[Address Reference Count : 1]<UL><LI> startup_stm32f427_437xx.o(RESET)
</UL>
<P><STRONG><a name="[c]"></a>SVC_Handler</STRONG> (Thumb, 2 bytes, Stack size 0 bytes, startup_stm32f427_437xx.o(.text))
<BR><BR>[Calls]<UL><LI><a href="#[c]">&gt;&gt;</a>&nbsp;&nbsp;&nbsp;SVC_Handler
</UL>
<BR>[Called By]<UL><LI><a href="#[c]">&gt;&gt;</a>&nbsp;&nbsp;&nbsp;SVC_Handler
</UL>
<BR>[Address Reference Count : 1]<UL><LI> startup_stm32f427_437xx.o(RESET)
</UL>
<P><STRONG><a name="[e]"></a>PendSV_Handler</STRONG> (Thumb, 2 bytes, Stack size 0 bytes, startup_stm32f427_437xx.o(.text))
<BR><BR>[Calls]<UL><LI><a href="#[e]">&gt;&gt;</a>&nbsp;&nbsp;&nbsp;PendSV_Handler
</UL>
<BR>[Called By]<UL><LI><a href="#[e]">&gt;&gt;</a>&nbsp;&nbsp;&nbsp;PendSV_Handler
</UL>
<BR>[Address Reference Count : 1]<UL><LI> startup_stm32f427_437xx.o(RESET)
</UL>
<P><STRONG><a name="[f]"></a>SysTick_Handler</STRONG> (Thumb, 2 bytes, Stack size 0 bytes, startup_stm32f427_437xx.o(.text))
<BR><BR>[Calls]<UL><LI><a href="#[f]">&gt;&gt;</a>&nbsp;&nbsp;&nbsp;SysTick_Handler
</UL>
<BR>[Called By]<UL><LI><a href="#[f]">&gt;&gt;</a>&nbsp;&nbsp;&nbsp;SysTick_Handler
</UL>
<BR>[Address Reference Count : 1]<UL><LI> startup_stm32f427_437xx.o(RESET)
</UL>
<P><STRONG><a name="[22]"></a>ADC_IRQHandler</STRONG> (Thumb, 0 bytes, Stack size 0 bytes, startup_stm32f427_437xx.o(.text))
<BR><BR>[Calls]<UL><LI><a href="#[22]">&gt;&gt;</a>&nbsp;&nbsp;&nbsp;ADC_IRQHandler
</UL>
<BR>[Called By]<UL><LI><a href="#[22]">&gt;&gt;</a>&nbsp;&nbsp;&nbsp;ADC_IRQHandler
</UL>
<BR>[Address Reference Count : 1]<UL><LI> startup_stm32f427_437xx.o(RESET)
</UL>
<P><STRONG><a name="[25]"></a>CAN1_RX1_IRQHandler</STRONG> (Thumb, 0 bytes, Stack size 0 bytes, startup_stm32f427_437xx.o(.text))
<BR>[Address Reference Count : 1]<UL><LI> startup_stm32f427_437xx.o(RESET)
</UL>
<P><STRONG><a name="[26]"></a>CAN1_SCE_IRQHandler</STRONG> (Thumb, 0 bytes, Stack size 0 bytes, startup_stm32f427_437xx.o(.text))
<BR>[Address Reference Count : 1]<UL><LI> startup_stm32f427_437xx.o(RESET)
</UL>
<P><STRONG><a name="[23]"></a>CAN1_TX_IRQHandler</STRONG> (Thumb, 0 bytes, Stack size 0 bytes, startup_stm32f427_437xx.o(.text))
<BR>[Address Reference Count : 1]<UL><LI> startup_stm32f427_437xx.o(RESET)
</UL>
<P><STRONG><a name="[50]"></a>CAN2_RX0_IRQHandler</STRONG> (Thumb, 0 bytes, Stack size 0 bytes, startup_stm32f427_437xx.o(.text))
<BR>[Address Reference Count : 1]<UL><LI> startup_stm32f427_437xx.o(RESET)
</UL>
<P><STRONG><a name="[51]"></a>CAN2_RX1_IRQHandler</STRONG> (Thumb, 0 bytes, Stack size 0 bytes, startup_stm32f427_437xx.o(.text))
<BR>[Address Reference Count : 1]<UL><LI> startup_stm32f427_437xx.o(RESET)
</UL>
<P><STRONG><a name="[52]"></a>CAN2_SCE_IRQHandler</STRONG> (Thumb, 0 bytes, Stack size 0 bytes, startup_stm32f427_437xx.o(.text))
<BR>[Address Reference Count : 1]<UL><LI> startup_stm32f427_437xx.o(RESET)
</UL>
<P><STRONG><a name="[4f]"></a>CAN2_TX_IRQHandler</STRONG> (Thumb, 0 bytes, Stack size 0 bytes, startup_stm32f427_437xx.o(.text))
<BR>[Address Reference Count : 1]<UL><LI> startup_stm32f427_437xx.o(RESET)
</UL>
<P><STRONG><a name="[5f]"></a>CRYP_IRQHandler</STRONG> (Thumb, 0 bytes, Stack size 0 bytes, startup_stm32f427_437xx.o(.text))
<BR>[Address Reference Count : 1]<UL><LI> startup_stm32f427_437xx.o(RESET)
</UL>
<P><STRONG><a name="[5e]"></a>DCMI_IRQHandler</STRONG> (Thumb, 0 bytes, Stack size 0 bytes, startup_stm32f427_437xx.o(.text))
<BR>[Address Reference Count : 1]<UL><LI> startup_stm32f427_437xx.o(RESET)
</UL>
<P><STRONG><a name="[1b]"></a>DMA1_Stream0_IRQHandler</STRONG> (Thumb, 0 bytes, Stack size 0 bytes, startup_stm32f427_437xx.o(.text))
<BR>[Address Reference Count : 1]<UL><LI> startup_stm32f427_437xx.o(RESET)
</UL>
<P><STRONG><a name="[1c]"></a>DMA1_Stream1_IRQHandler</STRONG> (Thumb, 0 bytes, Stack size 0 bytes, startup_stm32f427_437xx.o(.text))
<BR>[Address Reference Count : 1]<UL><LI> startup_stm32f427_437xx.o(RESET)
</UL>
<P><STRONG><a name="[1d]"></a>DMA1_Stream2_IRQHandler</STRONG> (Thumb, 0 bytes, Stack size 0 bytes, startup_stm32f427_437xx.o(.text))
<BR>[Address Reference Count : 1]<UL><LI> startup_stm32f427_437xx.o(RESET)
</UL>
<P><STRONG><a name="[1e]"></a>DMA1_Stream3_IRQHandler</STRONG> (Thumb, 0 bytes, Stack size 0 bytes, startup_stm32f427_437xx.o(.text))
<BR>[Address Reference Count : 1]<UL><LI> startup_stm32f427_437xx.o(RESET)
</UL>
<P><STRONG><a name="[1f]"></a>DMA1_Stream4_IRQHandler</STRONG> (Thumb, 0 bytes, Stack size 0 bytes, startup_stm32f427_437xx.o(.text))
<BR>[Address Reference Count : 1]<UL><LI> startup_stm32f427_437xx.o(RESET)
</UL>
<P><STRONG><a name="[20]"></a>DMA1_Stream5_IRQHandler</STRONG> (Thumb, 0 bytes, Stack size 0 bytes, startup_stm32f427_437xx.o(.text))
<BR>[Address Reference Count : 1]<UL><LI> startup_stm32f427_437xx.o(RESET)
</UL>
<P><STRONG><a name="[21]"></a>DMA1_Stream6_IRQHandler</STRONG> (Thumb, 0 bytes, Stack size 0 bytes, startup_stm32f427_437xx.o(.text))
<BR>[Address Reference Count : 1]<UL><LI> startup_stm32f427_437xx.o(RESET)
</UL>
<P><STRONG><a name="[3f]"></a>DMA1_Stream7_IRQHandler</STRONG> (Thumb, 0 bytes, Stack size 0 bytes, startup_stm32f427_437xx.o(.text))
<BR>[Address Reference Count : 1]<UL><LI> startup_stm32f427_437xx.o(RESET)
</UL>
<P><STRONG><a name="[68]"></a>DMA2D_IRQHandler</STRONG> (Thumb, 0 bytes, Stack size 0 bytes, startup_stm32f427_437xx.o(.text))
<BR>[Address Reference Count : 1]<UL><LI> startup_stm32f427_437xx.o(RESET)
</UL>
<P><STRONG><a name="[48]"></a>DMA2_Stream0_IRQHandler</STRONG> (Thumb, 0 bytes, Stack size 0 bytes, startup_stm32f427_437xx.o(.text))
<BR>[Address Reference Count : 1]<UL><LI> startup_stm32f427_437xx.o(RESET)
</UL>
<P><STRONG><a name="[49]"></a>DMA2_Stream1_IRQHandler</STRONG> (Thumb, 0 bytes, Stack size 0 bytes, startup_stm32f427_437xx.o(.text))
<BR>[Address Reference Count : 1]<UL><LI> startup_stm32f427_437xx.o(RESET)
</UL>
<P><STRONG><a name="[4a]"></a>DMA2_Stream2_IRQHandler</STRONG> (Thumb, 0 bytes, Stack size 0 bytes, startup_stm32f427_437xx.o(.text))
<BR>[Address Reference Count : 1]<UL><LI> startup_stm32f427_437xx.o(RESET)
</UL>
<P><STRONG><a name="[4b]"></a>DMA2_Stream3_IRQHandler</STRONG> (Thumb, 0 bytes, Stack size 0 bytes, startup_stm32f427_437xx.o(.text))
<BR>[Address Reference Count : 1]<UL><LI> startup_stm32f427_437xx.o(RESET)
</UL>
<P><STRONG><a name="[4c]"></a>DMA2_Stream4_IRQHandler</STRONG> (Thumb, 0 bytes, Stack size 0 bytes, startup_stm32f427_437xx.o(.text))
<BR>[Address Reference Count : 1]<UL><LI> startup_stm32f427_437xx.o(RESET)
</UL>
<P><STRONG><a name="[54]"></a>DMA2_Stream5_IRQHandler</STRONG> (Thumb, 0 bytes, Stack size 0 bytes, startup_stm32f427_437xx.o(.text))
<BR>[Address Reference Count : 1]<UL><LI> startup_stm32f427_437xx.o(RESET)
</UL>
<P><STRONG><a name="[55]"></a>DMA2_Stream6_IRQHandler</STRONG> (Thumb, 0 bytes, Stack size 0 bytes, startup_stm32f427_437xx.o(.text))
<BR>[Address Reference Count : 1]<UL><LI> startup_stm32f427_437xx.o(RESET)
</UL>
<P><STRONG><a name="[56]"></a>DMA2_Stream7_IRQHandler</STRONG> (Thumb, 0 bytes, Stack size 0 bytes, startup_stm32f427_437xx.o(.text))
<BR>[Address Reference Count : 1]<UL><LI> startup_stm32f427_437xx.o(RESET)
</UL>
<P><STRONG><a name="[4d]"></a>ETH_IRQHandler</STRONG> (Thumb, 0 bytes, Stack size 0 bytes, startup_stm32f427_437xx.o(.text))
<BR>[Address Reference Count : 1]<UL><LI> startup_stm32f427_437xx.o(RESET)
</UL>
<P><STRONG><a name="[4e]"></a>ETH_WKUP_IRQHandler</STRONG> (Thumb, 0 bytes, Stack size 0 bytes, startup_stm32f427_437xx.o(.text))
<BR>[Address Reference Count : 1]<UL><LI> startup_stm32f427_437xx.o(RESET)
</UL>
<P><STRONG><a name="[16]"></a>EXTI0_IRQHandler</STRONG> (Thumb, 0 bytes, Stack size 0 bytes, startup_stm32f427_437xx.o(.text))
<BR>[Address Reference Count : 1]<UL><LI> startup_stm32f427_437xx.o(RESET)
</UL>
<P><STRONG><a name="[38]"></a>EXTI15_10_IRQHandler</STRONG> (Thumb, 0 bytes, Stack size 0 bytes, startup_stm32f427_437xx.o(.text))
<BR>[Address Reference Count : 1]<UL><LI> startup_stm32f427_437xx.o(RESET)
</UL>
<P><STRONG><a name="[17]"></a>EXTI1_IRQHandler</STRONG> (Thumb, 0 bytes, Stack size 0 bytes, startup_stm32f427_437xx.o(.text))
<BR>[Address Reference Count : 1]<UL><LI> startup_stm32f427_437xx.o(RESET)
</UL>
<P><STRONG><a name="[18]"></a>EXTI2_IRQHandler</STRONG> (Thumb, 0 bytes, Stack size 0 bytes, startup_stm32f427_437xx.o(.text))
<BR>[Address Reference Count : 1]<UL><LI> startup_stm32f427_437xx.o(RESET)
</UL>
<P><STRONG><a name="[19]"></a>EXTI3_IRQHandler</STRONG> (Thumb, 0 bytes, Stack size 0 bytes, startup_stm32f427_437xx.o(.text))
<BR>[Address Reference Count : 1]<UL><LI> startup_stm32f427_437xx.o(RESET)
</UL>
<P><STRONG><a name="[1a]"></a>EXTI4_IRQHandler</STRONG> (Thumb, 0 bytes, Stack size 0 bytes, startup_stm32f427_437xx.o(.text))
<BR>[Address Reference Count : 1]<UL><LI> startup_stm32f427_437xx.o(RESET)
</UL>
<P><STRONG><a name="[27]"></a>EXTI9_5_IRQHandler</STRONG> (Thumb, 0 bytes, Stack size 0 bytes, startup_stm32f427_437xx.o(.text))
<BR>[Address Reference Count : 1]<UL><LI> startup_stm32f427_437xx.o(RESET)
</UL>
<P><STRONG><a name="[14]"></a>FLASH_IRQHandler</STRONG> (Thumb, 0 bytes, Stack size 0 bytes, startup_stm32f427_437xx.o(.text))
<BR>[Address Reference Count : 1]<UL><LI> startup_stm32f427_437xx.o(RESET)
</UL>
<P><STRONG><a name="[40]"></a>FMC_IRQHandler</STRONG> (Thumb, 0 bytes, Stack size 0 bytes, startup_stm32f427_437xx.o(.text))
<BR>[Address Reference Count : 1]<UL><LI> startup_stm32f427_437xx.o(RESET)
</UL>
<P><STRONG><a name="[61]"></a>FPU_IRQHandler</STRONG> (Thumb, 0 bytes, Stack size 0 bytes, startup_stm32f427_437xx.o(.text))
<BR>[Address Reference Count : 1]<UL><LI> startup_stm32f427_437xx.o(RESET)
</UL>
<P><STRONG><a name="[60]"></a>HASH_RNG_IRQHandler</STRONG> (Thumb, 0 bytes, Stack size 0 bytes, startup_stm32f427_437xx.o(.text))
<BR>[Address Reference Count : 1]<UL><LI> startup_stm32f427_437xx.o(RESET)
</UL>
<P><STRONG><a name="[30]"></a>I2C1_ER_IRQHandler</STRONG> (Thumb, 0 bytes, Stack size 0 bytes, startup_stm32f427_437xx.o(.text))
<BR>[Address Reference Count : 1]<UL><LI> startup_stm32f427_437xx.o(RESET)
</UL>
<P><STRONG><a name="[2f]"></a>I2C1_EV_IRQHandler</STRONG> (Thumb, 0 bytes, Stack size 0 bytes, startup_stm32f427_437xx.o(.text))
<BR>[Address Reference Count : 1]<UL><LI> startup_stm32f427_437xx.o(RESET)
</UL>
<P><STRONG><a name="[32]"></a>I2C2_ER_IRQHandler</STRONG> (Thumb, 0 bytes, Stack size 0 bytes, startup_stm32f427_437xx.o(.text))
<BR>[Address Reference Count : 1]<UL><LI> startup_stm32f427_437xx.o(RESET)
</UL>
<P><STRONG><a name="[31]"></a>I2C2_EV_IRQHandler</STRONG> (Thumb, 0 bytes, Stack size 0 bytes, startup_stm32f427_437xx.o(.text))
<BR>[Address Reference Count : 1]<UL><LI> startup_stm32f427_437xx.o(RESET)
</UL>
<P><STRONG><a name="[59]"></a>I2C3_ER_IRQHandler</STRONG> (Thumb, 0 bytes, Stack size 0 bytes, startup_stm32f427_437xx.o(.text))
<BR>[Address Reference Count : 1]<UL><LI> startup_stm32f427_437xx.o(RESET)
</UL>
<P><STRONG><a name="[58]"></a>I2C3_EV_IRQHandler</STRONG> (Thumb, 0 bytes, Stack size 0 bytes, startup_stm32f427_437xx.o(.text))
<BR>[Address Reference Count : 1]<UL><LI> startup_stm32f427_437xx.o(RESET)
</UL>
<P><STRONG><a name="[53]"></a>OTG_FS_IRQHandler</STRONG> (Thumb, 0 bytes, Stack size 0 bytes, startup_stm32f427_437xx.o(.text))
<BR>[Address Reference Count : 1]<UL><LI> startup_stm32f427_437xx.o(RESET)
</UL>
<P><STRONG><a name="[3a]"></a>OTG_FS_WKUP_IRQHandler</STRONG> (Thumb, 0 bytes, Stack size 0 bytes, startup_stm32f427_437xx.o(.text))
<BR>[Address Reference Count : 1]<UL><LI> startup_stm32f427_437xx.o(RESET)
</UL>
<P><STRONG><a name="[5b]"></a>OTG_HS_EP1_IN_IRQHandler</STRONG> (Thumb, 0 bytes, Stack size 0 bytes, startup_stm32f427_437xx.o(.text))
<BR>[Address Reference Count : 1]<UL><LI> startup_stm32f427_437xx.o(RESET)
</UL>
<P><STRONG><a name="[5a]"></a>OTG_HS_EP1_OUT_IRQHandler</STRONG> (Thumb, 0 bytes, Stack size 0 bytes, startup_stm32f427_437xx.o(.text))
<BR>[Address Reference Count : 1]<UL><LI> startup_stm32f427_437xx.o(RESET)
</UL>
<P><STRONG><a name="[5d]"></a>OTG_HS_IRQHandler</STRONG> (Thumb, 0 bytes, Stack size 0 bytes, startup_stm32f427_437xx.o(.text))
<BR>[Address Reference Count : 1]<UL><LI> startup_stm32f427_437xx.o(RESET)
</UL>
<P><STRONG><a name="[5c]"></a>OTG_HS_WKUP_IRQHandler</STRONG> (Thumb, 0 bytes, Stack size 0 bytes, startup_stm32f427_437xx.o(.text))
<BR>[Address Reference Count : 1]<UL><LI> startup_stm32f427_437xx.o(RESET)
</UL>
<P><STRONG><a name="[11]"></a>PVD_IRQHandler</STRONG> (Thumb, 0 bytes, Stack size 0 bytes, startup_stm32f427_437xx.o(.text))
<BR>[Address Reference Count : 1]<UL><LI> startup_stm32f427_437xx.o(RESET)
</UL>
<P><STRONG><a name="[15]"></a>RCC_IRQHandler</STRONG> (Thumb, 0 bytes, Stack size 0 bytes, startup_stm32f427_437xx.o(.text))
<BR>[Address Reference Count : 1]<UL><LI> startup_stm32f427_437xx.o(RESET)
</UL>
<P><STRONG><a name="[39]"></a>RTC_Alarm_IRQHandler</STRONG> (Thumb, 0 bytes, Stack size 0 bytes, startup_stm32f427_437xx.o(.text))
<BR>[Address Reference Count : 1]<UL><LI> startup_stm32f427_437xx.o(RESET)
</UL>
<P><STRONG><a name="[13]"></a>RTC_WKUP_IRQHandler</STRONG> (Thumb, 0 bytes, Stack size 0 bytes, startup_stm32f427_437xx.o(.text))
<BR>[Address Reference Count : 1]<UL><LI> startup_stm32f427_437xx.o(RESET)
</UL>
<P><STRONG><a name="[67]"></a>SAI1_IRQHandler</STRONG> (Thumb, 0 bytes, Stack size 0 bytes, startup_stm32f427_437xx.o(.text))
<BR>[Address Reference Count : 1]<UL><LI> startup_stm32f427_437xx.o(RESET)
</UL>
<P><STRONG><a name="[41]"></a>SDIO_IRQHandler</STRONG> (Thumb, 0 bytes, Stack size 0 bytes, startup_stm32f427_437xx.o(.text))
<BR>[Address Reference Count : 1]<UL><LI> startup_stm32f427_437xx.o(RESET)
</UL>
<P><STRONG><a name="[33]"></a>SPI1_IRQHandler</STRONG> (Thumb, 0 bytes, Stack size 0 bytes, startup_stm32f427_437xx.o(.text))
<BR>[Address Reference Count : 1]<UL><LI> startup_stm32f427_437xx.o(RESET)
</UL>
<P><STRONG><a name="[34]"></a>SPI2_IRQHandler</STRONG> (Thumb, 0 bytes, Stack size 0 bytes, startup_stm32f427_437xx.o(.text))
<BR>[Address Reference Count : 1]<UL><LI> startup_stm32f427_437xx.o(RESET)
</UL>
<P><STRONG><a name="[43]"></a>SPI3_IRQHandler</STRONG> (Thumb, 0 bytes, Stack size 0 bytes, startup_stm32f427_437xx.o(.text))
<BR>[Address Reference Count : 1]<UL><LI> startup_stm32f427_437xx.o(RESET)
</UL>
<P><STRONG><a name="[64]"></a>SPI4_IRQHandler</STRONG> (Thumb, 0 bytes, Stack size 0 bytes, startup_stm32f427_437xx.o(.text))
<BR>[Address Reference Count : 1]<UL><LI> startup_stm32f427_437xx.o(RESET)
</UL>
<P><STRONG><a name="[65]"></a>SPI5_IRQHandler</STRONG> (Thumb, 0 bytes, Stack size 0 bytes, startup_stm32f427_437xx.o(.text))
<BR>[Address Reference Count : 1]<UL><LI> startup_stm32f427_437xx.o(RESET)
</UL>
<P><STRONG><a name="[66]"></a>SPI6_IRQHandler</STRONG> (Thumb, 0 bytes, Stack size 0 bytes, startup_stm32f427_437xx.o(.text))
<BR>[Address Reference Count : 1]<UL><LI> startup_stm32f427_437xx.o(RESET)
</UL>
<P><STRONG><a name="[12]"></a>TAMP_STAMP_IRQHandler</STRONG> (Thumb, 0 bytes, Stack size 0 bytes, startup_stm32f427_437xx.o(.text))
<BR>[Address Reference Count : 1]<UL><LI> startup_stm32f427_437xx.o(RESET)
</UL>
<P><STRONG><a name="[28]"></a>TIM1_BRK_TIM9_IRQHandler</STRONG> (Thumb, 0 bytes, Stack size 0 bytes, startup_stm32f427_437xx.o(.text))
<BR>[Address Reference Count : 1]<UL><LI> startup_stm32f427_437xx.o(RESET)
</UL>
<P><STRONG><a name="[2b]"></a>TIM1_CC_IRQHandler</STRONG> (Thumb, 0 bytes, Stack size 0 bytes, startup_stm32f427_437xx.o(.text))
<BR>[Address Reference Count : 1]<UL><LI> startup_stm32f427_437xx.o(RESET)
</UL>
<P><STRONG><a name="[2a]"></a>TIM1_TRG_COM_TIM11_IRQHandler</STRONG> (Thumb, 0 bytes, Stack size 0 bytes, startup_stm32f427_437xx.o(.text))
<BR>[Address Reference Count : 1]<UL><LI> startup_stm32f427_437xx.o(RESET)
</UL>
<P><STRONG><a name="[29]"></a>TIM1_UP_TIM10_IRQHandler</STRONG> (Thumb, 0 bytes, Stack size 0 bytes, startup_stm32f427_437xx.o(.text))
<BR>[Address Reference Count : 1]<UL><LI> startup_stm32f427_437xx.o(RESET)
</UL>
<P><STRONG><a name="[2c]"></a>TIM2_IRQHandler</STRONG> (Thumb, 0 bytes, Stack size 0 bytes, startup_stm32f427_437xx.o(.text))
<BR>[Address Reference Count : 1]<UL><LI> startup_stm32f427_437xx.o(RESET)
</UL>
<P><STRONG><a name="[2e]"></a>TIM4_IRQHandler</STRONG> (Thumb, 0 bytes, Stack size 0 bytes, startup_stm32f427_437xx.o(.text))
<BR>[Address Reference Count : 1]<UL><LI> startup_stm32f427_437xx.o(RESET)
</UL>
<P><STRONG><a name="[42]"></a>TIM5_IRQHandler</STRONG> (Thumb, 0 bytes, Stack size 0 bytes, startup_stm32f427_437xx.o(.text))
<BR>[Address Reference Count : 1]<UL><LI> startup_stm32f427_437xx.o(RESET)
</UL>
<P><STRONG><a name="[46]"></a>TIM6_DAC_IRQHandler</STRONG> (Thumb, 0 bytes, Stack size 0 bytes, startup_stm32f427_437xx.o(.text))
<BR>[Address Reference Count : 1]<UL><LI> startup_stm32f427_437xx.o(RESET)
</UL>
<P><STRONG><a name="[47]"></a>TIM7_IRQHandler</STRONG> (Thumb, 0 bytes, Stack size 0 bytes, startup_stm32f427_437xx.o(.text))
<BR>[Address Reference Count : 1]<UL><LI> startup_stm32f427_437xx.o(RESET)
</UL>
<P><STRONG><a name="[3b]"></a>TIM8_BRK_TIM12_IRQHandler</STRONG> (Thumb, 0 bytes, Stack size 0 bytes, startup_stm32f427_437xx.o(.text))
<BR>[Address Reference Count : 1]<UL><LI> startup_stm32f427_437xx.o(RESET)
</UL>
<P><STRONG><a name="[3e]"></a>TIM8_CC_IRQHandler</STRONG> (Thumb, 0 bytes, Stack size 0 bytes, startup_stm32f427_437xx.o(.text))
<BR>[Address Reference Count : 1]<UL><LI> startup_stm32f427_437xx.o(RESET)
</UL>
<P><STRONG><a name="[3d]"></a>TIM8_TRG_COM_TIM14_IRQHandler</STRONG> (Thumb, 0 bytes, Stack size 0 bytes, startup_stm32f427_437xx.o(.text))
<BR>[Address Reference Count : 1]<UL><LI> startup_stm32f427_437xx.o(RESET)
</UL>
<P><STRONG><a name="[3c]"></a>TIM8_UP_TIM13_IRQHandler</STRONG> (Thumb, 0 bytes, Stack size 0 bytes, startup_stm32f427_437xx.o(.text))
<BR>[Address Reference Count : 1]<UL><LI> startup_stm32f427_437xx.o(RESET)
</UL>
<P><STRONG><a name="[44]"></a>UART4_IRQHandler</STRONG> (Thumb, 0 bytes, Stack size 0 bytes, startup_stm32f427_437xx.o(.text))
<BR>[Address Reference Count : 1]<UL><LI> startup_stm32f427_437xx.o(RESET)
</UL>
<P><STRONG><a name="[63]"></a>UART8_IRQHandler</STRONG> (Thumb, 0 bytes, Stack size 0 bytes, startup_stm32f427_437xx.o(.text))
<BR>[Address Reference Count : 1]<UL><LI> startup_stm32f427_437xx.o(RESET)
</UL>
<P><STRONG><a name="[36]"></a>USART2_IRQHandler</STRONG> (Thumb, 0 bytes, Stack size 0 bytes, startup_stm32f427_437xx.o(.text))
<BR>[Address Reference Count : 1]<UL><LI> startup_stm32f427_437xx.o(RESET)
</UL>
<P><STRONG><a name="[37]"></a>USART3_IRQHandler</STRONG> (Thumb, 0 bytes, Stack size 0 bytes, startup_stm32f427_437xx.o(.text))
<BR>[Address Reference Count : 1]<UL><LI> startup_stm32f427_437xx.o(RESET)
</UL>
<P><STRONG><a name="[10]"></a>WWDG_IRQHandler</STRONG> (Thumb, 0 bytes, Stack size 0 bytes, startup_stm32f427_437xx.o(.text))
<BR>[Address Reference Count : 1]<UL><LI> startup_stm32f427_437xx.o(RESET)
</UL>
<P><STRONG><a name="[18c]"></a>__aeabi_uidiv</STRONG> (Thumb, 0 bytes, Stack size 12 bytes, uidiv.o(.text), UNUSED)

<P><STRONG><a name="[121]"></a>__aeabi_uidivmod</STRONG> (Thumb, 44 bytes, Stack size 12 bytes, uidiv.o(.text))
<BR><BR>[Stack]<UL><LI>Max Depth = 12<LI>Call Chain = __aeabi_uidivmod
</UL>
<BR>[Called By]<UL><LI><a href="#[138]">&gt;&gt;</a>&nbsp;&nbsp;&nbsp;hashtable_do_rehash
<LI><a href="#[10c]">&gt;&gt;</a>&nbsp;&nbsp;&nbsp;_printf_core
</UL>

<P><STRONG><a name="[18d]"></a>___aeabi_memcpy8$move</STRONG> (Thumb, 0 bytes, Stack size 8 bytes, memmovea.o(.text), UNUSED)

<P><STRONG><a name="[15d]"></a>__aeabi_memcpy</STRONG> (Thumb, 64 bytes, Stack size 8 bytes, memmovea.o(.text))
<BR><BR>[Stack]<UL><LI>Max Depth = 8<LI>Call Chain = __aeabi_memcpy
</UL>
<BR>[Called By]<UL><LI><a href="#[181]">&gt;&gt;</a>&nbsp;&nbsp;&nbsp;strbuffer_append_bytes
<LI><a href="#[15c]">&gt;&gt;</a>&nbsp;&nbsp;&nbsp;jsonp_strndup
</UL>

<P><STRONG><a name="[124]"></a>__aeabi_memcpy4</STRONG> (Thumb, 0 bytes, Stack size 8 bytes, memmovea.o(.text))
<BR><BR>[Stack]<UL><LI>Max Depth = 8<LI>Call Chain = __aeabi_memcpy4
</UL>
<BR>[Called By]<UL><LI><a href="#[123]">&gt;&gt;</a>&nbsp;&nbsp;&nbsp;array_copy
</UL>

<P><STRONG><a name="[18e]"></a>__aeabi_memmove</STRONG> (Thumb, 0 bytes, Stack size 8 bytes, memmovea.o(.text), UNUSED)

<P><STRONG><a name="[18f]"></a>__aeabi_memmove4</STRONG> (Thumb, 0 bytes, Stack size 8 bytes, memmovea.o(.text), UNUSED)

<P><STRONG><a name="[190]"></a>__aeabi_memmove8</STRONG> (Thumb, 0 bytes, Stack size 8 bytes, memmovea.o(.text), UNUSED)

<P><STRONG><a name="[74]"></a>__aeabi_memset</STRONG> (Thumb, 14 bytes, Stack size 0 bytes, memseta.o(.text))
<BR><BR>[Called By]<UL><LI><a href="#[75]">&gt;&gt;</a>&nbsp;&nbsp;&nbsp;_memset$wrapper
<LI><a href="#[73]">&gt;&gt;</a>&nbsp;&nbsp;&nbsp;__aeabi_memclr
</UL>

<P><STRONG><a name="[191]"></a>__aeabi_memset4</STRONG> (Thumb, 0 bytes, Stack size 0 bytes, memseta.o(.text), UNUSED)

<P><STRONG><a name="[192]"></a>__aeabi_memset8</STRONG> (Thumb, 0 bytes, Stack size 0 bytes, memseta.o(.text), UNUSED)

<P><STRONG><a name="[73]"></a>__aeabi_memclr</STRONG> (Thumb, 4 bytes, Stack size 0 bytes, memseta.o(.text))
<BR><BR>[Calls]<UL><LI><a href="#[74]">&gt;&gt;</a>&nbsp;&nbsp;&nbsp;__aeabi_memset
</UL>
<BR>[Called By]<UL><LI><a href="#[62]">&gt;&gt;</a>&nbsp;&nbsp;&nbsp;UART7_IRQHandler
</UL>

<P><STRONG><a name="[102]"></a>__aeabi_memclr4</STRONG> (Thumb, 0 bytes, Stack size 0 bytes, memseta.o(.text))
<BR><BR>[Called By]<UL><LI><a href="#[45]">&gt;&gt;</a>&nbsp;&nbsp;&nbsp;UART5_IRQHandler
</UL>

<P><STRONG><a name="[193]"></a>__aeabi_memclr8</STRONG> (Thumb, 0 bytes, Stack size 0 bytes, memseta.o(.text), UNUSED)

<P><STRONG><a name="[75]"></a>_memset$wrapper</STRONG> (Thumb, 18 bytes, Stack size 8 bytes, memseta.o(.text), UNUSED)
<BR><BR>[Calls]<UL><LI><a href="#[74]">&gt;&gt;</a>&nbsp;&nbsp;&nbsp;__aeabi_memset
</UL>

<P><STRONG><a name="[13f]"></a>strlen</STRONG> (Thumb, 14 bytes, Stack size 0 bytes, strlen.o(.text))
<BR><BR>[Called By]<UL><LI><a href="#[158]">&gt;&gt;</a>&nbsp;&nbsp;&nbsp;jsonp_error_set_source
<LI><a href="#[141]">&gt;&gt;</a>&nbsp;&nbsp;&nbsp;hashtable_set
<LI><a href="#[13e]">&gt;&gt;</a>&nbsp;&nbsp;&nbsp;hashtable_get
</UL>

<P><STRONG><a name="[13d]"></a>strcmp</STRONG> (Thumb, 28 bytes, Stack size 8 bytes, strcmp.o(.text))
<BR><BR>[Stack]<UL><LI>Max Depth = 8<LI>Call Chain = strcmp
</UL>
<BR>[Called By]<UL><LI><a href="#[169]">&gt;&gt;</a>&nbsp;&nbsp;&nbsp;lex_scan
<LI><a href="#[13b]">&gt;&gt;</a>&nbsp;&nbsp;&nbsp;hashtable_find_pair
</UL>

<P><STRONG><a name="[177]"></a>memchr</STRONG> (Thumb, 20 bytes, Stack size 0 bytes, memchr.o(.text))
<BR><BR>[Called By]<UL><LI><a href="#[174]">&gt;&gt;</a>&nbsp;&nbsp;&nbsp;parse_value
<LI><a href="#[176]">&gt;&gt;</a>&nbsp;&nbsp;&nbsp;parse_object
</UL>

<P><STRONG><a name="[104]"></a>strcpy</STRONG> (Thumb, 18 bytes, Stack size 0 bytes, strcpy.o(.text))
<BR><BR>[Called By]<UL><LI><a href="#[62]">&gt;&gt;</a>&nbsp;&nbsp;&nbsp;UART7_IRQHandler
<LI><a href="#[158]">&gt;&gt;</a>&nbsp;&nbsp;&nbsp;jsonp_error_set_source
<LI><a href="#[141]">&gt;&gt;</a>&nbsp;&nbsp;&nbsp;hashtable_set
</UL>

<P><STRONG><a name="[76]"></a>strtoll</STRONG> (Thumb, 4 bytes, Stack size 0 bytes, strtoll.o(.text))
<BR><BR>[Stack]<UL><LI>Max Depth = 80<LI>Call Chain = strtoll &rArr; __strtoll &rArr; _strtoull
</UL>
<BR>[Calls]<UL><LI><a href="#[77]">&gt;&gt;</a>&nbsp;&nbsp;&nbsp;__strtoll
</UL>
<BR>[Called By]<UL><LI><a href="#[16d]">&gt;&gt;</a>&nbsp;&nbsp;&nbsp;lex_scan_number
</UL>

<P><STRONG><a name="[78]"></a>__aeabi_dadd</STRONG> (Thumb, 322 bytes, Stack size 48 bytes, dadd.o(.text))
<BR><BR>[Stack]<UL><LI>Max Depth = 88<LI>Call Chain = __aeabi_dadd &rArr; _double_epilogue &rArr; _double_round
</UL>
<BR>[Calls]<UL><LI><a href="#[7a]">&gt;&gt;</a>&nbsp;&nbsp;&nbsp;__aeabi_lasr
<LI><a href="#[79]">&gt;&gt;</a>&nbsp;&nbsp;&nbsp;__aeabi_llsl
<LI><a href="#[7c]">&gt;&gt;</a>&nbsp;&nbsp;&nbsp;_double_round
<LI><a href="#[7b]">&gt;&gt;</a>&nbsp;&nbsp;&nbsp;_double_epilogue
</UL>
<BR>[Called By]<UL><LI><a href="#[ce]">&gt;&gt;</a>&nbsp;&nbsp;&nbsp;Remote_Control
<LI><a href="#[7d]">&gt;&gt;</a>&nbsp;&nbsp;&nbsp;__aeabi_dsub
<LI><a href="#[7e]">&gt;&gt;</a>&nbsp;&nbsp;&nbsp;__aeabi_drsub
<LI><a href="#[d2]">&gt;&gt;</a>&nbsp;&nbsp;&nbsp;caculate_gimbal_yaw_angle
<LI><a href="#[d1]">&gt;&gt;</a>&nbsp;&nbsp;&nbsp;caculate_gimbal_pitch_angle
<LI><a href="#[11e]">&gt;&gt;</a>&nbsp;&nbsp;&nbsp;_fp_digits
<LI><a href="#[da]">&gt;&gt;</a>&nbsp;&nbsp;&nbsp;__hardfp_pow
<LI><a href="#[112]">&gt;&gt;</a>&nbsp;&nbsp;&nbsp;__kernel_sin
<LI><a href="#[111]">&gt;&gt;</a>&nbsp;&nbsp;&nbsp;__ieee754_rem_pio2
<LI><a href="#[11a]">&gt;&gt;</a>&nbsp;&nbsp;&nbsp;__kernel_poly
<LI><a href="#[114]">&gt;&gt;</a>&nbsp;&nbsp;&nbsp;__mathlib_dbl_infnan2
<LI><a href="#[110]">&gt;&gt;</a>&nbsp;&nbsp;&nbsp;__mathlib_dbl_infnan
</UL>

<P><STRONG><a name="[7d]"></a>__aeabi_dsub</STRONG> (Thumb, 6 bytes, Stack size 0 bytes, dadd.o(.text))
<BR><BR>[Stack]<UL><LI>Max Depth = 88<LI>Call Chain = __aeabi_dsub &rArr; __aeabi_dadd &rArr; _double_epilogue &rArr; _double_round
</UL>
<BR>[Calls]<UL><LI><a href="#[78]">&gt;&gt;</a>&nbsp;&nbsp;&nbsp;__aeabi_dadd
</UL>
<BR>[Called By]<UL><LI><a href="#[ce]">&gt;&gt;</a>&nbsp;&nbsp;&nbsp;Remote_Control
<LI><a href="#[da]">&gt;&gt;</a>&nbsp;&nbsp;&nbsp;__hardfp_pow
<LI><a href="#[112]">&gt;&gt;</a>&nbsp;&nbsp;&nbsp;__kernel_sin
<LI><a href="#[111]">&gt;&gt;</a>&nbsp;&nbsp;&nbsp;__ieee754_rem_pio2
<LI><a href="#[113]">&gt;&gt;</a>&nbsp;&nbsp;&nbsp;__kernel_cos
</UL>

<P><STRONG><a name="[7e]"></a>__aeabi_drsub</STRONG> (Thumb, 6 bytes, Stack size 0 bytes, dadd.o(.text))
<BR><BR>[Stack]<UL><LI>Max Depth = 88<LI>Call Chain = __aeabi_drsub &rArr; __aeabi_dadd &rArr; _double_epilogue &rArr; _double_round
</UL>
<BR>[Calls]<UL><LI><a href="#[78]">&gt;&gt;</a>&nbsp;&nbsp;&nbsp;__aeabi_dadd
</UL>
<BR>[Called By]<UL><LI><a href="#[d2]">&gt;&gt;</a>&nbsp;&nbsp;&nbsp;caculate_gimbal_yaw_angle
<LI><a href="#[d1]">&gt;&gt;</a>&nbsp;&nbsp;&nbsp;caculate_gimbal_pitch_angle
<LI><a href="#[da]">&gt;&gt;</a>&nbsp;&nbsp;&nbsp;__hardfp_pow
<LI><a href="#[112]">&gt;&gt;</a>&nbsp;&nbsp;&nbsp;__kernel_sin
<LI><a href="#[111]">&gt;&gt;</a>&nbsp;&nbsp;&nbsp;__ieee754_rem_pio2
<LI><a href="#[113]">&gt;&gt;</a>&nbsp;&nbsp;&nbsp;__kernel_cos
</UL>

<P><STRONG><a name="[7f]"></a>__aeabi_dmul</STRONG> (Thumb, 228 bytes, Stack size 48 bytes, dmul.o(.text))
<BR><BR>[Stack]<UL><LI>Max Depth = 88<LI>Call Chain = __aeabi_dmul &rArr; _double_epilogue &rArr; _double_round
</UL>
<BR>[Calls]<UL><LI><a href="#[7b]">&gt;&gt;</a>&nbsp;&nbsp;&nbsp;_double_epilogue
</UL>
<BR>[Called By]<UL><LI><a href="#[185]">&gt;&gt;</a>&nbsp;&nbsp;&nbsp;vpid_realize
<LI><a href="#[dc]">&gt;&gt;</a>&nbsp;&nbsp;&nbsp;chassis_speed_control
<LI><a href="#[bb]">&gt;&gt;</a>&nbsp;&nbsp;&nbsp;record_motor_callback
<LI><a href="#[57]">&gt;&gt;</a>&nbsp;&nbsp;&nbsp;USART6_IRQHandler
<LI><a href="#[fb]">&gt;&gt;</a>&nbsp;&nbsp;&nbsp;shoot
<LI><a href="#[ce]">&gt;&gt;</a>&nbsp;&nbsp;&nbsp;Remote_Control
<LI><a href="#[d0]">&gt;&gt;</a>&nbsp;&nbsp;&nbsp;caculate_rotational_speed
<LI><a href="#[cf]">&gt;&gt;</a>&nbsp;&nbsp;&nbsp;caculate_linear_speed
<LI><a href="#[d2]">&gt;&gt;</a>&nbsp;&nbsp;&nbsp;caculate_gimbal_yaw_angle
<LI><a href="#[d1]">&gt;&gt;</a>&nbsp;&nbsp;&nbsp;caculate_gimbal_pitch_angle
<LI><a href="#[11e]">&gt;&gt;</a>&nbsp;&nbsp;&nbsp;_fp_digits
<LI><a href="#[da]">&gt;&gt;</a>&nbsp;&nbsp;&nbsp;__hardfp_pow
<LI><a href="#[91]">&gt;&gt;</a>&nbsp;&nbsp;&nbsp;_fp_value
<LI><a href="#[112]">&gt;&gt;</a>&nbsp;&nbsp;&nbsp;__kernel_sin
<LI><a href="#[111]">&gt;&gt;</a>&nbsp;&nbsp;&nbsp;__ieee754_rem_pio2
<LI><a href="#[11a]">&gt;&gt;</a>&nbsp;&nbsp;&nbsp;__kernel_poly
<LI><a href="#[119]">&gt;&gt;</a>&nbsp;&nbsp;&nbsp;__mathlib_dbl_underflow
<LI><a href="#[116]">&gt;&gt;</a>&nbsp;&nbsp;&nbsp;__mathlib_dbl_overflow
<LI><a href="#[113]">&gt;&gt;</a>&nbsp;&nbsp;&nbsp;__kernel_cos
</UL>

<P><STRONG><a name="[80]"></a>__aeabi_ddiv</STRONG> (Thumb, 222 bytes, Stack size 32 bytes, ddiv.o(.text))
<BR><BR>[Stack]<UL><LI>Max Depth = 40<LI>Call Chain = __aeabi_ddiv &rArr; _double_round
</UL>
<BR>[Calls]<UL><LI><a href="#[7c]">&gt;&gt;</a>&nbsp;&nbsp;&nbsp;_double_round
</UL>
<BR>[Called By]<UL><LI><a href="#[dc]">&gt;&gt;</a>&nbsp;&nbsp;&nbsp;chassis_speed_control
<LI><a href="#[d0]">&gt;&gt;</a>&nbsp;&nbsp;&nbsp;caculate_rotational_speed
<LI><a href="#[cf]">&gt;&gt;</a>&nbsp;&nbsp;&nbsp;caculate_linear_speed
<LI><a href="#[d2]">&gt;&gt;</a>&nbsp;&nbsp;&nbsp;caculate_gimbal_yaw_angle
<LI><a href="#[d1]">&gt;&gt;</a>&nbsp;&nbsp;&nbsp;caculate_gimbal_pitch_angle
<LI><a href="#[11e]">&gt;&gt;</a>&nbsp;&nbsp;&nbsp;_fp_digits
<LI><a href="#[da]">&gt;&gt;</a>&nbsp;&nbsp;&nbsp;__hardfp_pow
<LI><a href="#[91]">&gt;&gt;</a>&nbsp;&nbsp;&nbsp;_fp_value
<LI><a href="#[10f]">&gt;&gt;</a>&nbsp;&nbsp;&nbsp;__mathlib_dbl_invalid
<LI><a href="#[115]">&gt;&gt;</a>&nbsp;&nbsp;&nbsp;__mathlib_dbl_divzero
</UL>

<P><STRONG><a name="[81]"></a>__aeabi_l2f</STRONG> (Thumb, 44 bytes, Stack size 16 bytes, ffltl.o(.text))
<BR><BR>[Stack]<UL><LI>Max Depth = 20<LI>Call Chain = __aeabi_l2f &rArr; _float_epilogue
</UL>
<BR>[Calls]<UL><LI><a href="#[82]">&gt;&gt;</a>&nbsp;&nbsp;&nbsp;_float_epilogue
</UL>
<BR>[Called By]<UL><LI><a href="#[f7]">&gt;&gt;</a>&nbsp;&nbsp;&nbsp;resolve_json_trigger_command
<LI><a href="#[f9]">&gt;&gt;</a>&nbsp;&nbsp;&nbsp;resolve_json_gimbal_speed_command
<LI><a href="#[f6]">&gt;&gt;</a>&nbsp;&nbsp;&nbsp;resolve_json_gimbal_angle_command
<LI><a href="#[f8]">&gt;&gt;</a>&nbsp;&nbsp;&nbsp;resolve_json_fric_command
<LI><a href="#[f5]">&gt;&gt;</a>&nbsp;&nbsp;&nbsp;resolve_json_chassis_command
</UL>

<P><STRONG><a name="[83]"></a>__aeabi_i2d</STRONG> (Thumb, 34 bytes, Stack size 16 bytes, dflti.o(.text))
<BR><BR>[Stack]<UL><LI>Max Depth = 56<LI>Call Chain = __aeabi_i2d &rArr; _double_epilogue &rArr; _double_round
</UL>
<BR>[Calls]<UL><LI><a href="#[7b]">&gt;&gt;</a>&nbsp;&nbsp;&nbsp;_double_epilogue
</UL>
<BR>[Called By]<UL><LI><a href="#[185]">&gt;&gt;</a>&nbsp;&nbsp;&nbsp;vpid_realize
<LI><a href="#[dc]">&gt;&gt;</a>&nbsp;&nbsp;&nbsp;chassis_speed_control
<LI><a href="#[bb]">&gt;&gt;</a>&nbsp;&nbsp;&nbsp;record_motor_callback
<LI><a href="#[57]">&gt;&gt;</a>&nbsp;&nbsp;&nbsp;USART6_IRQHandler
<LI><a href="#[fb]">&gt;&gt;</a>&nbsp;&nbsp;&nbsp;shoot
<LI><a href="#[ce]">&gt;&gt;</a>&nbsp;&nbsp;&nbsp;Remote_Control
<LI><a href="#[d0]">&gt;&gt;</a>&nbsp;&nbsp;&nbsp;caculate_rotational_speed
<LI><a href="#[cf]">&gt;&gt;</a>&nbsp;&nbsp;&nbsp;caculate_linear_speed
<LI><a href="#[d2]">&gt;&gt;</a>&nbsp;&nbsp;&nbsp;caculate_gimbal_yaw_angle
<LI><a href="#[d1]">&gt;&gt;</a>&nbsp;&nbsp;&nbsp;caculate_gimbal_pitch_angle
<LI><a href="#[da]">&gt;&gt;</a>&nbsp;&nbsp;&nbsp;__hardfp_pow
<LI><a href="#[111]">&gt;&gt;</a>&nbsp;&nbsp;&nbsp;__ieee754_rem_pio2
</UL>

<P><STRONG><a name="[84]"></a>__aeabi_d2iz</STRONG> (Thumb, 62 bytes, Stack size 16 bytes, dfixi.o(.text))
<BR><BR>[Stack]<UL><LI>Max Depth = 16<LI>Call Chain = __aeabi_d2iz
</UL>
<BR>[Calls]<UL><LI><a href="#[85]">&gt;&gt;</a>&nbsp;&nbsp;&nbsp;__aeabi_llsr
</UL>
<BR>[Called By]<UL><LI><a href="#[185]">&gt;&gt;</a>&nbsp;&nbsp;&nbsp;vpid_realize
<LI><a href="#[dc]">&gt;&gt;</a>&nbsp;&nbsp;&nbsp;chassis_speed_control
<LI><a href="#[111]">&gt;&gt;</a>&nbsp;&nbsp;&nbsp;__ieee754_rem_pio2
<LI><a href="#[113]">&gt;&gt;</a>&nbsp;&nbsp;&nbsp;__kernel_cos
</UL>

<P><STRONG><a name="[d4]"></a>__aeabi_f2d</STRONG> (Thumb, 38 bytes, Stack size 0 bytes, f2d.o(.text))
<BR><BR>[Called By]<UL><LI><a href="#[ce]">&gt;&gt;</a>&nbsp;&nbsp;&nbsp;Remote_Control
<LI><a href="#[d0]">&gt;&gt;</a>&nbsp;&nbsp;&nbsp;caculate_rotational_speed
<LI><a href="#[cf]">&gt;&gt;</a>&nbsp;&nbsp;&nbsp;caculate_linear_speed
</UL>

<P><STRONG><a name="[160]"></a>__aeabi_cdcmpeq</STRONG> (Thumb, 0 bytes, Stack size 0 bytes, cdcmple.o(.text))
<BR><BR>[Called By]<UL><LI><a href="#[15e]">&gt;&gt;</a>&nbsp;&nbsp;&nbsp;jsonp_strtod
</UL>

<P><STRONG><a name="[194]"></a>__aeabi_cdcmple</STRONG> (Thumb, 48 bytes, Stack size 0 bytes, cdcmple.o(.text), UNUSED)

<P><STRONG><a name="[11b]"></a>__aeabi_cdrcmple</STRONG> (Thumb, 48 bytes, Stack size 0 bytes, cdrcmple.o(.text))
<BR><BR>[Called By]<UL><LI><a href="#[11e]">&gt;&gt;</a>&nbsp;&nbsp;&nbsp;_fp_digits
<LI><a href="#[da]">&gt;&gt;</a>&nbsp;&nbsp;&nbsp;__hardfp_pow
</UL>

<P><STRONG><a name="[86]"></a>__aeabi_d2f</STRONG> (Thumb, 56 bytes, Stack size 8 bytes, d2f.o(.text))
<BR><BR>[Stack]<UL><LI>Max Depth = 8<LI>Call Chain = __aeabi_d2f
</UL>
<BR>[Calls]<UL><LI><a href="#[87]">&gt;&gt;</a>&nbsp;&nbsp;&nbsp;_float_round
</UL>
<BR>[Called By]<UL><LI><a href="#[bb]">&gt;&gt;</a>&nbsp;&nbsp;&nbsp;record_motor_callback
<LI><a href="#[57]">&gt;&gt;</a>&nbsp;&nbsp;&nbsp;USART6_IRQHandler
<LI><a href="#[fb]">&gt;&gt;</a>&nbsp;&nbsp;&nbsp;shoot
<LI><a href="#[ce]">&gt;&gt;</a>&nbsp;&nbsp;&nbsp;Remote_Control
<LI><a href="#[d0]">&gt;&gt;</a>&nbsp;&nbsp;&nbsp;caculate_rotational_speed
<LI><a href="#[cf]">&gt;&gt;</a>&nbsp;&nbsp;&nbsp;caculate_linear_speed
<LI><a href="#[d2]">&gt;&gt;</a>&nbsp;&nbsp;&nbsp;caculate_gimbal_yaw_angle
<LI><a href="#[d1]">&gt;&gt;</a>&nbsp;&nbsp;&nbsp;caculate_gimbal_pitch_angle
<LI><a href="#[93]">&gt;&gt;</a>&nbsp;&nbsp;&nbsp;_scanf_really_real
</UL>

<P><STRONG><a name="[88]"></a>__aeabi_uldivmod</STRONG> (Thumb, 98 bytes, Stack size 40 bytes, uldiv.o(.text), UNUSED)
<BR><BR>[Calls]<UL><LI><a href="#[85]">&gt;&gt;</a>&nbsp;&nbsp;&nbsp;__aeabi_llsr
<LI><a href="#[79]">&gt;&gt;</a>&nbsp;&nbsp;&nbsp;__aeabi_llsl
</UL>
<BR>[Called By]<UL><LI><a href="#[10c]">&gt;&gt;</a>&nbsp;&nbsp;&nbsp;_printf_core
<LI><a href="#[11e]">&gt;&gt;</a>&nbsp;&nbsp;&nbsp;_fp_digits
</UL>

<P><STRONG><a name="[79]"></a>__aeabi_llsl</STRONG> (Thumb, 30 bytes, Stack size 0 bytes, llshl.o(.text))
<BR><BR>[Called By]<UL><LI><a href="#[78]">&gt;&gt;</a>&nbsp;&nbsp;&nbsp;__aeabi_dadd
<LI><a href="#[8f]">&gt;&gt;</a>&nbsp;&nbsp;&nbsp;__aeabi_d2ulz
<LI><a href="#[88]">&gt;&gt;</a>&nbsp;&nbsp;&nbsp;__aeabi_uldivmod
<LI><a href="#[7b]">&gt;&gt;</a>&nbsp;&nbsp;&nbsp;_double_epilogue
</UL>

<P><STRONG><a name="[195]"></a>_ll_shift_l</STRONG> (Thumb, 0 bytes, Stack size 0 bytes, llshl.o(.text), UNUSED)

<P><STRONG><a name="[85]"></a>__aeabi_llsr</STRONG> (Thumb, 32 bytes, Stack size 0 bytes, llushr.o(.text))
<BR><BR>[Called By]<UL><LI><a href="#[84]">&gt;&gt;</a>&nbsp;&nbsp;&nbsp;__aeabi_d2iz
<LI><a href="#[8f]">&gt;&gt;</a>&nbsp;&nbsp;&nbsp;__aeabi_d2ulz
<LI><a href="#[88]">&gt;&gt;</a>&nbsp;&nbsp;&nbsp;__aeabi_uldivmod
<LI><a href="#[96]">&gt;&gt;</a>&nbsp;&nbsp;&nbsp;_dsqrt
<LI><a href="#[7b]">&gt;&gt;</a>&nbsp;&nbsp;&nbsp;_double_epilogue
</UL>

<P><STRONG><a name="[196]"></a>_ll_ushift_r</STRONG> (Thumb, 0 bytes, Stack size 0 bytes, llushr.o(.text), UNUSED)

<P><STRONG><a name="[7a]"></a>__aeabi_lasr</STRONG> (Thumb, 36 bytes, Stack size 0 bytes, llsshr.o(.text))
<BR><BR>[Called By]<UL><LI><a href="#[78]">&gt;&gt;</a>&nbsp;&nbsp;&nbsp;__aeabi_dadd
</UL>

<P><STRONG><a name="[197]"></a>_ll_sshift_r</STRONG> (Thumb, 0 bytes, Stack size 0 bytes, llsshr.o(.text), UNUSED)

<P><STRONG><a name="[8b]"></a>__strtod_int</STRONG> (Thumb, 90 bytes, Stack size 40 bytes, strtod.o(.text))
<BR><BR>[Stack]<UL><LI>Max Depth = 200<LI>Call Chain = __strtod_int &rArr; _local_sscanf &rArr; _scanf_real
</UL>
<BR>[Calls]<UL><LI><a href="#[89]">&gt;&gt;</a>&nbsp;&nbsp;&nbsp;_local_sscanf
</UL>
<BR>[Called By]<UL><LI><a href="#[15f]">&gt;&gt;</a>&nbsp;&nbsp;&nbsp;strtod
</UL>

<P><STRONG><a name="[77]"></a>__strtoll</STRONG> (Thumb, 144 bytes, Stack size 32 bytes, __strtoll.o(.text))
<BR><BR>[Stack]<UL><LI>Max Depth = 80<LI>Call Chain = __strtoll &rArr; _strtoull
</UL>
<BR>[Calls]<UL><LI><a href="#[8d]">&gt;&gt;</a>&nbsp;&nbsp;&nbsp;_strtoull
<LI><a href="#[8c]">&gt;&gt;</a>&nbsp;&nbsp;&nbsp;__rt_ctype_table
<LI><a href="#[8e]">&gt;&gt;</a>&nbsp;&nbsp;&nbsp;__aeabi_errno_addr
</UL>
<BR>[Called By]<UL><LI><a href="#[76]">&gt;&gt;</a>&nbsp;&nbsp;&nbsp;strtoll
</UL>

<P><STRONG><a name="[198]"></a>__I$use$fp</STRONG> (Thumb, 0 bytes, Stack size 0 bytes, iusefp.o(.text), UNUSED)

<P><STRONG><a name="[87]"></a>_float_round</STRONG> (Thumb, 18 bytes, Stack size 0 bytes, fepilogue.o(.text))
<BR><BR>[Called By]<UL><LI><a href="#[86]">&gt;&gt;</a>&nbsp;&nbsp;&nbsp;__aeabi_d2f
</UL>

<P><STRONG><a name="[82]"></a>_float_epilogue</STRONG> (Thumb, 92 bytes, Stack size 4 bytes, fepilogue.o(.text))
<BR><BR>[Stack]<UL><LI>Max Depth = 4<LI>Call Chain = _float_epilogue
</UL>
<BR>[Called By]<UL><LI><a href="#[81]">&gt;&gt;</a>&nbsp;&nbsp;&nbsp;__aeabi_l2f
</UL>

<P><STRONG><a name="[7c]"></a>_double_round</STRONG> (Thumb, 30 bytes, Stack size 8 bytes, depilogue.o(.text))
<BR><BR>[Stack]<UL><LI>Max Depth = 8<LI>Call Chain = _double_round
</UL>
<BR>[Called By]<UL><LI><a href="#[80]">&gt;&gt;</a>&nbsp;&nbsp;&nbsp;__aeabi_ddiv
<LI><a href="#[78]">&gt;&gt;</a>&nbsp;&nbsp;&nbsp;__aeabi_dadd
<LI><a href="#[96]">&gt;&gt;</a>&nbsp;&nbsp;&nbsp;_dsqrt
<LI><a href="#[7b]">&gt;&gt;</a>&nbsp;&nbsp;&nbsp;_double_epilogue
</UL>

<P><STRONG><a name="[7b]"></a>_double_epilogue</STRONG> (Thumb, 156 bytes, Stack size 32 bytes, depilogue.o(.text))
<BR><BR>[Stack]<UL><LI>Max Depth = 40<LI>Call Chain = _double_epilogue &rArr; _double_round
</UL>
<BR>[Calls]<UL><LI><a href="#[85]">&gt;&gt;</a>&nbsp;&nbsp;&nbsp;__aeabi_llsr
<LI><a href="#[79]">&gt;&gt;</a>&nbsp;&nbsp;&nbsp;__aeabi_llsl
<LI><a href="#[7c]">&gt;&gt;</a>&nbsp;&nbsp;&nbsp;_double_round
</UL>
<BR>[Called By]<UL><LI><a href="#[83]">&gt;&gt;</a>&nbsp;&nbsp;&nbsp;__aeabi_i2d
<LI><a href="#[7f]">&gt;&gt;</a>&nbsp;&nbsp;&nbsp;__aeabi_dmul
<LI><a href="#[78]">&gt;&gt;</a>&nbsp;&nbsp;&nbsp;__aeabi_dadd
<LI><a href="#[92]">&gt;&gt;</a>&nbsp;&nbsp;&nbsp;__aeabi_ul2d
<LI><a href="#[97]">&gt;&gt;</a>&nbsp;&nbsp;&nbsp;__aeabi_ui2d
</UL>

<P><STRONG><a name="[11c]"></a>__ARM_scalbn</STRONG> (Thumb, 46 bytes, Stack size 16 bytes, dscalb.o(.text))
<BR><BR>[Stack]<UL><LI>Max Depth = 16<LI>Call Chain = __ARM_scalbn
</UL>
<BR>[Called By]<UL><LI><a href="#[da]">&gt;&gt;</a>&nbsp;&nbsp;&nbsp;__hardfp_pow
</UL>

<P><STRONG><a name="[199]"></a>scalbn</STRONG> (Thumb, 0 bytes, Stack size 16 bytes, dscalb.o(.text), UNUSED)

<P><STRONG><a name="[8f]"></a>__aeabi_d2ulz</STRONG> (Thumb, 48 bytes, Stack size 0 bytes, dfixul.o(.text), UNUSED)
<BR><BR>[Calls]<UL><LI><a href="#[85]">&gt;&gt;</a>&nbsp;&nbsp;&nbsp;__aeabi_llsr
<LI><a href="#[79]">&gt;&gt;</a>&nbsp;&nbsp;&nbsp;__aeabi_llsl
</UL>
<BR>[Called By]<UL><LI><a href="#[11e]">&gt;&gt;</a>&nbsp;&nbsp;&nbsp;_fp_digits
</UL>

<P><STRONG><a name="[72]"></a>__scatterload</STRONG> (Thumb, 28 bytes, Stack size 0 bytes, init.o(.text))
<BR><BR>[Calls]<UL><LI><a href="#[90]">&gt;&gt;</a>&nbsp;&nbsp;&nbsp;__main_after_scatterload
</UL>
<BR>[Called By]<UL><LI><a href="#[71]">&gt;&gt;</a>&nbsp;&nbsp;&nbsp;_main_scatterload
</UL>

<P><STRONG><a name="[19a]"></a>__scatterload_rt2</STRONG> (Thumb, 0 bytes, Stack size 0 bytes, init.o(.text), UNUSED)

<P><STRONG><a name="[8c]"></a>__rt_ctype_table</STRONG> (Thumb, 4 bytes, Stack size 0 bytes, ctype_o.o(.text))
<BR><BR>[Called By]<UL><LI><a href="#[6e]">&gt;&gt;</a>&nbsp;&nbsp;&nbsp;isspace
<LI><a href="#[77]">&gt;&gt;</a>&nbsp;&nbsp;&nbsp;__strtoll
</UL>

<P><STRONG><a name="[6e]"></a>isspace</STRONG> (Thumb, 18 bytes, Stack size 8 bytes, isspace_o.o(.text))
<BR><BR>[Stack]<UL><LI>Max Depth = 8<LI>Call Chain = isspace
</UL>
<BR>[Calls]<UL><LI><a href="#[8c]">&gt;&gt;</a>&nbsp;&nbsp;&nbsp;__rt_ctype_table
</UL>
<BR>[Address Reference Count : 1]<UL><LI> strtod.o(.text)
</UL>
<P><STRONG><a name="[8a]"></a>_scanf_real</STRONG> (Thumb, 0 bytes, Stack size 104 bytes, scanf_fp.o(.text))
<BR><BR>[Stack]<UL><LI>Max Depth = 104<LI>Call Chain = _scanf_real
</UL>
<BR>[Called By]<UL><LI><a href="#[89]">&gt;&gt;</a>&nbsp;&nbsp;&nbsp;_local_sscanf
</UL>

<P><STRONG><a name="[93]"></a>_scanf_really_real</STRONG> (Thumb, 556 bytes, Stack size 104 bytes, scanf_fp.o(.text), UNUSED)
<BR><BR>[Calls]<UL><LI><a href="#[86]">&gt;&gt;</a>&nbsp;&nbsp;&nbsp;__aeabi_d2f
<LI><a href="#[94]">&gt;&gt;</a>&nbsp;&nbsp;&nbsp;_is_digit
<LI><a href="#[91]">&gt;&gt;</a>&nbsp;&nbsp;&nbsp;_fp_value
</UL>

<P><STRONG><a name="[6c]"></a>_sgetc</STRONG> (Thumb, 30 bytes, Stack size 0 bytes, _sgetc.o(.text))
<BR>[Address Reference Count : 1]<UL><LI> strtod.o(.text)
</UL>
<P><STRONG><a name="[6d]"></a>_sbackspace</STRONG> (Thumb, 34 bytes, Stack size 0 bytes, _sgetc.o(.text))
<BR>[Address Reference Count : 1]<UL><LI> strtod.o(.text)
</UL>
<P><STRONG><a name="[8d]"></a>_strtoull</STRONG> (Thumb, 194 bytes, Stack size 48 bytes, _strtoull.o(.text))
<BR><BR>[Stack]<UL><LI>Max Depth = 48<LI>Call Chain = _strtoull
</UL>
<BR>[Calls]<UL><LI><a href="#[95]">&gt;&gt;</a>&nbsp;&nbsp;&nbsp;_chval
<LI><a href="#[8e]">&gt;&gt;</a>&nbsp;&nbsp;&nbsp;__aeabi_errno_addr
</UL>
<BR>[Called By]<UL><LI><a href="#[77]">&gt;&gt;</a>&nbsp;&nbsp;&nbsp;__strtoll
</UL>

<P><STRONG><a name="[96]"></a>_dsqrt</STRONG> (Thumb, 162 bytes, Stack size 32 bytes, dsqrt.o(.text))
<BR><BR>[Stack]<UL><LI>Max Depth = 40<LI>Call Chain = _dsqrt &rArr; _double_round
</UL>
<BR>[Calls]<UL><LI><a href="#[85]">&gt;&gt;</a>&nbsp;&nbsp;&nbsp;__aeabi_llsr
<LI><a href="#[7c]">&gt;&gt;</a>&nbsp;&nbsp;&nbsp;_double_round
</UL>
<BR>[Called By]<UL><LI><a href="#[117]">&gt;&gt;</a>&nbsp;&nbsp;&nbsp;sqrt
</UL>

<P><STRONG><a name="[97]"></a>__aeabi_ui2d</STRONG> (Thumb, 26 bytes, Stack size 16 bytes, dfltui.o(.text))
<BR><BR>[Stack]<UL><LI>Max Depth = 56<LI>Call Chain = __aeabi_ui2d &rArr; _double_epilogue &rArr; _double_round
</UL>
<BR>[Calls]<UL><LI><a href="#[7b]">&gt;&gt;</a>&nbsp;&nbsp;&nbsp;_double_epilogue
</UL>
<BR>[Called By]<UL><LI><a href="#[111]">&gt;&gt;</a>&nbsp;&nbsp;&nbsp;__ieee754_rem_pio2
</UL>

<P><STRONG><a name="[95]"></a>_chval</STRONG> (Thumb, 28 bytes, Stack size 0 bytes, _chval.o(.text))
<BR><BR>[Called By]<UL><LI><a href="#[8d]">&gt;&gt;</a>&nbsp;&nbsp;&nbsp;_strtoull
</UL>

<P><STRONG><a name="[92]"></a>__aeabi_ul2d</STRONG> (Thumb, 24 bytes, Stack size 16 bytes, dfltul.o(.text), UNUSED)
<BR><BR>[Calls]<UL><LI><a href="#[7b]">&gt;&gt;</a>&nbsp;&nbsp;&nbsp;_double_epilogue
</UL>
<BR>[Called By]<UL><LI><a href="#[91]">&gt;&gt;</a>&nbsp;&nbsp;&nbsp;_fp_value
</UL>

<P><STRONG><a name="[19b]"></a>__decompress</STRONG> (Thumb, 0 bytes, Stack size unknown bytes, __dczerorl2.o(.text), UNUSED)

<P><STRONG><a name="[19c]"></a>__decompress1</STRONG> (Thumb, 86 bytes, Stack size unknown bytes, __dczerorl2.o(.text), UNUSED)

<P><STRONG><a name="[99]"></a>APID_Init</STRONG> (Thumb, 22 bytes, Stack size 0 bytes, angle_pid.o(i.APID_Init))
<BR><BR>[Called By]<UL><LI><a href="#[98]">&gt;&gt;</a>&nbsp;&nbsp;&nbsp;APID_Init_All
</UL>

<P><STRONG><a name="[98]"></a>APID_Init_All</STRONG> (Thumb, 46 bytes, Stack size 4 bytes, angle_pid.o(i.APID_Init_All))
<BR><BR>[Stack]<UL><LI>Max Depth = 4<LI>Call Chain = APID_Init_All
</UL>
<BR>[Calls]<UL><LI><a href="#[99]">&gt;&gt;</a>&nbsp;&nbsp;&nbsp;APID_Init
</UL>
<BR>[Called By]<UL><LI><a href="#[9a]">&gt;&gt;</a>&nbsp;&nbsp;&nbsp;All_Init
</UL>

<P><STRONG><a name="[9a]"></a>All_Init</STRONG> (Thumb, 122 bytes, Stack size 8 bytes, my_init.o(i.All_Init))
<BR><BR>[Stack]<UL><LI>Max Depth = 140<LI>Call Chain = All_Init &rArr; Dji_Remote_Init &rArr; USART_Init &rArr; RCC_GetClocksFreq
</UL>
<BR>[Calls]<UL><LI><a href="#[9c]">&gt;&gt;</a>&nbsp;&nbsp;&nbsp;NVIC_PriorityGroupConfig
<LI><a href="#[ad]">&gt;&gt;</a>&nbsp;&nbsp;&nbsp;RCC_GetClocksFreq
<LI><a href="#[ac]">&gt;&gt;</a>&nbsp;&nbsp;&nbsp;stop_chassis_motor
<LI><a href="#[9f]">&gt;&gt;</a>&nbsp;&nbsp;&nbsp;power_open_all
<LI><a href="#[9e]">&gt;&gt;</a>&nbsp;&nbsp;&nbsp;power_init
<LI><a href="#[a7]">&gt;&gt;</a>&nbsp;&nbsp;&nbsp;motor_init
<LI><a href="#[a1]">&gt;&gt;</a>&nbsp;&nbsp;&nbsp;led_init
<LI><a href="#[a2]">&gt;&gt;</a>&nbsp;&nbsp;&nbsp;key_init
<LI><a href="#[a8]">&gt;&gt;</a>&nbsp;&nbsp;&nbsp;fric_PWM_configuration
<LI><a href="#[a6]">&gt;&gt;</a>&nbsp;&nbsp;&nbsp;bsp_imu_usart_init
<LI><a href="#[ab]">&gt;&gt;</a>&nbsp;&nbsp;&nbsp;VPID_Init_All
<LI><a href="#[aa]">&gt;&gt;</a>&nbsp;&nbsp;&nbsp;TIM3_Int_Init
<LI><a href="#[a9]">&gt;&gt;</a>&nbsp;&nbsp;&nbsp;TIM1_GIMBAL_Init
<LI><a href="#[a5]">&gt;&gt;</a>&nbsp;&nbsp;&nbsp;JSON_USART_Config
<LI><a href="#[a0]">&gt;&gt;</a>&nbsp;&nbsp;&nbsp;Dji_Remote_Init
<LI><a href="#[a4]">&gt;&gt;</a>&nbsp;&nbsp;&nbsp;Debug_USART_Config
<LI><a href="#[a3]">&gt;&gt;</a>&nbsp;&nbsp;&nbsp;CAN1_Mode_Init
<LI><a href="#[98]">&gt;&gt;</a>&nbsp;&nbsp;&nbsp;APID_Init_All
<LI><a href="#[9b]">&gt;&gt;</a>&nbsp;&nbsp;&nbsp;Stm32_Clock_Init
<LI><a href="#[9d]">&gt;&gt;</a>&nbsp;&nbsp;&nbsp;delay_init
<LI><a href="#[ae]">&gt;&gt;</a>&nbsp;&nbsp;&nbsp;fric_record_control
</UL>
<BR>[Called By]<UL><LI><a href="#[69]">&gt;&gt;</a>&nbsp;&nbsp;&nbsp;main
</UL>

<P><STRONG><a name="[125]"></a>BaseVel_To_WheelVel</STRONG> (Thumb, 234 bytes, Stack size 0 bytes, kinematic.o(i.BaseVel_To_WheelVel))
<BR><BR>[Called By]<UL><LI><a href="#[dc]">&gt;&gt;</a>&nbsp;&nbsp;&nbsp;chassis_speed_control
</UL>

<P><STRONG><a name="[af]"></a>Base_TIM_config</STRONG> (Thumb, 12 bytes, Stack size 8 bytes, fric.o(i.Base_TIM_config))
<BR><BR>[Stack]<UL><LI>Max Depth = 24<LI>Call Chain = Base_TIM_config &rArr; TIM7_config
</UL>
<BR>[Calls]<UL><LI><a href="#[b1]">&gt;&gt;</a>&nbsp;&nbsp;&nbsp;TIM7_config
<LI><a href="#[b0]">&gt;&gt;</a>&nbsp;&nbsp;&nbsp;TIM6_config
</UL>
<BR>[Called By]<UL><LI><a href="#[ae]">&gt;&gt;</a>&nbsp;&nbsp;&nbsp;fric_record_control
</UL>

<P><STRONG><a name="[a]"></a>BusFault_Handler</STRONG> (Thumb, 4 bytes, Stack size 0 bytes, stm32f4xx_it.o(i.BusFault_Handler))
<BR>[Address Reference Count : 1]<UL><LI> startup_stm32f427_437xx.o(RESET)
</UL>
<P><STRONG><a name="[a3]"></a>CAN1_Mode_Init</STRONG> (Thumb, 246 bytes, Stack size 64 bytes, can.o(i.CAN1_Mode_Init))
<BR><BR>[Stack]<UL><LI>Max Depth = 84<LI>Call Chain = CAN1_Mode_Init &rArr; GPIO_PinAFConfig
</UL>
<BR>[Calls]<UL><LI><a href="#[b6]">&gt;&gt;</a>&nbsp;&nbsp;&nbsp;CAN_Init
<LI><a href="#[b8]">&gt;&gt;</a>&nbsp;&nbsp;&nbsp;CAN_ITConfig
<LI><a href="#[b7]">&gt;&gt;</a>&nbsp;&nbsp;&nbsp;CAN_FilterInit
<LI><a href="#[b9]">&gt;&gt;</a>&nbsp;&nbsp;&nbsp;NVIC_Init
<LI><a href="#[b5]">&gt;&gt;</a>&nbsp;&nbsp;&nbsp;GPIO_PinAFConfig
<LI><a href="#[b4]">&gt;&gt;</a>&nbsp;&nbsp;&nbsp;GPIO_Init
<LI><a href="#[b3]">&gt;&gt;</a>&nbsp;&nbsp;&nbsp;RCC_APB1PeriphClockCmd
<LI><a href="#[b2]">&gt;&gt;</a>&nbsp;&nbsp;&nbsp;RCC_AHB1PeriphClockCmd
</UL>
<BR>[Called By]<UL><LI><a href="#[9a]">&gt;&gt;</a>&nbsp;&nbsp;&nbsp;All_Init
</UL>

<P><STRONG><a name="[24]"></a>CAN1_RX0_IRQHandler</STRONG> (Thumb, 352 bytes, Stack size 40 bytes, stm32f4xx_it.o(i.CAN1_RX0_IRQHandler))
<BR><BR>[Stack]<UL><LI>Max Depth = 168<LI>Call Chain = CAN1_RX0_IRQHandler &rArr; record_motor_callback &rArr; __aeabi_dmul &rArr; _double_epilogue &rArr; _double_round
</UL>
<BR>[Calls]<UL><LI><a href="#[ba]">&gt;&gt;</a>&nbsp;&nbsp;&nbsp;CAN_Receive
<LI><a href="#[bb]">&gt;&gt;</a>&nbsp;&nbsp;&nbsp;record_motor_callback
</UL>
<BR>[Address Reference Count : 1]<UL><LI> startup_stm32f427_437xx.o(RESET)
</UL>
<P><STRONG><a name="[bc]"></a>CAN1_Send_CHASSIS_Msg</STRONG> (Thumb, 106 bytes, Stack size 40 bytes, can.o(i.CAN1_Send_CHASSIS_Msg))
<BR><BR>[Stack]<UL><LI>Max Depth = 48<LI>Call Chain = CAN1_Send_CHASSIS_Msg &rArr; CAN_TransmitStatus
</UL>
<BR>[Calls]<UL><LI><a href="#[be]">&gt;&gt;</a>&nbsp;&nbsp;&nbsp;CAN_TransmitStatus
<LI><a href="#[bd]">&gt;&gt;</a>&nbsp;&nbsp;&nbsp;CAN_Transmit
</UL>
<BR>[Called By]<UL><LI><a href="#[e2]">&gt;&gt;</a>&nbsp;&nbsp;&nbsp;set_chassis_current
</UL>

<P><STRONG><a name="[bf]"></a>CAN1_Send_GIMBAL_Msg</STRONG> (Thumb, 106 bytes, Stack size 40 bytes, can.o(i.CAN1_Send_GIMBAL_Msg))
<BR><BR>[Stack]<UL><LI>Max Depth = 48<LI>Call Chain = CAN1_Send_GIMBAL_Msg &rArr; CAN_TransmitStatus
</UL>
<BR>[Calls]<UL><LI><a href="#[be]">&gt;&gt;</a>&nbsp;&nbsp;&nbsp;CAN_TransmitStatus
<LI><a href="#[bd]">&gt;&gt;</a>&nbsp;&nbsp;&nbsp;CAN_Transmit
</UL>
<BR>[Called By]<UL><LI><a href="#[d9]">&gt;&gt;</a>&nbsp;&nbsp;&nbsp;set_gimbal_current
</UL>

<P><STRONG><a name="[c0]"></a>CAN1_Send_Trigger_Msg</STRONG> (Thumb, 106 bytes, Stack size 40 bytes, can.o(i.CAN1_Send_Trigger_Msg))
<BR><BR>[Stack]<UL><LI>Max Depth = 48<LI>Call Chain = CAN1_Send_Trigger_Msg &rArr; CAN_TransmitStatus
</UL>
<BR>[Calls]<UL><LI><a href="#[be]">&gt;&gt;</a>&nbsp;&nbsp;&nbsp;CAN_TransmitStatus
<LI><a href="#[bd]">&gt;&gt;</a>&nbsp;&nbsp;&nbsp;CAN_Transmit
</UL>
<BR>[Called By]<UL><LI><a href="#[e3]">&gt;&gt;</a>&nbsp;&nbsp;&nbsp;set_trigger_current
</UL>

<P><STRONG><a name="[b7]"></a>CAN_FilterInit</STRONG> (Thumb, 258 bytes, Stack size 8 bytes, stm32f4xx_can.o(i.CAN_FilterInit))
<BR><BR>[Stack]<UL><LI>Max Depth = 8<LI>Call Chain = CAN_FilterInit
</UL>
<BR>[Called By]<UL><LI><a href="#[a3]">&gt;&gt;</a>&nbsp;&nbsp;&nbsp;CAN1_Mode_Init
</UL>

<P><STRONG><a name="[b8]"></a>CAN_ITConfig</STRONG> (Thumb, 18 bytes, Stack size 0 bytes, stm32f4xx_can.o(i.CAN_ITConfig))
<BR><BR>[Called By]<UL><LI><a href="#[a3]">&gt;&gt;</a>&nbsp;&nbsp;&nbsp;CAN1_Mode_Init
</UL>

<P><STRONG><a name="[b6]"></a>CAN_Init</STRONG> (Thumb, 276 bytes, Stack size 12 bytes, stm32f4xx_can.o(i.CAN_Init))
<BR><BR>[Stack]<UL><LI>Max Depth = 12<LI>Call Chain = CAN_Init
</UL>
<BR>[Called By]<UL><LI><a href="#[a3]">&gt;&gt;</a>&nbsp;&nbsp;&nbsp;CAN1_Mode_Init
</UL>

<P><STRONG><a name="[ba]"></a>CAN_Receive</STRONG> (Thumb, 240 bytes, Stack size 8 bytes, stm32f4xx_can.o(i.CAN_Receive))
<BR><BR>[Stack]<UL><LI>Max Depth = 8<LI>Call Chain = CAN_Receive
</UL>
<BR>[Called By]<UL><LI><a href="#[24]">&gt;&gt;</a>&nbsp;&nbsp;&nbsp;CAN1_RX0_IRQHandler
</UL>

<P><STRONG><a name="[bd]"></a>CAN_Transmit</STRONG> (Thumb, 294 bytes, Stack size 8 bytes, stm32f4xx_can.o(i.CAN_Transmit))
<BR><BR>[Stack]<UL><LI>Max Depth = 8<LI>Call Chain = CAN_Transmit
</UL>
<BR>[Called By]<UL><LI><a href="#[c0]">&gt;&gt;</a>&nbsp;&nbsp;&nbsp;CAN1_Send_Trigger_Msg
<LI><a href="#[bf]">&gt;&gt;</a>&nbsp;&nbsp;&nbsp;CAN1_Send_GIMBAL_Msg
<LI><a href="#[bc]">&gt;&gt;</a>&nbsp;&nbsp;&nbsp;CAN1_Send_CHASSIS_Msg
</UL>

<P><STRONG><a name="[be]"></a>CAN_TransmitStatus</STRONG> (Thumb, 138 bytes, Stack size 8 bytes, stm32f4xx_can.o(i.CAN_TransmitStatus))
<BR><BR>[Stack]<UL><LI>Max Depth = 8<LI>Call Chain = CAN_TransmitStatus
</UL>
<BR>[Called By]<UL><LI><a href="#[c0]">&gt;&gt;</a>&nbsp;&nbsp;&nbsp;CAN1_Send_Trigger_Msg
<LI><a href="#[bf]">&gt;&gt;</a>&nbsp;&nbsp;&nbsp;CAN1_Send_GIMBAL_Msg
<LI><a href="#[bc]">&gt;&gt;</a>&nbsp;&nbsp;&nbsp;CAN1_Send_CHASSIS_Msg
</UL>

<P><STRONG><a name="[cd]"></a>DMA_Cmd</STRONG> (Thumb, 22 bytes, Stack size 0 bytes, stm32f4xx_dma.o(i.DMA_Cmd))
<BR><BR>[Called By]<UL><LI><a href="#[a0]">&gt;&gt;</a>&nbsp;&nbsp;&nbsp;Dji_Remote_Init
<LI><a href="#[45]">&gt;&gt;</a>&nbsp;&nbsp;&nbsp;UART5_IRQHandler
<LI><a href="#[35]">&gt;&gt;</a>&nbsp;&nbsp;&nbsp;USART1_IRQHandler
</UL>

<P><STRONG><a name="[c9]"></a>DMA_DeInit</STRONG> (Thumb, 324 bytes, Stack size 0 bytes, stm32f4xx_dma.o(i.DMA_DeInit))
<BR><BR>[Called By]<UL><LI><a href="#[a0]">&gt;&gt;</a>&nbsp;&nbsp;&nbsp;Dji_Remote_Init
</UL>

<P><STRONG><a name="[cb]"></a>DMA_DoubleBufferModeCmd</STRONG> (Thumb, 22 bytes, Stack size 0 bytes, stm32f4xx_dma.o(i.DMA_DoubleBufferModeCmd))
<BR><BR>[Called By]<UL><LI><a href="#[a0]">&gt;&gt;</a>&nbsp;&nbsp;&nbsp;Dji_Remote_Init
</UL>

<P><STRONG><a name="[ca]"></a>DMA_DoubleBufferModeConfig</STRONG> (Thumb, 24 bytes, Stack size 0 bytes, stm32f4xx_dma.o(i.DMA_DoubleBufferModeConfig))
<BR><BR>[Called By]<UL><LI><a href="#[a0]">&gt;&gt;</a>&nbsp;&nbsp;&nbsp;Dji_Remote_Init
</UL>

<P><STRONG><a name="[101]"></a>DMA_GetCurrDataCounter</STRONG> (Thumb, 8 bytes, Stack size 0 bytes, stm32f4xx_dma.o(i.DMA_GetCurrDataCounter))
<BR><BR>[Called By]<UL><LI><a href="#[45]">&gt;&gt;</a>&nbsp;&nbsp;&nbsp;UART5_IRQHandler
</UL>

<P><STRONG><a name="[106]"></a>DMA_GetCurrentMemoryTarget</STRONG> (Thumb, 20 bytes, Stack size 0 bytes, stm32f4xx_dma.o(i.DMA_GetCurrentMemoryTarget))
<BR><BR>[Called By]<UL><LI><a href="#[35]">&gt;&gt;</a>&nbsp;&nbsp;&nbsp;USART1_IRQHandler
</UL>

<P><STRONG><a name="[cc]"></a>DMA_Init</STRONG> (Thumb, 82 bytes, Stack size 8 bytes, stm32f4xx_dma.o(i.DMA_Init))
<BR><BR>[Stack]<UL><LI>Max Depth = 8<LI>Call Chain = DMA_Init
</UL>
<BR>[Called By]<UL><LI><a href="#[a0]">&gt;&gt;</a>&nbsp;&nbsp;&nbsp;Dji_Remote_Init
</UL>

<P><STRONG><a name="[d]"></a>DebugMon_Handler</STRONG> (Thumb, 2 bytes, Stack size 0 bytes, stm32f4xx_it.o(i.DebugMon_Handler))
<BR>[Address Reference Count : 1]<UL><LI> startup_stm32f427_437xx.o(RESET)
</UL>
<P><STRONG><a name="[c1]"></a>Debug_Key</STRONG> (Thumb, 54 bytes, Stack size 8 bytes, tim3_events.o(i.Debug_Key))
<BR><BR>[Stack]<UL><LI>Max Depth = 8<LI>Call Chain = Debug_Key
</UL>
<BR>[Calls]<UL><LI><a href="#[c2]">&gt;&gt;</a>&nbsp;&nbsp;&nbsp;key_press
</UL>
<BR>[Called By]<UL><LI><a href="#[2d]">&gt;&gt;</a>&nbsp;&nbsp;&nbsp;TIM3_IRQHandler
</UL>

<P><STRONG><a name="[a4]"></a>Debug_USART_Config</STRONG> (Thumb, 182 bytes, Stack size 32 bytes, bsp_debug_usart.o(i.Debug_USART_Config))
<BR><BR>[Stack]<UL><LI>Max Depth = 100<LI>Call Chain = Debug_USART_Config &rArr; USART_Init &rArr; RCC_GetClocksFreq
</UL>
<BR>[Calls]<UL><LI><a href="#[b9]">&gt;&gt;</a>&nbsp;&nbsp;&nbsp;NVIC_Init
<LI><a href="#[b5]">&gt;&gt;</a>&nbsp;&nbsp;&nbsp;GPIO_PinAFConfig
<LI><a href="#[b4]">&gt;&gt;</a>&nbsp;&nbsp;&nbsp;GPIO_Init
<LI><a href="#[c3]">&gt;&gt;</a>&nbsp;&nbsp;&nbsp;USART_Init
<LI><a href="#[c5]">&gt;&gt;</a>&nbsp;&nbsp;&nbsp;USART_ITConfig
<LI><a href="#[c4]">&gt;&gt;</a>&nbsp;&nbsp;&nbsp;USART_Cmd
<LI><a href="#[b3]">&gt;&gt;</a>&nbsp;&nbsp;&nbsp;RCC_APB1PeriphClockCmd
<LI><a href="#[b2]">&gt;&gt;</a>&nbsp;&nbsp;&nbsp;RCC_AHB1PeriphClockCmd
</UL>
<BR>[Called By]<UL><LI><a href="#[9a]">&gt;&gt;</a>&nbsp;&nbsp;&nbsp;All_Init
</UL>

<P><STRONG><a name="[a0]"></a>Dji_Remote_Init</STRONG> (Thumb, 292 bytes, Stack size 64 bytes, dji_remote.o(i.Dji_Remote_Init))
<BR><BR>[Stack]<UL><LI>Max Depth = 132<LI>Call Chain = Dji_Remote_Init &rArr; USART_Init &rArr; RCC_GetClocksFreq
</UL>
<BR>[Calls]<UL><LI><a href="#[b9]">&gt;&gt;</a>&nbsp;&nbsp;&nbsp;NVIC_Init
<LI><a href="#[cc]">&gt;&gt;</a>&nbsp;&nbsp;&nbsp;DMA_Init
<LI><a href="#[ca]">&gt;&gt;</a>&nbsp;&nbsp;&nbsp;DMA_DoubleBufferModeConfig
<LI><a href="#[cb]">&gt;&gt;</a>&nbsp;&nbsp;&nbsp;DMA_DoubleBufferModeCmd
<LI><a href="#[c9]">&gt;&gt;</a>&nbsp;&nbsp;&nbsp;DMA_DeInit
<LI><a href="#[cd]">&gt;&gt;</a>&nbsp;&nbsp;&nbsp;DMA_Cmd
<LI><a href="#[b5]">&gt;&gt;</a>&nbsp;&nbsp;&nbsp;GPIO_PinAFConfig
<LI><a href="#[b4]">&gt;&gt;</a>&nbsp;&nbsp;&nbsp;GPIO_Init
<LI><a href="#[c3]">&gt;&gt;</a>&nbsp;&nbsp;&nbsp;USART_Init
<LI><a href="#[c5]">&gt;&gt;</a>&nbsp;&nbsp;&nbsp;USART_ITConfig
<LI><a href="#[c7]">&gt;&gt;</a>&nbsp;&nbsp;&nbsp;USART_DeInit
<LI><a href="#[c8]">&gt;&gt;</a>&nbsp;&nbsp;&nbsp;USART_DMACmd
<LI><a href="#[c4]">&gt;&gt;</a>&nbsp;&nbsp;&nbsp;USART_Cmd
<LI><a href="#[c6]">&gt;&gt;</a>&nbsp;&nbsp;&nbsp;RCC_APB2PeriphClockCmd
<LI><a href="#[b2]">&gt;&gt;</a>&nbsp;&nbsp;&nbsp;RCC_AHB1PeriphClockCmd
</UL>
<BR>[Called By]<UL><LI><a href="#[9a]">&gt;&gt;</a>&nbsp;&nbsp;&nbsp;All_Init
</UL>

<P><STRONG><a name="[b4]"></a>GPIO_Init</STRONG> (Thumb, 144 bytes, Stack size 20 bytes, stm32f4xx_gpio.o(i.GPIO_Init))
<BR><BR>[Stack]<UL><LI>Max Depth = 20<LI>Call Chain = GPIO_Init
</UL>
<BR>[Called By]<UL><LI><a href="#[9e]">&gt;&gt;</a>&nbsp;&nbsp;&nbsp;power_init
<LI><a href="#[a1]">&gt;&gt;</a>&nbsp;&nbsp;&nbsp;led_init
<LI><a href="#[a2]">&gt;&gt;</a>&nbsp;&nbsp;&nbsp;key_init
<LI><a href="#[a8]">&gt;&gt;</a>&nbsp;&nbsp;&nbsp;fric_PWM_configuration
<LI><a href="#[a6]">&gt;&gt;</a>&nbsp;&nbsp;&nbsp;bsp_imu_usart_init
<LI><a href="#[a9]">&gt;&gt;</a>&nbsp;&nbsp;&nbsp;TIM1_GIMBAL_Init
<LI><a href="#[a5]">&gt;&gt;</a>&nbsp;&nbsp;&nbsp;JSON_USART_Config
<LI><a href="#[a0]">&gt;&gt;</a>&nbsp;&nbsp;&nbsp;Dji_Remote_Init
<LI><a href="#[a4]">&gt;&gt;</a>&nbsp;&nbsp;&nbsp;Debug_USART_Config
<LI><a href="#[a3]">&gt;&gt;</a>&nbsp;&nbsp;&nbsp;CAN1_Mode_Init
<LI><a href="#[131]">&gt;&gt;</a>&nbsp;&nbsp;&nbsp;fric_gpio_config
</UL>

<P><STRONG><a name="[b5]"></a>GPIO_PinAFConfig</STRONG> (Thumb, 70 bytes, Stack size 20 bytes, stm32f4xx_gpio.o(i.GPIO_PinAFConfig))
<BR><BR>[Stack]<UL><LI>Max Depth = 20<LI>Call Chain = GPIO_PinAFConfig
</UL>
<BR>[Called By]<UL><LI><a href="#[a8]">&gt;&gt;</a>&nbsp;&nbsp;&nbsp;fric_PWM_configuration
<LI><a href="#[a6]">&gt;&gt;</a>&nbsp;&nbsp;&nbsp;bsp_imu_usart_init
<LI><a href="#[a9]">&gt;&gt;</a>&nbsp;&nbsp;&nbsp;TIM1_GIMBAL_Init
<LI><a href="#[a5]">&gt;&gt;</a>&nbsp;&nbsp;&nbsp;JSON_USART_Config
<LI><a href="#[a0]">&gt;&gt;</a>&nbsp;&nbsp;&nbsp;Dji_Remote_Init
<LI><a href="#[a4]">&gt;&gt;</a>&nbsp;&nbsp;&nbsp;Debug_USART_Config
<LI><a href="#[a3]">&gt;&gt;</a>&nbsp;&nbsp;&nbsp;CAN1_Mode_Init
</UL>

<P><STRONG><a name="[17b]"></a>GPIO_ResetBits</STRONG> (Thumb, 4 bytes, Stack size 0 bytes, stm32f4xx_gpio.o(i.GPIO_ResetBits))
<BR><BR>[Called By]<UL><LI><a href="#[9e]">&gt;&gt;</a>&nbsp;&nbsp;&nbsp;power_init
</UL>

<P><STRONG><a name="[130]"></a>GPIO_SetBits</STRONG> (Thumb, 4 bytes, Stack size 0 bytes, stm32f4xx_gpio.o(i.GPIO_SetBits))
<BR><BR>[Called By]<UL><LI><a href="#[9f]">&gt;&gt;</a>&nbsp;&nbsp;&nbsp;power_open_all
<LI><a href="#[9e]">&gt;&gt;</a>&nbsp;&nbsp;&nbsp;power_init
<LI><a href="#[a1]">&gt;&gt;</a>&nbsp;&nbsp;&nbsp;led_init
<LI><a href="#[a8]">&gt;&gt;</a>&nbsp;&nbsp;&nbsp;fric_PWM_configuration
</UL>

<P><STRONG><a name="[fc]"></a>Get_Base_Velocities</STRONG> (Thumb, 278 bytes, Stack size 0 bytes, kinematic.o(i.Get_Base_Velocities))
<BR><BR>[Called By]<UL><LI><a href="#[2d]">&gt;&gt;</a>&nbsp;&nbsp;&nbsp;TIM3_IRQHandler
</UL>

<P><STRONG><a name="[fd]"></a>Get_Gimbal_Angle</STRONG> (Thumb, 58 bytes, Stack size 0 bytes, kinematic.o(i.Get_Gimbal_Angle))
<BR><BR>[Called By]<UL><LI><a href="#[2d]">&gt;&gt;</a>&nbsp;&nbsp;&nbsp;TIM3_IRQHandler
</UL>

<P><STRONG><a name="[8]"></a>HardFault_Handler</STRONG> (Thumb, 4 bytes, Stack size 0 bytes, stm32f4xx_it.o(i.HardFault_Handler))
<BR>[Address Reference Count : 1]<UL><LI> startup_stm32f427_437xx.o(RESET)
</UL>
<P><STRONG><a name="[a5]"></a>JSON_USART_Config</STRONG> (Thumb, 182 bytes, Stack size 32 bytes, bsp_uart7.o(i.JSON_USART_Config))
<BR><BR>[Stack]<UL><LI>Max Depth = 100<LI>Call Chain = JSON_USART_Config &rArr; USART_Init &rArr; RCC_GetClocksFreq
</UL>
<BR>[Calls]<UL><LI><a href="#[b9]">&gt;&gt;</a>&nbsp;&nbsp;&nbsp;NVIC_Init
<LI><a href="#[b5]">&gt;&gt;</a>&nbsp;&nbsp;&nbsp;GPIO_PinAFConfig
<LI><a href="#[b4]">&gt;&gt;</a>&nbsp;&nbsp;&nbsp;GPIO_Init
<LI><a href="#[c3]">&gt;&gt;</a>&nbsp;&nbsp;&nbsp;USART_Init
<LI><a href="#[c5]">&gt;&gt;</a>&nbsp;&nbsp;&nbsp;USART_ITConfig
<LI><a href="#[c4]">&gt;&gt;</a>&nbsp;&nbsp;&nbsp;USART_Cmd
<LI><a href="#[b3]">&gt;&gt;</a>&nbsp;&nbsp;&nbsp;RCC_APB1PeriphClockCmd
<LI><a href="#[b2]">&gt;&gt;</a>&nbsp;&nbsp;&nbsp;RCC_AHB1PeriphClockCmd
</UL>
<BR>[Called By]<UL><LI><a href="#[9a]">&gt;&gt;</a>&nbsp;&nbsp;&nbsp;All_Init
</UL>

<P><STRONG><a name="[ea]"></a>MY_NVIC_SetVectorTable</STRONG> (Thumb, 12 bytes, Stack size 0 bytes, sys.o(i.MY_NVIC_SetVectorTable))
<BR><BR>[Called By]<UL><LI><a href="#[9b]">&gt;&gt;</a>&nbsp;&nbsp;&nbsp;Stm32_Clock_Init
</UL>

<P><STRONG><a name="[9]"></a>MemManage_Handler</STRONG> (Thumb, 4 bytes, Stack size 0 bytes, stm32f4xx_it.o(i.MemManage_Handler))
<BR>[Address Reference Count : 1]<UL><LI> startup_stm32f427_437xx.o(RESET)
</UL>
<P><STRONG><a name="[7]"></a>NMI_Handler</STRONG> (Thumb, 2 bytes, Stack size 0 bytes, stm32f4xx_it.o(i.NMI_Handler))
<BR>[Address Reference Count : 1]<UL><LI> startup_stm32f427_437xx.o(RESET)
</UL>
<P><STRONG><a name="[b9]"></a>NVIC_Init</STRONG> (Thumb, 106 bytes, Stack size 16 bytes, misc.o(i.NVIC_Init))
<BR><BR>[Stack]<UL><LI>Max Depth = 16<LI>Call Chain = NVIC_Init
</UL>
<BR>[Called By]<UL><LI><a href="#[a6]">&gt;&gt;</a>&nbsp;&nbsp;&nbsp;bsp_imu_usart_init
<LI><a href="#[aa]">&gt;&gt;</a>&nbsp;&nbsp;&nbsp;TIM3_Int_Init
<LI><a href="#[a5]">&gt;&gt;</a>&nbsp;&nbsp;&nbsp;JSON_USART_Config
<LI><a href="#[a0]">&gt;&gt;</a>&nbsp;&nbsp;&nbsp;Dji_Remote_Init
<LI><a href="#[a4]">&gt;&gt;</a>&nbsp;&nbsp;&nbsp;Debug_USART_Config
<LI><a href="#[a3]">&gt;&gt;</a>&nbsp;&nbsp;&nbsp;CAN1_Mode_Init
</UL>

<P><STRONG><a name="[9c]"></a>NVIC_PriorityGroupConfig</STRONG> (Thumb, 10 bytes, Stack size 0 bytes, misc.o(i.NVIC_PriorityGroupConfig))
<BR><BR>[Called By]<UL><LI><a href="#[a6]">&gt;&gt;</a>&nbsp;&nbsp;&nbsp;bsp_imu_usart_init
<LI><a href="#[9a]">&gt;&gt;</a>&nbsp;&nbsp;&nbsp;All_Init
</UL>

<P><STRONG><a name="[b2]"></a>RCC_AHB1PeriphClockCmd</STRONG> (Thumb, 26 bytes, Stack size 0 bytes, stm32f4xx_rcc.o(i.RCC_AHB1PeriphClockCmd))
<BR><BR>[Called By]<UL><LI><a href="#[9e]">&gt;&gt;</a>&nbsp;&nbsp;&nbsp;power_init
<LI><a href="#[a1]">&gt;&gt;</a>&nbsp;&nbsp;&nbsp;led_init
<LI><a href="#[a2]">&gt;&gt;</a>&nbsp;&nbsp;&nbsp;key_init
<LI><a href="#[a8]">&gt;&gt;</a>&nbsp;&nbsp;&nbsp;fric_PWM_configuration
<LI><a href="#[a6]">&gt;&gt;</a>&nbsp;&nbsp;&nbsp;bsp_imu_usart_init
<LI><a href="#[a9]">&gt;&gt;</a>&nbsp;&nbsp;&nbsp;TIM1_GIMBAL_Init
<LI><a href="#[a5]">&gt;&gt;</a>&nbsp;&nbsp;&nbsp;JSON_USART_Config
<LI><a href="#[a0]">&gt;&gt;</a>&nbsp;&nbsp;&nbsp;Dji_Remote_Init
<LI><a href="#[a4]">&gt;&gt;</a>&nbsp;&nbsp;&nbsp;Debug_USART_Config
<LI><a href="#[a3]">&gt;&gt;</a>&nbsp;&nbsp;&nbsp;CAN1_Mode_Init
<LI><a href="#[131]">&gt;&gt;</a>&nbsp;&nbsp;&nbsp;fric_gpio_config
</UL>

<P><STRONG><a name="[b3]"></a>RCC_APB1PeriphClockCmd</STRONG> (Thumb, 26 bytes, Stack size 0 bytes, stm32f4xx_rcc.o(i.RCC_APB1PeriphClockCmd))
<BR><BR>[Called By]<UL><LI><a href="#[aa]">&gt;&gt;</a>&nbsp;&nbsp;&nbsp;TIM3_Int_Init
<LI><a href="#[a5]">&gt;&gt;</a>&nbsp;&nbsp;&nbsp;JSON_USART_Config
<LI><a href="#[a4]">&gt;&gt;</a>&nbsp;&nbsp;&nbsp;Debug_USART_Config
<LI><a href="#[a3]">&gt;&gt;</a>&nbsp;&nbsp;&nbsp;CAN1_Mode_Init
<LI><a href="#[b1]">&gt;&gt;</a>&nbsp;&nbsp;&nbsp;TIM7_config
<LI><a href="#[b0]">&gt;&gt;</a>&nbsp;&nbsp;&nbsp;TIM6_config
</UL>

<P><STRONG><a name="[109]"></a>RCC_APB1PeriphResetCmd</STRONG> (Thumb, 26 bytes, Stack size 0 bytes, stm32f4xx_rcc.o(i.RCC_APB1PeriphResetCmd))
<BR><BR>[Called By]<UL><LI><a href="#[c7]">&gt;&gt;</a>&nbsp;&nbsp;&nbsp;USART_DeInit
</UL>

<P><STRONG><a name="[c6]"></a>RCC_APB2PeriphClockCmd</STRONG> (Thumb, 26 bytes, Stack size 0 bytes, stm32f4xx_rcc.o(i.RCC_APB2PeriphClockCmd))
<BR><BR>[Called By]<UL><LI><a href="#[a8]">&gt;&gt;</a>&nbsp;&nbsp;&nbsp;fric_PWM_configuration
<LI><a href="#[a6]">&gt;&gt;</a>&nbsp;&nbsp;&nbsp;bsp_imu_usart_init
<LI><a href="#[a9]">&gt;&gt;</a>&nbsp;&nbsp;&nbsp;TIM1_GIMBAL_Init
<LI><a href="#[a0]">&gt;&gt;</a>&nbsp;&nbsp;&nbsp;Dji_Remote_Init
</UL>

[...]
</UL>
<BR>[Calls]<UL><LI><a href="#[161]">&gt;&gt;</a>&nbsp;&nbsp;&nbsp;lex_free_string
<LI><a href="#[162]">&gt;&gt;</a>&nbsp;&nbsp;&nbsp;strbuffer_close
</UL>
<BR>[Called By]<UL><LI><a href="#[14b]">&gt;&gt;</a>&nbsp;&nbsp;&nbsp;json_loads
</UL>

<P><STRONG><a name="[161]"></a>lex_free_string</STRONG> (Thumb, 18 bytes, Stack size 8 bytes, load.o(i.lex_free_string))
<BR><BR>[Stack]<UL><LI>Max Depth = 8<LI>Call Chain = lex_free_string
</UL>
<BR>[Calls]<UL><LI><a href="#[136]">&gt;&gt;</a>&nbsp;&nbsp;&nbsp;jsonp_free
</UL>
<BR>[Called By]<UL><LI><a href="#[16c]">&gt;&gt;</a>&nbsp;&nbsp;&nbsp;lex_scan_string
<LI><a href="#[169]">&gt;&gt;</a>&nbsp;&nbsp;&nbsp;lex_scan
<LI><a href="#[14f]">&gt;&gt;</a>&nbsp;&nbsp;&nbsp;lex_close
</UL>

<P><STRONG><a name="[163]"></a>lex_get</STRONG> (Thumb, 8 bytes, Stack size 8 bytes, load.o(i.lex_get))
<BR><BR>[Stack]<UL><LI>Max Depth = 472<LI>Call Chain = lex_get &rArr; stream_get &rArr; error_set &rArr; jsonp_error_set &rArr; jsonp_error_vset &rArr; __c89vsnprintf
</UL>
<BR>[Calls]<UL><LI><a href="#[164]">&gt;&gt;</a>&nbsp;&nbsp;&nbsp;stream_get
</UL>
<BR>[Called By]<UL><LI><a href="#[16d]">&gt;&gt;</a>&nbsp;&nbsp;&nbsp;lex_scan_number
<LI><a href="#[169]">&gt;&gt;</a>&nbsp;&nbsp;&nbsp;lex_scan
</UL>

<P><STRONG><a name="[165]"></a>lex_get_save</STRONG> (Thumb, 30 bytes, Stack size 16 bytes, load.o(i.lex_get_save))
<BR><BR>[Stack]<UL><LI>Max Depth = 480<LI>Call Chain = lex_get_save &rArr; stream_get &rArr; error_set &rArr; jsonp_error_set &rArr; jsonp_error_vset &rArr; __c89vsnprintf
</UL>
<BR>[Calls]<UL><LI><a href="#[164]">&gt;&gt;</a>&nbsp;&nbsp;&nbsp;stream_get
<LI><a href="#[166]">&gt;&gt;</a>&nbsp;&nbsp;&nbsp;lex_save
</UL>
<BR>[Called By]<UL><LI><a href="#[16c]">&gt;&gt;</a>&nbsp;&nbsp;&nbsp;lex_scan_string
<LI><a href="#[16d]">&gt;&gt;</a>&nbsp;&nbsp;&nbsp;lex_scan_number
<LI><a href="#[169]">&gt;&gt;</a>&nbsp;&nbsp;&nbsp;lex_scan
</UL>

<P><STRONG><a name="[14d]"></a>lex_init</STRONG> (Thumb, 44 bytes, Stack size 8 bytes, load.o(i.lex_init))
<BR><BR>[Stack]<UL><LI>Max Depth = 24<LI>Call Chain = lex_init &rArr; strbuffer_init
</UL>
<BR>[Calls]<UL><LI><a href="#[167]">&gt;&gt;</a>&nbsp;&nbsp;&nbsp;strbuffer_init
</UL>
<BR>[Called By]<UL><LI><a href="#[14b]">&gt;&gt;</a>&nbsp;&nbsp;&nbsp;json_loads
</UL>

<P><STRONG><a name="[166]"></a>lex_save</STRONG> (Thumb, 12 bytes, Stack size 8 bytes, load.o(i.lex_save))
<BR><BR>[Stack]<UL><LI>Max Depth = 64<LI>Call Chain = lex_save &rArr; strbuffer_append_byte &rArr; strbuffer_append_bytes &rArr; __aeabi_memcpy
</UL>
<BR>[Calls]<UL><LI><a href="#[168]">&gt;&gt;</a>&nbsp;&nbsp;&nbsp;strbuffer_append_byte
</UL>
<BR>[Called By]<UL><LI><a href="#[16d]">&gt;&gt;</a>&nbsp;&nbsp;&nbsp;lex_scan_number
<LI><a href="#[169]">&gt;&gt;</a>&nbsp;&nbsp;&nbsp;lex_scan
<LI><a href="#[165]">&gt;&gt;</a>&nbsp;&nbsp;&nbsp;lex_get_save
</UL>

<P><STRONG><a name="[169]"></a>lex_scan</STRONG> (Thumb, 284 bytes, Stack size 24 bytes, load.o(i.lex_scan))
<BR><BR>[Stack]<UL><LI>Max Depth = 552<LI>Call Chain = lex_scan &rArr; lex_scan_number &rArr; lex_get_save &rArr; stream_get &rArr; error_set &rArr; jsonp_error_set &rArr; jsonp_error_vset &rArr; __c89vsnprintf
</UL>
<BR>[Calls]<UL><LI><a href="#[16b]">&gt;&gt;</a>&nbsp;&nbsp;&nbsp;lex_unget_unsave
<LI><a href="#[16c]">&gt;&gt;</a>&nbsp;&nbsp;&nbsp;lex_scan_string
<LI><a href="#[16d]">&gt;&gt;</a>&nbsp;&nbsp;&nbsp;lex_scan_number
<LI><a href="#[166]">&gt;&gt;</a>&nbsp;&nbsp;&nbsp;lex_save
<LI><a href="#[165]">&gt;&gt;</a>&nbsp;&nbsp;&nbsp;lex_get_save
<LI><a href="#[163]">&gt;&gt;</a>&nbsp;&nbsp;&nbsp;lex_get
<LI><a href="#[161]">&gt;&gt;</a>&nbsp;&nbsp;&nbsp;lex_free_string
<LI><a href="#[129]">&gt;&gt;</a>&nbsp;&nbsp;&nbsp;strbuffer_value
<LI><a href="#[16a]">&gt;&gt;</a>&nbsp;&nbsp;&nbsp;strbuffer_clear
<LI><a href="#[13d]">&gt;&gt;</a>&nbsp;&nbsp;&nbsp;strcmp
</UL>
<BR>[Called By]<UL><LI><a href="#[176]">&gt;&gt;</a>&nbsp;&nbsp;&nbsp;parse_object
<LI><a href="#[14e]">&gt;&gt;</a>&nbsp;&nbsp;&nbsp;parse_json
<LI><a href="#[173]">&gt;&gt;</a>&nbsp;&nbsp;&nbsp;parse_array
</UL>

<P><STRONG><a name="[16d]"></a>lex_scan_number</STRONG> (Thumb, 328 bytes, Stack size 48 bytes, load.o(i.lex_scan_number))
<BR><BR>[Stack]<UL><LI>Max Depth = 528<LI>Call Chain = lex_scan_number &rArr; lex_get_save &rArr; stream_get &rArr; error_set &rArr; jsonp_error_set &rArr; jsonp_error_vset &rArr; __c89vsnprintf
</UL>
<BR>[Calls]<UL><LI><a href="#[16e]">&gt;&gt;</a>&nbsp;&nbsp;&nbsp;stream_unget
<LI><a href="#[16b]">&gt;&gt;</a>&nbsp;&nbsp;&nbsp;lex_unget_unsave
<LI><a href="#[166]">&gt;&gt;</a>&nbsp;&nbsp;&nbsp;lex_save
<LI><a href="#[165]">&gt;&gt;</a>&nbsp;&nbsp;&nbsp;lex_get_save
<LI><a href="#[163]">&gt;&gt;</a>&nbsp;&nbsp;&nbsp;lex_get
<LI><a href="#[127]">&gt;&gt;</a>&nbsp;&nbsp;&nbsp;error_set
<LI><a href="#[129]">&gt;&gt;</a>&nbsp;&nbsp;&nbsp;strbuffer_value
<LI><a href="#[15e]">&gt;&gt;</a>&nbsp;&nbsp;&nbsp;jsonp_strtod
<LI><a href="#[76]">&gt;&gt;</a>&nbsp;&nbsp;&nbsp;strtoll
<LI><a href="#[8e]">&gt;&gt;</a>&nbsp;&nbsp;&nbsp;__aeabi_errno_addr
</UL>
<BR>[Called By]<UL><LI><a href="#[169]">&gt;&gt;</a>&nbsp;&nbsp;&nbsp;lex_scan
</UL>

<P><STRONG><a name="[16c]"></a>lex_scan_string</STRONG> (Thumb, 464 bytes, Stack size 40 bytes, load.o(i.lex_scan_string))
<BR><BR>[Stack]<UL><LI>Max Depth = 520<LI>Call Chain = lex_scan_string &rArr; lex_get_save &rArr; stream_get &rArr; error_set &rArr; jsonp_error_set &rArr; jsonp_error_vset &rArr; __c89vsnprintf
</UL>
<BR>[Calls]<UL><LI><a href="#[16b]">&gt;&gt;</a>&nbsp;&nbsp;&nbsp;lex_unget_unsave
<LI><a href="#[165]">&gt;&gt;</a>&nbsp;&nbsp;&nbsp;lex_get_save
<LI><a href="#[161]">&gt;&gt;</a>&nbsp;&nbsp;&nbsp;lex_free_string
<LI><a href="#[127]">&gt;&gt;</a>&nbsp;&nbsp;&nbsp;error_set
<LI><a href="#[16f]">&gt;&gt;</a>&nbsp;&nbsp;&nbsp;decode_unicode_escape
<LI><a href="#[129]">&gt;&gt;</a>&nbsp;&nbsp;&nbsp;strbuffer_value
<LI><a href="#[139]">&gt;&gt;</a>&nbsp;&nbsp;&nbsp;jsonp_malloc
<LI><a href="#[170]">&gt;&gt;</a>&nbsp;&nbsp;&nbsp;utf8_encode
</UL>
<BR>[Called By]<UL><LI><a href="#[169]">&gt;&gt;</a>&nbsp;&nbsp;&nbsp;lex_scan
</UL>

<P><STRONG><a name="[16b]"></a>lex_unget_unsave</STRONG> (Thumb, 38 bytes, Stack size 16 bytes, load.o(i.lex_unget_unsave))
<BR><BR>[Stack]<UL><LI>Max Depth = 32<LI>Call Chain = lex_unget_unsave &rArr; stream_unget
</UL>
<BR>[Calls]<UL><LI><a href="#[16e]">&gt;&gt;</a>&nbsp;&nbsp;&nbsp;stream_unget
<LI><a href="#[171]">&gt;&gt;</a>&nbsp;&nbsp;&nbsp;strbuffer_pop
</UL>
<BR>[Called By]<UL><LI><a href="#[16c]">&gt;&gt;</a>&nbsp;&nbsp;&nbsp;lex_scan_string
<LI><a href="#[16d]">&gt;&gt;</a>&nbsp;&nbsp;&nbsp;lex_scan_number
<LI><a href="#[169]">&gt;&gt;</a>&nbsp;&nbsp;&nbsp;lex_scan
</UL>

<P><STRONG><a name="[173]"></a>parse_array</STRONG> (Thumb, 130 bytes, Stack size 32 bytes, load.o(i.parse_array))
<BR><BR>[Stack]<UL><LI>Max Depth = 584 + In Cycle
<LI>Call Chain = parse_array &rArr;  parse_value (Cycle)
</UL>
<BR>[Calls]<UL><LI><a href="#[174]">&gt;&gt;</a>&nbsp;&nbsp;&nbsp;parse_value
<LI><a href="#[169]">&gt;&gt;</a>&nbsp;&nbsp;&nbsp;lex_scan
<LI><a href="#[175]">&gt;&gt;</a>&nbsp;&nbsp;&nbsp;json_incref
<LI><a href="#[149]">&gt;&gt;</a>&nbsp;&nbsp;&nbsp;json_decref
<LI><a href="#[127]">&gt;&gt;</a>&nbsp;&nbsp;&nbsp;error_set
<LI><a href="#[144]">&gt;&gt;</a>&nbsp;&nbsp;&nbsp;json_array_append_new
<LI><a href="#[143]">&gt;&gt;</a>&nbsp;&nbsp;&nbsp;json_array
</UL>
<BR>[Called By]<UL><LI><a href="#[174]">&gt;&gt;</a>&nbsp;&nbsp;&nbsp;parse_value
</UL>

<P><STRONG><a name="[14e]"></a>parse_json</STRONG> (Thumb, 104 bytes, Stack size 24 bytes, load.o(i.parse_json))
<BR><BR>[Stack]<UL><LI>Max Depth = 648<LI>Call Chain = parse_json &rArr; parse_value &rArr; parse_object &rArr;  parse_value (Cycle)
</UL>
<BR>[Calls]<UL><LI><a href="#[174]">&gt;&gt;</a>&nbsp;&nbsp;&nbsp;parse_value
<LI><a href="#[169]">&gt;&gt;</a>&nbsp;&nbsp;&nbsp;lex_scan
<LI><a href="#[149]">&gt;&gt;</a>&nbsp;&nbsp;&nbsp;json_decref
<LI><a href="#[127]">&gt;&gt;</a>&nbsp;&nbsp;&nbsp;error_set
</UL>
<BR>[Called By]<UL><LI><a href="#[14b]">&gt;&gt;</a>&nbsp;&nbsp;&nbsp;json_loads
</UL>

<P><STRONG><a name="[176]"></a>parse_object</STRONG> (Thumb, 264 bytes, Stack size 40 bytes, load.o(i.parse_object))
<BR><BR>[Stack]<UL><LI>Max Depth = 592 + In Cycle
<LI>Call Chain = parse_object &rArr;  parse_value (Cycle)
</UL>
<BR>[Calls]<UL><LI><a href="#[152]">&gt;&gt;</a>&nbsp;&nbsp;&nbsp;json_object_get
<LI><a href="#[174]">&gt;&gt;</a>&nbsp;&nbsp;&nbsp;parse_value
<LI><a href="#[169]">&gt;&gt;</a>&nbsp;&nbsp;&nbsp;lex_scan
<LI><a href="#[175]">&gt;&gt;</a>&nbsp;&nbsp;&nbsp;json_incref
<LI><a href="#[149]">&gt;&gt;</a>&nbsp;&nbsp;&nbsp;json_decref
<LI><a href="#[127]">&gt;&gt;</a>&nbsp;&nbsp;&nbsp;error_set
<LI><a href="#[136]">&gt;&gt;</a>&nbsp;&nbsp;&nbsp;jsonp_free
<LI><a href="#[154]">&gt;&gt;</a>&nbsp;&nbsp;&nbsp;json_object_set_new_nocheck
<LI><a href="#[150]">&gt;&gt;</a>&nbsp;&nbsp;&nbsp;json_object
<LI><a href="#[177]">&gt;&gt;</a>&nbsp;&nbsp;&nbsp;memchr
</UL>
<BR>[Called By]<UL><LI><a href="#[174]">&gt;&gt;</a>&nbsp;&nbsp;&nbsp;parse_value
</UL>

<P><STRONG><a name="[174]"></a>parse_value</STRONG> (Thumb, 210 bytes, Stack size 32 bytes, load.o(i.parse_value))
<BR><BR>[Stack]<UL><LI>Max Depth = 624<LI>Call Chain = parse_value &rArr; parse_object &rArr;  parse_value (Cycle)
</UL>
<BR>[Calls]<UL><LI><a href="#[176]">&gt;&gt;</a>&nbsp;&nbsp;&nbsp;parse_object
<LI><a href="#[173]">&gt;&gt;</a>&nbsp;&nbsp;&nbsp;parse_array
<LI><a href="#[127]">&gt;&gt;</a>&nbsp;&nbsp;&nbsp;error_set
<LI><a href="#[15e]">&gt;&gt;</a>&nbsp;&nbsp;&nbsp;jsonp_strtod
<LI><a href="#[15a]">&gt;&gt;</a>&nbsp;&nbsp;&nbsp;jsonp_stringn_nocheck_own
<LI><a href="#[178]">&gt;&gt;</a>&nbsp;&nbsp;&nbsp;json_true
<LI><a href="#[155]">&gt;&gt;</a>&nbsp;&nbsp;&nbsp;json_real
<LI><a href="#[17a]">&gt;&gt;</a>&nbsp;&nbsp;&nbsp;json_null
<LI><a href="#[14a]">&gt;&gt;</a>&nbsp;&nbsp;&nbsp;json_integer
<LI><a href="#[179]">&gt;&gt;</a>&nbsp;&nbsp;&nbsp;json_false
<LI><a href="#[177]">&gt;&gt;</a>&nbsp;&nbsp;&nbsp;memchr
</UL>
<BR>[Called By]<UL><LI><a href="#[176]">&gt;&gt;</a>&nbsp;&nbsp;&nbsp;parse_object
<LI><a href="#[14e]">&gt;&gt;</a>&nbsp;&nbsp;&nbsp;parse_json
<LI><a href="#[173]">&gt;&gt;</a>&nbsp;&nbsp;&nbsp;parse_array
</UL>

<P><STRONG><a name="[164]"></a>stream_get</STRONG> (Thumb, 200 bytes, Stack size 32 bytes, load.o(i.stream_get))
<BR><BR>[Stack]<UL><LI>Max Depth = 464<LI>Call Chain = stream_get &rArr; error_set &rArr; jsonp_error_set &rArr; jsonp_error_vset &rArr; __c89vsnprintf
</UL>
<BR>[Calls]<UL><LI><a href="#[127]">&gt;&gt;</a>&nbsp;&nbsp;&nbsp;error_set
<LI><a href="#[183]">&gt;&gt;</a>&nbsp;&nbsp;&nbsp;utf8_check_full
<LI><a href="#[182]">&gt;&gt;</a>&nbsp;&nbsp;&nbsp;utf8_check_first
</UL>
<BR>[Called By]<UL><LI><a href="#[165]">&gt;&gt;</a>&nbsp;&nbsp;&nbsp;lex_get_save
<LI><a href="#[163]">&gt;&gt;</a>&nbsp;&nbsp;&nbsp;lex_get
</UL>

<P><STRONG><a name="[16e]"></a>stream_unget</STRONG> (Thumb, 74 bytes, Stack size 16 bytes, load.o(i.stream_unget))
<BR><BR>[Stack]<UL><LI>Max Depth = 16<LI>Call Chain = stream_unget
</UL>
<BR>[Calls]<UL><LI><a href="#[182]">&gt;&gt;</a>&nbsp;&nbsp;&nbsp;utf8_check_first
</UL>
<BR>[Called By]<UL><LI><a href="#[16b]">&gt;&gt;</a>&nbsp;&nbsp;&nbsp;lex_unget_unsave
<LI><a href="#[16d]">&gt;&gt;</a>&nbsp;&nbsp;&nbsp;lex_scan_number
</UL>

<P><STRONG><a name="[70]"></a>string_get</STRONG> (Thumb, 24 bytes, Stack size 0 bytes, load.o(i.string_get))
<BR>[Address Reference Count : 1]<UL><LI> load.o(i.json_loads)
</UL>
<P><STRONG><a name="[123]"></a>array_copy</STRONG> (Thumb, 24 bytes, Stack size 16 bytes, value.o(i.array_copy))
<BR><BR>[Stack]<UL><LI>Max Depth = 24<LI>Call Chain = array_copy &rArr; __aeabi_memcpy4
</UL>
<BR>[Calls]<UL><LI><a href="#[124]">&gt;&gt;</a>&nbsp;&nbsp;&nbsp;__aeabi_memcpy4
</UL>
<BR>[Called By]<UL><LI><a href="#[145]">&gt;&gt;</a>&nbsp;&nbsp;&nbsp;json_array_grow
</UL>

<P><STRONG><a name="[145]"></a>json_array_grow</STRONG> (Thumb, 76 bytes, Stack size 24 bytes, value.o(i.json_array_grow))
<BR><BR>[Stack]<UL><LI>Max Depth = 48<LI>Call Chain = json_array_grow &rArr; array_copy &rArr; __aeabi_memcpy4
</UL>
<BR>[Calls]<UL><LI><a href="#[139]">&gt;&gt;</a>&nbsp;&nbsp;&nbsp;jsonp_malloc
<LI><a href="#[136]">&gt;&gt;</a>&nbsp;&nbsp;&nbsp;jsonp_free
<LI><a href="#[123]">&gt;&gt;</a>&nbsp;&nbsp;&nbsp;array_copy
</UL>
<BR>[Called By]<UL><LI><a href="#[144]">&gt;&gt;</a>&nbsp;&nbsp;&nbsp;json_array_append_new
</UL>

<P><STRONG><a name="[146]"></a>json_decref</STRONG> (Thumb, 24 bytes, Stack size 8 bytes, value.o(i.json_decref))
<BR><BR>[Stack]<UL><LI>Max Depth = 8 + In Cycle
<LI>Call Chain = json_decref &rArr;  json_delete (Cycle)
</UL>
<BR>[Calls]<UL><LI><a href="#[148]">&gt;&gt;</a>&nbsp;&nbsp;&nbsp;json_delete
</UL>
<BR>[Called By]<UL><LI><a href="#[148]">&gt;&gt;</a>&nbsp;&nbsp;&nbsp;json_delete
<LI><a href="#[154]">&gt;&gt;</a>&nbsp;&nbsp;&nbsp;json_object_set_new_nocheck
<LI><a href="#[144]">&gt;&gt;</a>&nbsp;&nbsp;&nbsp;json_array_append_new
</UL>

<P><STRONG><a name="[15b]"></a>string_create</STRONG> (Thumb, 62 bytes, Stack size 16 bytes, value.o(i.string_create))
<BR><BR>[Stack]<UL><LI>Max Depth = 40<LI>Call Chain = string_create &rArr; jsonp_strndup &rArr; __aeabi_memcpy
</UL>
<BR>[Calls]<UL><LI><a href="#[139]">&gt;&gt;</a>&nbsp;&nbsp;&nbsp;jsonp_malloc
<LI><a href="#[136]">&gt;&gt;</a>&nbsp;&nbsp;&nbsp;jsonp_free
<LI><a href="#[15c]">&gt;&gt;</a>&nbsp;&nbsp;&nbsp;jsonp_strndup
</UL>
<BR>[Called By]<UL><LI><a href="#[15a]">&gt;&gt;</a>&nbsp;&nbsp;&nbsp;jsonp_stringn_nocheck_own
</UL>

<P><STRONG><a name="[13c]"></a>bucket_is_empty</STRONG> (Thumb, 22 bytes, Stack size 0 bytes, hashtable.o(i.bucket_is_empty))
<BR><BR>[Called By]<UL><LI><a href="#[13a]">&gt;&gt;</a>&nbsp;&nbsp;&nbsp;insert_to_bucket
<LI><a href="#[13b]">&gt;&gt;</a>&nbsp;&nbsp;&nbsp;hashtable_find_pair
</UL>

<P><STRONG><a name="[132]"></a>hashlittle</STRONG> (Thumb, 318 bytes, Stack size 16 bytes, hashtable.o(i.hashlittle))
<BR><BR>[Stack]<UL><LI>Max Depth = 24<LI>Call Chain = hashlittle &rArr; __ARM_common_switch8
</UL>
<BR>[Calls]<UL><LI><a href="#[133]">&gt;&gt;</a>&nbsp;&nbsp;&nbsp;__ARM_common_switch8
</UL>
<BR>[Called By]<UL><LI><a href="#[141]">&gt;&gt;</a>&nbsp;&nbsp;&nbsp;hashtable_set
<LI><a href="#[13e]">&gt;&gt;</a>&nbsp;&nbsp;&nbsp;hashtable_get
</UL>

<P><STRONG><a name="[135]"></a>hashtable_do_clear</STRONG> (Thumb, 34 bytes, Stack size 16 bytes, hashtable.o(i.hashtable_do_clear))
<BR><BR>[Stack]<UL><LI>Max Depth = 24<LI>Call Chain = hashtable_do_clear &rArr; json_decref &rArr;  json_delete (Cycle)
</UL>
<BR>[Calls]<UL><LI><a href="#[136]">&gt;&gt;</a>&nbsp;&nbsp;&nbsp;jsonp_free
<LI><a href="#[137]">&gt;&gt;</a>&nbsp;&nbsp;&nbsp;json_decref
</UL>
<BR>[Called By]<UL><LI><a href="#[134]">&gt;&gt;</a>&nbsp;&nbsp;&nbsp;hashtable_close
</UL>

<P><STRONG><a name="[138]"></a>hashtable_do_rehash</STRONG> (Thumb, 118 bytes, Stack size 24 bytes, hashtable.o(i.hashtable_do_rehash))
<BR><BR>[Stack]<UL><LI>Max Depth = 40<LI>Call Chain = hashtable_do_rehash &rArr; insert_to_bucket
</UL>
<BR>[Calls]<UL><LI><a href="#[139]">&gt;&gt;</a>&nbsp;&nbsp;&nbsp;jsonp_malloc
<LI><a href="#[136]">&gt;&gt;</a>&nbsp;&nbsp;&nbsp;jsonp_free
<LI><a href="#[13a]">&gt;&gt;</a>&nbsp;&nbsp;&nbsp;insert_to_bucket
<LI><a href="#[121]">&gt;&gt;</a>&nbsp;&nbsp;&nbsp;__aeabi_uidivmod
</UL>
<BR>[Called By]<UL><LI><a href="#[141]">&gt;&gt;</a>&nbsp;&nbsp;&nbsp;hashtable_set
</UL>

<P><STRONG><a name="[13b]"></a>hashtable_find_pair</STRONG> (Thumb, 60 bytes, Stack size 40 bytes, hashtable.o(i.hashtable_find_pair))
<BR><BR>[Stack]<UL><LI>Max Depth = 48<LI>Call Chain = hashtable_find_pair &rArr; strcmp
</UL>
<BR>[Calls]<UL><LI><a href="#[13c]">&gt;&gt;</a>&nbsp;&nbsp;&nbsp;bucket_is_empty
<LI><a href="#[13d]">&gt;&gt;</a>&nbsp;&nbsp;&nbsp;strcmp
</UL>
<BR>[Called By]<UL><LI><a href="#[141]">&gt;&gt;</a>&nbsp;&nbsp;&nbsp;hashtable_set
<LI><a href="#[13e]">&gt;&gt;</a>&nbsp;&nbsp;&nbsp;hashtable_get
</UL>

<P><STRONG><a name="[13a]"></a>insert_to_bucket</STRONG> (Thumb, 42 bytes, Stack size 16 bytes, hashtable.o(i.insert_to_bucket))
<BR><BR>[Stack]<UL><LI>Max Depth = 16<LI>Call Chain = insert_to_bucket
</UL>
<BR>[Calls]<UL><LI><a href="#[142]">&gt;&gt;</a>&nbsp;&nbsp;&nbsp;list_insert
<LI><a href="#[13c]">&gt;&gt;</a>&nbsp;&nbsp;&nbsp;bucket_is_empty
</UL>
<BR>[Called By]<UL><LI><a href="#[138]">&gt;&gt;</a>&nbsp;&nbsp;&nbsp;hashtable_do_rehash
<LI><a href="#[141]">&gt;&gt;</a>&nbsp;&nbsp;&nbsp;hashtable_set
</UL>

<P><STRONG><a name="[137]"></a>json_decref</STRONG> (Thumb, 24 bytes, Stack size 8 bytes, hashtable.o(i.json_decref))
<BR><BR>[Stack]<UL><LI>Max Depth = 8 + In Cycle
<LI>Call Chain = json_decref &rArr;  json_delete (Cycle)
</UL>
<BR>[Calls]<UL><LI><a href="#[148]">&gt;&gt;</a>&nbsp;&nbsp;&nbsp;json_delete
</UL>
<BR>[Called By]<UL><LI><a href="#[135]">&gt;&gt;</a>&nbsp;&nbsp;&nbsp;hashtable_do_clear
<LI><a href="#[141]">&gt;&gt;</a>&nbsp;&nbsp;&nbsp;hashtable_set
</UL>

<P><STRONG><a name="[142]"></a>list_insert</STRONG> (Thumb, 14 bytes, Stack size 0 bytes, hashtable.o(i.list_insert))
<BR><BR>[Called By]<UL><LI><a href="#[13a]">&gt;&gt;</a>&nbsp;&nbsp;&nbsp;insert_to_bucket
</UL>

<P><STRONG><a name="[11e]"></a>_fp_digits</STRONG> (Thumb, 366 bytes, Stack size 64 bytes, printfa.o(i._fp_digits), UNUSED)
<BR><BR>[Calls]<UL><LI><a href="#[80]">&gt;&gt;</a>&nbsp;&nbsp;&nbsp;__aeabi_ddiv
<LI><a href="#[7f]">&gt;&gt;</a>&nbsp;&nbsp;&nbsp;__aeabi_dmul
<LI><a href="#[78]">&gt;&gt;</a>&nbsp;&nbsp;&nbsp;__aeabi_dadd
<LI><a href="#[11b]">&gt;&gt;</a>&nbsp;&nbsp;&nbsp;__aeabi_cdrcmple
<LI><a href="#[8f]">&gt;&gt;</a>&nbsp;&nbsp;&nbsp;__aeabi_d2ulz
<LI><a href="#[88]">&gt;&gt;</a>&nbsp;&nbsp;&nbsp;__aeabi_uldivmod
</UL>
<BR>[Called By]<UL><LI><a href="#[10c]">&gt;&gt;</a>&nbsp;&nbsp;&nbsp;_printf_core
</UL>

<P><STRONG><a name="[10c]"></a>_printf_core</STRONG> (Thumb, 1744 bytes, Stack size 136 bytes, printfa.o(i._printf_core), UNUSED)
<BR><BR>[Calls]<UL><LI><a href="#[11f]">&gt;&gt;</a>&nbsp;&nbsp;&nbsp;_printf_pre_padding
<LI><a href="#[120]">&gt;&gt;</a>&nbsp;&nbsp;&nbsp;_printf_post_padding
<LI><a href="#[11e]">&gt;&gt;</a>&nbsp;&nbsp;&nbsp;_fp_digits
<LI><a href="#[121]">&gt;&gt;</a>&nbsp;&nbsp;&nbsp;__aeabi_uidivmod
<LI><a href="#[88]">&gt;&gt;</a>&nbsp;&nbsp;&nbsp;__aeabi_uldivmod
</UL>
<BR>[Called By]<UL><LI><a href="#[10d]">&gt;&gt;</a>&nbsp;&nbsp;&nbsp;__0vsnprintf
<LI><a href="#[10b]">&gt;&gt;</a>&nbsp;&nbsp;&nbsp;__0snprintf
</UL>

<P><STRONG><a name="[120]"></a>_printf_post_padding</STRONG> (Thumb, 36 bytes, Stack size 24 bytes, printfa.o(i._printf_post_padding), UNUSED)
<BR><BR>[Called By]<UL><LI><a href="#[10c]">&gt;&gt;</a>&nbsp;&nbsp;&nbsp;_printf_core
</UL>

<P><STRONG><a name="[11f]"></a>_printf_pre_padding</STRONG> (Thumb, 46 bytes, Stack size 24 bytes, printfa.o(i._printf_pre_padding), UNUSED)
<BR><BR>[Called By]<UL><LI><a href="#[10c]">&gt;&gt;</a>&nbsp;&nbsp;&nbsp;_printf_core
</UL>

<P><STRONG><a name="[6f]"></a>_snputc</STRONG> (Thumb, 22 bytes, Stack size 0 bytes, printfa.o(i._snputc))
<BR>[Address Reference Count : 2]<UL><LI> printfa.o(i.__0snprintf)
<LI> printfa.o(i.__0vsnprintf)
</UL>
<P><STRONG><a name="[89]"></a>_local_sscanf</STRONG> (Thumb, 54 bytes, Stack size 56 bytes, strtod.o(.text))
<BR><BR>[Stack]<UL><LI>Max Depth = 160<LI>Call Chain = _local_sscanf &rArr; _scanf_real
</UL>
<BR>[Calls]<UL><LI><a href="#[8a]">&gt;&gt;</a>&nbsp;&nbsp;&nbsp;_scanf_real
</UL>
<BR>[Called By]<UL><LI><a href="#[8b]">&gt;&gt;</a>&nbsp;&nbsp;&nbsp;__strtod_int
</UL>

<P><STRONG><a name="[91]"></a>_fp_value</STRONG> (Thumb, 296 bytes, Stack size 64 bytes, scanf_fp.o(.text), UNUSED)
<BR><BR>[Calls]<UL><LI><a href="#[80]">&gt;&gt;</a>&nbsp;&nbsp;&nbsp;__aeabi_ddiv
<LI><a href="#[7f]">&gt;&gt;</a>&nbsp;&nbsp;&nbsp;__aeabi_dmul
<LI><a href="#[92]">&gt;&gt;</a>&nbsp;&nbsp;&nbsp;__aeabi_ul2d
</UL>
<BR>[Called By]<UL><LI><a href="#[93]">&gt;&gt;</a>&nbsp;&nbsp;&nbsp;_scanf_really_real
</UL>
<P>
<H3>
Undefined Global Symbols
</H3><HR></body></html>
