Component: ARM Compiler 5.06 update 1 (build 61) Tool: armlink [4d35a8]

==============================================================================

Section Cross References

    startup_stm32f427_437xx.o(RESET) refers to startup_stm32f427_437xx.o(STACK) for __initial_sp
    startup_stm32f427_437xx.o(RESET) refers to startup_stm32f427_437xx.o(.text) for Reset_Handler
    startup_stm32f427_437xx.o(RESET) refers to stm32f4xx_it.o(i.NMI_Handler) for NMI_Handler
    startup_stm32f427_437xx.o(RESET) refers to stm32f4xx_it.o(i.HardFault_Handler) for HardFault_Handler
    startup_stm32f427_437xx.o(RESET) refers to stm32f4xx_it.o(i.MemManage_Handler) for MemManage_Handler
    startup_stm32f427_437xx.o(RESET) refers to stm32f4xx_it.o(i.BusFault_Handler) for BusFault_Handler
    startup_stm32f427_437xx.o(RESET) refers to stm32f4xx_it.o(i.UsageFault_Handler) for UsageFault_Handler
    startup_stm32f427_437xx.o(RESET) refers to stm32f4xx_it.o(i.DebugMon_Handler) for DebugMon_Handler
    startup_stm32f427_437xx.o(RESET) refers to stm32f4xx_it.o(i.CAN1_RX0_IRQHandler) for CAN1_RX0_IRQHandler
    startup_stm32f427_437xx.o(RESET) refers to encoder.o(i.TIM2_IRQHandler) for TIM2_IRQHandler
    startup_stm32f427_437xx.o(RESET) refers to main.o(i.TIM3_IRQHandler) for TIM3_IRQHandler
    startup_stm32f427_437xx.o(RESET) refers to encoder.o(i.TIM4_IRQHandler) for TIM4_IRQHandler
    startup_stm32f427_437xx.o(RESET) refers to dji_remote.o(i.USART1_IRQHandler) for USART1_IRQHandler
    startup_stm32f427_437xx.o(RESET) refers to uart5.o(i.UART5_IRQHandler) for UART5_IRQHandler
    startup_stm32f427_437xx.o(RESET) refers to stm32f4xx_it.o(i.USART6_IRQHandler) for USART6_IRQHandler
    startup_stm32f427_437xx.o(RESET) refers to stm32f4xx_it.o(i.UART7_IRQHandler) for UART7_IRQHandler
    startup_stm32f427_437xx.o(RESET) refers to bsp_referee_usart.o(i.UART8_IRQHandler) for UART8_IRQHandler
    startup_stm32f427_437xx.o(.text) refers to system_stm32f4xx.o(i.SystemInit) for SystemInit
    startup_stm32f427_437xx.o(.text) refers to entry.o(.ARM.Collect$$$$00000000) for __main
    system_stm32f4xx.o(i.SystemCoreClockUpdate) refers to system_stm32f4xx.o(.data) for SystemCoreClock
    system_stm32f4xx.o(i.SystemInit) refers to system_stm32f4xx.o(i.SetSysClock) for SetSysClock
    stm32f4xx_adc.o(i.ADC_DeInit) refers to stm32f4xx_rcc.o(i.RCC_APB2PeriphResetCmd) for RCC_APB2PeriphResetCmd
    stm32f4xx_can.o(i.CAN_DeInit) refers to stm32f4xx_rcc.o(i.RCC_APB1PeriphResetCmd) for RCC_APB1PeriphResetCmd
    stm32f4xx_can.o(i.CAN_GetITStatus) refers to stm32f4xx_can.o(i.CheckITStatus) for CheckITStatus
    stm32f4xx_cryp_aes.o(i.CRYP_AES_CBC) refers to stm32f4xx_cryp.o(i.CRYP_KeyStructInit) for CRYP_KeyStructInit
    stm32f4xx_cryp_aes.o(i.CRYP_AES_CBC) refers to stm32f4xx_cryp.o(i.CRYP_FIFOFlush) for CRYP_FIFOFlush
    stm32f4xx_cryp_aes.o(i.CRYP_AES_CBC) refers to stm32f4xx_cryp.o(i.CRYP_Init) for CRYP_Init
    stm32f4xx_cryp_aes.o(i.CRYP_AES_CBC) refers to stm32f4xx_cryp.o(i.CRYP_KeyInit) for CRYP_KeyInit
    stm32f4xx_cryp_aes.o(i.CRYP_AES_CBC) refers to stm32f4xx_cryp.o(i.CRYP_Cmd) for CRYP_Cmd
    stm32f4xx_cryp_aes.o(i.CRYP_AES_CBC) refers to stm32f4xx_cryp.o(i.CRYP_GetFlagStatus) for CRYP_GetFlagStatus
    stm32f4xx_cryp_aes.o(i.CRYP_AES_CBC) refers to stm32f4xx_cryp.o(i.CRYP_IVInit) for CRYP_IVInit
    stm32f4xx_cryp_aes.o(i.CRYP_AES_CBC) refers to stm32f4xx_cryp.o(i.CRYP_GetCmdStatus) for CRYP_GetCmdStatus
    stm32f4xx_cryp_aes.o(i.CRYP_AES_CBC) refers to stm32f4xx_cryp.o(i.CRYP_DataIn) for CRYP_DataIn
    stm32f4xx_cryp_aes.o(i.CRYP_AES_CBC) refers to stm32f4xx_cryp.o(i.CRYP_DataOut) for CRYP_DataOut
    stm32f4xx_cryp_aes.o(i.CRYP_AES_CCM) refers to stm32f4xx_cryp.o(i.CRYP_KeyStructInit) for CRYP_KeyStructInit
    stm32f4xx_cryp_aes.o(i.CRYP_AES_CCM) refers to stm32f4xx_cryp.o(i.CRYP_FIFOFlush) for CRYP_FIFOFlush
    stm32f4xx_cryp_aes.o(i.CRYP_AES_CCM) refers to stm32f4xx_cryp.o(i.CRYP_KeyInit) for CRYP_KeyInit
    stm32f4xx_cryp_aes.o(i.CRYP_AES_CCM) refers to stm32f4xx_cryp.o(i.CRYP_IVInit) for CRYP_IVInit
    stm32f4xx_cryp_aes.o(i.CRYP_AES_CCM) refers to stm32f4xx_cryp.o(i.CRYP_Init) for CRYP_Init
    stm32f4xx_cryp_aes.o(i.CRYP_AES_CCM) refers to stm32f4xx_cryp.o(i.CRYP_PhaseConfig) for CRYP_PhaseConfig
    stm32f4xx_cryp_aes.o(i.CRYP_AES_CCM) refers to stm32f4xx_cryp.o(i.CRYP_DataIn) for CRYP_DataIn
    stm32f4xx_cryp_aes.o(i.CRYP_AES_CCM) refers to stm32f4xx_cryp.o(i.CRYP_Cmd) for CRYP_Cmd
    stm32f4xx_cryp_aes.o(i.CRYP_AES_CCM) refers to stm32f4xx_cryp.o(i.CRYP_GetCmdStatus) for CRYP_GetCmdStatus
    stm32f4xx_cryp_aes.o(i.CRYP_AES_CCM) refers to stm32f4xx_cryp.o(i.CRYP_GetFlagStatus) for CRYP_GetFlagStatus
    stm32f4xx_cryp_aes.o(i.CRYP_AES_CCM) refers to stm32f4xx_cryp.o(i.CRYP_DataOut) for CRYP_DataOut
    stm32f4xx_cryp_aes.o(i.CRYP_AES_CTR) refers to stm32f4xx_cryp.o(i.CRYP_KeyStructInit) for CRYP_KeyStructInit
    stm32f4xx_cryp_aes.o(i.CRYP_AES_CTR) refers to stm32f4xx_cryp.o(i.CRYP_KeyInit) for CRYP_KeyInit
[...]
    EXTI3_IRQHandler                         0x080001db   Thumb Code     0  startup_stm32f427_437xx.o(.text)
    EXTI4_IRQHandler                         0x080001db   Thumb Code     0  startup_stm32f427_437xx.o(.text)
    EXTI9_5_IRQHandler                       0x080001db   Thumb Code     0  startup_stm32f427_437xx.o(.text)
    FLASH_IRQHandler                         0x080001db   Thumb Code     0  startup_stm32f427_437xx.o(.text)
    FMC_IRQHandler                           0x080001db   Thumb Code     0  startup_stm32f427_437xx.o(.text)
    FPU_IRQHandler                           0x080001db   Thumb Code     0  startup_stm32f427_437xx.o(.text)
    HASH_RNG_IRQHandler                      0x080001db   Thumb Code     0  startup_stm32f427_437xx.o(.text)
    I2C1_ER_IRQHandler                       0x080001db   Thumb Code     0  startup_stm32f427_437xx.o(.text)
    I2C1_EV_IRQHandler                       0x080001db   Thumb Code     0  startup_stm32f427_437xx.o(.text)
    I2C2_ER_IRQHandler                       0x080001db   Thumb Code     0  startup_stm32f427_437xx.o(.text)
    I2C2_EV_IRQHandler                       0x080001db   Thumb Code     0  startup_stm32f427_437xx.o(.text)
    I2C3_ER_IRQHandler                       0x080001db   Thumb Code     0  startup_stm32f427_437xx.o(.text)
    I2C3_EV_IRQHandler                       0x080001db   Thumb Code     0  startup_stm32f427_437xx.o(.text)
    OTG_FS_IRQHandler                        0x080001db   Thumb Code     0  startup_stm32f427_437xx.o(.text)
    OTG_FS_WKUP_IRQHandler                   0x080001db   Thumb Code     0  startup_stm32f427_437xx.o(.text)
    OTG_HS_EP1_IN_IRQHandler                 0x080001db   Thumb Code     0  startup_stm32f427_437xx.o(.text)
    OTG_HS_EP1_OUT_IRQHandler                0x080001db   Thumb Code     0  startup_stm32f427_437xx.o(.text)
    OTG_HS_IRQHandler                        0x080001db   Thumb Code     0  startup_stm32f427_437xx.o(.text)
    OTG_HS_WKUP_IRQHandler                   0x080001db   Thumb Code     0  startup_stm32f427_437xx.o(.text)
    PVD_IRQHandler                           0x080001db   Thumb Code     0  startup_stm32f427_437xx.o(.text)
    RCC_IRQHandler                           0x080001db   Thumb Code     0  startup_stm32f427_437xx.o(.text)
    RTC_Alarm_IRQHandler                     0x080001db   Thumb Code     0  startup_stm32f427_437xx.o(.text)
    RTC_WKUP_IRQHandler                      0x080001db   Thumb Code     0  startup_stm32f427_437xx.o(.text)
    SAI1_IRQHandler                          0x080001db   Thumb Code     0  startup_stm32f427_437xx.o(.text)
    SDIO_IRQHandler                          0x080001db   Thumb Code     0  startup_stm32f427_437xx.o(.text)
    SPI1_IRQHandler                          0x080001db   Thumb Code     0  startup_stm32f427_437xx.o(.text)
    SPI2_IRQHandler                          0x080001db   Thumb Code     0  startup_stm32f427_437xx.o(.text)
    SPI3_IRQHandler                          0x080001db   Thumb Code     0  startup_stm32f427_437xx.o(.text)
    SPI4_IRQHandler                          0x080001db   Thumb Code     0  startup_stm32f427_437xx.o(.text)
    SPI5_IRQHandler                          0x080001db   Thumb Code     0  startup_stm32f427_437xx.o(.text)
    SPI6_IRQHandler                          0x080001db   Thumb Code     0  startup_stm32f427_437xx.o(.text)
    TAMP_STAMP_IRQHandler                    0x080001db   Thumb Code     0  startup_stm32f427_437xx.o(.text)
    TIM1_BRK_TIM9_IRQHandler                 0x080001db   Thumb Code     0  startup_stm32f427_437xx.o(.text)
    TIM1_CC_IRQHandler                       0x080001db   Thumb Code     0  startup_stm32f427_437xx.o(.text)
    TIM1_TRG_COM_TIM11_IRQHandler            0x080001db   Thumb Code     0  startup_stm32f427_437xx.o(.text)
    TIM1_UP_TIM10_IRQHandler                 0x080001db   Thumb Code     0  startup_stm32f427_437xx.o(.text)
    TIM5_IRQHandler                          0x080001db   Thumb Code     0  startup_stm32f427_437xx.o(.text)
    TIM6_DAC_IRQHandler                      0x080001db   Thumb Code     0  startup_stm32f427_437xx.o(.text)
    TIM7_IRQHandler                          0x080001db   Thumb Code     0  startup_stm32f427_437xx.o(.text)
    TIM8_BRK_TIM12_IRQHandler                0x080001db   Thumb Code     0  startup_stm32f427_437xx.o(.text)
    TIM8_CC_IRQHandler                       0x080001db   Thumb Code     0  startup_stm32f427_437xx.o(.text)
    TIM8_TRG_COM_TIM14_IRQHandler            0x080001db   Thumb Code     0  startup_stm32f427_437xx.o(.text)
    TIM8_UP_TIM13_IRQHandler                 0x080001db   Thumb Code     0  startup_stm32f427_437xx.o(.text)
    UART4_IRQHandler                         0x080001db   Thumb Code     0  startup_stm32f427_437xx.o(.text)
    USART2_IRQHandler                        0x080001db   Thumb Code     0  startup_stm32f427_437xx.o(.text)
    USART3_IRQHandler                        0x080001db   Thumb Code     0  startup_stm32f427_437xx.o(.text)
    WWDG_IRQHandler                          0x080001db   Thumb Code     0  startup_stm32f427_437xx.o(.text)
    __aeabi_uidiv                            0x080001e5   Thumb Code     0  uidiv.o(.text)
    __aeabi_uidivmod                         0x080001e5   Thumb Code    44  uidiv.o(.text)
    ___aeabi_memcpy8$move                    0x08000211   Thumb Code     0  memmovea.o(.text)
    __aeabi_memcpy                           0x08000211   Thumb Code    64  memmovea.o(.text)
    __aeabi_memcpy4                          0x08000211   Thumb Code     0  memmovea.o(.text)
    __aeabi_memmove                          0x08000211   Thumb Code     0  memmovea.o(.text)
    __aeabi_memmove4                         0x08000211   Thumb Code     0  memmovea.o(.text)
    __aeabi_memmove8                         0x08000211   Thumb Code     0  memmovea.o(.text)
    __aeabi_memset                           0x08000251   Thumb Code    14  memseta.o(.text)
    __aeabi_memset4                          0x08000251   Thumb Code     0  memseta.o(.text)
    __aeabi_memset8                          0x08000251   Thumb Code     0  memseta.o(.text)
    __aeabi_memclr                           0x0800025f   Thumb Code     4  memseta.o(.text)
    __aeabi_memclr4                          0x0800025f   Thumb Code     0  memseta.o(.text)
    __aeabi_memclr8                          0x0800025f   Thumb Code     0  memseta.o(.text)
    _memset$wrapper                          0x08000263   Thumb Code    18  memseta.o(.text)
    strlen                                   0x08000275   Thumb Code    14  strlen.o(.text)
    strcmp                                   0x08000283   Thumb Code    28  strcmp.o(.text)
    memchr                                   0x0800029f   Thumb Code    20  memchr.o(.text)
    strcpy                                   0x080002b3   Thumb Code    18  strcpy.o(.text)
    strtoll                                  0x080002c5   Thumb Code     4  strtoll.o(.text)
    __aeabi_dadd                             0x080002c9   Thumb Code   322  dadd.o(.text)
    __aeabi_dsub                             0x0800040b   Thumb Code     6  dadd.o(.text)
    __aeabi_drsub                            0x08000411   Thumb Code     6  dadd.o(.text)
    __aeabi_dmul                             0x08000417   Thumb Code   228  dmul.o(.text)
    __aeabi_ddiv                             0x080004fb   Thumb Code   222  ddiv.o(.text)
    __aeabi_l2f                              0x080005d9   Thumb Code    44  ffltl.o(.text)
    __aeabi_i2d                              0x08000605   Thumb Code    34  dflti.o(.text)
    __aeabi_d2iz                             0x08000627   Thumb Code    62  dfixi.o(.text)
    __aeabi_f2d                              0x08000665   Thumb Code    38  f2d.o(.text)
    __aeabi_cdcmpeq                          0x0800068d   Thumb Code     0  cdcmple.o(.text)
    __aeabi_cdcmple                          0x0800068d   Thumb Code    48  cdcmple.o(.text)
    __aeabi_cdrcmple                         0x080006bd   Thumb Code    48  cdrcmple.o(.text)
    __aeabi_d2f                              0x080006ed   Thumb Code    56  d2f.o(.text)
    __aeabi_uldivmod                         0x08000725   Thumb Code    98  uldiv.o(.text)
    __aeabi_llsl                             0x08000787   Thumb Code    30  llshl.o(.text)
    _ll_shift_l                              0x08000787   Thumb Code     0  llshl.o(.text)
    __aeabi_llsr                             0x080007a5   Thumb Code    32  llushr.o(.text)
    _ll_ushift_r                             0x080007a5   Thumb Code     0  llushr.o(.text)
    __aeabi_lasr                             0x080007c5   Thumb Code    36  llsshr.o(.text)
    _ll_sshift_r                             0x080007c5   Thumb Code     0  llsshr.o(.text)
    __strtod_int                             0x0800081f   Thumb Code    88  strtod.o(.text)
    __strtoll                                0x08000885   Thumb Code   144  __strtoll.o(.text)
    __I$use$fp                               0x08000915   Thumb Code     0  iusefp.o(.text)
    _float_round                             0x08000915   Thumb Code    18  fepilogue.o(.text)
    _float_epilogue                          0x08000927   Thumb Code    92  fepilogue.o(.text)
    _double_round                            0x08000983   Thumb Code    30  depilogue.o(.text)
    _double_epilogue                         0x080009a1   Thumb Code   156  depilogue.o(.text)
    __ARM_scalbn                             0x08000a3d   Thumb Code    46  dscalb.o(.text)
    scalbn                                   0x08000a3d   Thumb Code     0  dscalb.o(.text)
    __aeabi_d2ulz                            0x08000a6b   Thumb Code    48  dfixul.o(.text)
    __scatterload                            0x08000a9d   Thumb Code    28  init.o(.text)
    __scatterload_rt2                        0x08000a9d   Thumb Code     0  init.o(.text)
    __rt_ctype_table                         0x08000ac1   Thumb Code     4  ctype_o.o(.text)
    isspace                                  0x08000ac9   Thumb Code    18  isspace_o.o(.text)
    _scanf_real                              0x08000bdd   Thumb Code     0  scanf_fp.o(.text)
    _scanf_really_real                       0x08000bdd   Thumb Code   556  scanf_fp.o(.text)
    _sgetc                                   0x08000e15   Thumb Code    30  _sgetc.o(.text)
    _sbackspace                              0x08000e33   Thumb Code    34  _sgetc.o(.text)
    _strtoull                                0x08000e55   Thumb Code   194  _strtoull.o(.text)
    _dsqrt                                   0x08000f17   Thumb Code   162  dsqrt.o(.text)
    __aeabi_ui2d                             0x08000fb9   Thumb Code    26  dfltui.o(.text)
    _chval                                   0x08000fd3   Thumb Code    28  _chval.o(.text)
    __aeabi_ul2d                             0x08000fef   Thumb Code    24  dfltul.o(.text)
    __decompress                             0x08001007   Thumb Code     0  __dczerorl2.o(.text)
    __decompress1                            0x08001007   Thumb Code    86  __dczerorl2.o(.text)
    APID_Init                                0x0800105d   Thumb Code    22  angle_pid.o(i.APID_Init)
    APID_Init_All                            0x08001075   Thumb Code    46  angle_pid.o(i.APID_Init_All)
    All_Init                                 0x080010c1   Thumb Code   118  my_init.o(i.All_Init)
    BaseVel_To_WheelVel                      0x0800113d   Thumb Code   234  kinematic.o(i.BaseVel_To_WheelVel)
    BusFault_Handler                         0x08001245   Thumb Code     4  stm32f4xx_it.o(i.BusFault_Handler)
    CAN1_Mode_Init                           0x08001249   Thumb Code   246  can.o(i.CAN1_Mode_Init)
    CAN1_RX0_IRQHandler                      0x08001349   Thumb Code   348  stm32f4xx_it.o(i.CAN1_RX0_IRQHandler)
    CAN1_Send_CHASSIS_Msg                    0x080014cd   Thumb Code   106  can.o(i.CAN1_Send_CHASSIS_Msg)
    CAN1_Send_GIMBAL_Msg                     0x0800153d   Thumb Code   106  can.o(i.CAN1_Send_GIMBAL_Msg)
    CAN1_Send_Trigger_Msg                    0x080015ad   Thumb Code   106  can.o(i.CAN1_Send_Trigger_Msg)
    CAN_FilterInit                           0x0800161d   Thumb Code   258  stm32f4xx_can.o(i.CAN_FilterInit)
    CAN_ITConfig                             0x08001725   Thumb Code    18  stm32f4xx_can.o(i.CAN_ITConfig)
    CAN_Init                                 0x08001737   Thumb Code   276  stm32f4xx_can.o(i.CAN_Init)
    CAN_Receive                              0x0800184b   Thumb Code   240  stm32f4xx_can.o(i.CAN_Receive)
    CAN_Transmit                             0x0800193b   Thumb Code   294  stm32f4xx_can.o(i.CAN_Transmit)
    CAN_TransmitStatus                       0x08001a61   Thumb Code   138  stm32f4xx_can.o(i.CAN_TransmitStatus)
    DMA_Cmd                                  0x08001b01   Thumb Code    22  stm32f4xx_dma.o(i.DMA_Cmd)
    DMA_DeInit                               0x08001b19   Thumb Code   324  stm32f4xx_dma.o(i.DMA_DeInit)
    DMA_DoubleBufferModeCmd                  0x08001c71   Thumb Code    22  stm32f4xx_dma.o(i.DMA_DoubleBufferModeCmd)
    DMA_DoubleBufferModeConfig               0x08001c87   Thumb Code    24  stm32f4xx_dma.o(i.DMA_DoubleBufferModeConfig)
    DMA_GetCurrDataCounter                   0x08001c9f   Thumb Code     8  stm32f4xx_dma.o(i.DMA_GetCurrDataCounter)
    DMA_GetCurrentMemoryTarget               0x08001ca7   Thumb Code    20  stm32f4xx_dma.o(i.DMA_GetCurrentMemoryTarget)
    DMA_Init                                 0x08001cbd   Thumb Code    82  stm32f4xx_dma.o(i.DMA_Init)
    DebugMon_Handler                         0x08001d15   Thumb Code     2  stm32f4xx_it.o(i.DebugMon_Handler)
    Debug_Key                                0x08001d19   Thumb Code    54  tim3_events.o(i.Debug_Key)
    Debug_USART_Config                       0x08001d59   Thumb Code   182  bsp_debug_usart.o(i.Debug_USART_Config)
    Dji_Remote_Init                          0x08001e19   Thumb Code   292  dji_remote.o(i.Dji_Remote_Init)
    GPIO_Init                                0x08001f55   Thumb Code   144  stm32f4xx_gpio.o(i.GPIO_Init)
    GPIO_PinAFConfig                         0x08001fe5   Thumb Code    70  stm32f4xx_gpio.o(i.GPIO_PinAFConfig)
    GPIO_ResetBits                           0x0800202b   Thumb Code     4  stm32f4xx_gpio.o(i.GPIO_ResetBits)
    GPIO_SetBits                             0x0800202f   Thumb Code     4  stm32f4xx_gpio.o(i.GPIO_SetBits)
    Get_Base_Velocities                      0x08002035   Thumb Code   278  kinematic.o(i.Get_Base_Velocities)
    Get_Gimbal_Angle                         0x08002169   Thumb Code    58  kinematic.o(i.Get_Gimbal_Angle)
    HardFault_Handler                        0x080021bd   Thumb Code     4  stm32f4xx_it.o(i.HardFault_Handler)
    JSON_USART_Config                        0x080021c1   Thumb Code   182  bsp_uart7.o(i.JSON_USART_Config)
    MY_NVIC_SetVectorTable                   0x08002281   Thumb Code    12  sys.o(i.MY_NVIC_SetVectorTable)
    MemManage_Handler                        0x08002291   Thumb Code     4  stm32f4xx_it.o(i.MemManage_Handler)
    NMI_Handler                              0x08002295   Thumb Code     2  stm32f4xx_it.o(i.NMI_Handler)
    NVIC_Init                                0x08002299   Thumb Code   106  misc.o(i.NVIC_Init)
    NVIC_PriorityGroupConfig                 0x08002311   Thumb Code    10  misc.o(i.NVIC_PriorityGroupConfig)
    RCC_AHB1PeriphClockCmd                   0x08002325   Thumb Code    26  stm32f4xx_rcc.o(i.RCC_AHB1PeriphClockCmd)
    RCC_APB1PeriphClockCmd                   0x08002345   Thumb Code    26  stm32f4xx_rcc.o(i.RCC_APB1PeriphClockCmd)
    RCC_APB1PeriphResetCmd                   0x08002365   Thumb Code    26  stm32f4xx_rcc.o(i.RCC_APB1PeriphResetCmd)
    RCC_APB2PeriphClockCmd                   0x08002385   Thumb Code    26  stm32f4xx_rcc.o(i.RCC_APB2PeriphClockCmd)
    RCC_APB2PeriphResetCmd                   0x080023a5   Thumb Code    26  stm32f4xx_rcc.o(i.RCC_APB2PeriphResetCmd)
    RCC_GetClocksFreq                        0x080023c5   Thumb Code   214  stm32f4xx_rcc.o(i.RCC_GetClocksFreq)
    RefereeDataProcess                       0x080024ad   Thumb Code    56  bsp_referee_usart.o(i.RefereeDataProcess)
    Referee_Data_Solve                       0x080024e5   Thumb Code   316  referee.o(i.Referee_Data_Solve)
    RemoteDataProcess                        0x08002665   Thumb Code   100  dji_remote.o(i.RemoteDataProcess)
    Remote_Control                           0x080026cd   Thumb Code  1240  remote_code.o(i.Remote_Control)
    Robo_Move                                0x08002bc5   Thumb Code   376  tim3_events.o(i.Robo_Move)
    Stm32_Clock_Init                         0x08002e75   Thumb Code    90  sys.o(i.Stm32_Clock_Init)
    Sys_Clock_Set                            0x08002edd   Thumb Code   254  sys.o(i.Sys_Clock_Set)
    SystemInit                               0x08002fe9   Thumb Code    88  system_stm32f4xx.o(i.SystemInit)
    TIM1_GIMBAL_Init                         0x08003051   Thumb Code   256  gimbal.o(i.TIM1_GIMBAL_Init)
    TIM2_IRQHandler                          0x08003159   Thumb Code    34  encoder.o(i.TIM2_IRQHandler)
    TIM3_IRQHandler                          0x08003181   Thumb Code   308  main.o(i.TIM3_IRQHandler)
    TIM3_Int_Init                            0x080032e1   Thumb Code    86  timer.o(i.TIM3_Int_Init)
    TIM4_IRQHandler                          0x0800333d   Thumb Code    34  encoder.o(i.TIM4_IRQHandler)
    TIM_ARRPreloadConfig                     0x08003369   Thumb Code    24  stm32f4xx_tim.o(i.TIM_ARRPreloadConfig)
    TIM_ClearITPendingBit                    0x08003381   Thumb Code     6  stm32f4xx_tim.o(i.TIM_ClearITPendingBit)
    TIM_Cmd                                  0x08003387   Thumb Code    24  stm32f4xx_tim.o(i.TIM_Cmd)
    TIM_CtrlPWMOutputs                       0x0800339f   Thumb Code    30  stm32f4xx_tim.o(i.TIM_CtrlPWMOutputs)
    TIM_GetITStatus                          0x080033bd   Thumb Code    34  stm32f4xx_tim.o(i.TIM_GetITStatus)
    TIM_ITConfig                             0x080033df   Thumb Code    18  stm32f4xx_tim.o(i.TIM_ITConfig)
    TIM_OC1Init                              0x080033f1   Thumb Code   114  stm32f4xx_tim.o(i.TIM_OC1Init)
    TIM_OC1PreloadConfig                     0x0800346d   Thumb Code    18  stm32f4xx_tim.o(i.TIM_OC1PreloadConfig)
    TIM_OC2Init                              0x08003481   Thumb Code   154  stm32f4xx_tim.o(i.TIM_OC2Init)
    TIM_OC2PreloadConfig                     0x08003525   Thumb Code    26  stm32f4xx_tim.o(i.TIM_OC2PreloadConfig)
    TIM_OC3Init                              0x08003541   Thumb Code   150  stm32f4xx_tim.o(i.TIM_OC3Init)
    TIM_OC3PreloadConfig                     0x080035e1   Thumb Code    18  stm32f4xx_tim.o(i.TIM_OC3PreloadConfig)
    TIM_OC4Init                              0x080035f5   Thumb Code   112  stm32f4xx_tim.o(i.TIM_OC4Init)
    TIM_OC4PreloadConfig                     0x0800366d   Thumb Code    26  stm32f4xx_tim.o(i.TIM_OC4PreloadConfig)
    TIM_SetCompare1                          0x08003687   Thumb Code     4  stm32f4xx_tim.o(i.TIM_SetCompare1)
    TIM_SetCompare2                          0x0800368b   Thumb Code     4  stm32f4xx_tim.o(i.TIM_SetCompare2)
    TIM_SetCompare3                          0x0800368f   Thumb Code     4  stm32f4xx_tim.o(i.TIM_SetCompare3)
    TIM_SetCompare4                          0x08003693   Thumb Code     4  stm32f4xx_tim.o(i.TIM_SetCompare4)
    TIM_TimeBaseInit                         0x08003699   Thumb Code   104  stm32f4xx_tim.o(i.TIM_TimeBaseInit)
    UART5_IRQHandler                         0x0800371d   Thumb Code    68  uart5.o(i.UART5_IRQHandler)
    UART7_IRQHandler                         0x08003771   Thumb Code   498  stm32f4xx_it.o(i.UART7_IRQHandler)
    UART8_IRQHandler                         0x08003991   Thumb Code   190  bsp_referee_usart.o(i.UART8_IRQHandler)
    USART1_IRQHandler                        0x08003a61   Thumb Code   154  dji_remote.o(i.USART1_IRQHandler)
    USART6_IRQHandler                        0x08003b09   Thumb Code   508  stm32f4xx_it.o(i.USART6_IRQHandler)
    USART_ClearITPendingBit                  0x08003d3d   Thumb Code    30  stm32f4xx_usart.o(i.USART_ClearITPendingBit)
    USART_Cmd                                0x08003d5b   Thumb Code    24  stm32f4xx_usart.o(i.USART_Cmd)
    USART_DMACmd                             0x08003d73   Thumb Code    18  stm32f4xx_usart.o(i.USART_DMACmd)
    USART_DeInit                             0x08003d85   Thumb Code   206  stm32f4xx_usart.o(i.USART_DeInit)
    USART_GetITStatus                        0x08003e75   Thumb Code    84  stm32f4xx_usart.o(i.USART_GetITStatus)
    USART_ITConfig                           0x08003ec9   Thumb Code    74  stm32f4xx_usart.o(i.USART_ITConfig)
    USART_Init                               0x08003f15   Thumb Code   204  stm32f4xx_usart.o(i.USART_Init)
    USART_ReceiveData                        0x08003fe9   Thumb Code    10  stm32f4xx_usart.o(i.USART_ReceiveData)
    UsageFault_Handler                       0x08003ff3   Thumb Code     4  stm32f4xx_it.o(i.UsageFault_Handler)
    VPID_Init                                0x08003ff9   Thumb Code    40  speed_pid.o(i.VPID_Init)
    VPID_Init_All                            0x08004025   Thumb Code    46  speed_pid.o(i.VPID_Init_All)
    __0snprintf                              0x08004071   Thumb Code    36  printfa.o(i.__0snprintf)
    __1snprintf                              0x08004071   Thumb Code     0  printfa.o(i.__0snprintf)
    __2snprintf                              0x08004071   Thumb Code     0  printfa.o(i.__0snprintf)
    __c89snprintf                            0x08004071   Thumb Code     0  printfa.o(i.__0snprintf)
    snprintf                                 0x08004071   Thumb Code     0  printfa.o(i.__0snprintf)
    __0vsnprintf                             0x08004099   Thumb Code    32  printfa.o(i.__0vsnprintf)
    __1vsnprintf                             0x08004099   Thumb Code     0  printfa.o(i.__0vsnprintf)
    __2vsnprintf                             0x08004099   Thumb Code     0  printfa.o(i.__0vsnprintf)
    __c89vsnprintf                           0x08004099   Thumb Code     0  printfa.o(i.__0vsnprintf)
    vsnprintf                                0x08004099   Thumb Code     0  printfa.o(i.__0vsnprintf)
    __ARM_common_switch8                     0x080040bd   Thumb Code    26  dump.o(i.__ARM_common_switch8)
    __ARM_fpclassify                         0x080040d7   Thumb Code    48  fpclassify.o(i.__ARM_fpclassify)
    __ARM_isinf                              0x08004107   Thumb Code    22  value.o(i.__ARM_isinf)
    __ARM_isnan                              0x0800411d   Thumb Code    20  value.o(i.__ARM_isnan)
    __aeabi_errno_addr                       0x08004135   Thumb Code     4  errno.o(i.__aeabi_errno_addr)
    __rt_errno_addr                          0x08004135   Thumb Code     0  errno.o(i.__aeabi_errno_addr)
    __hardfp_cos                             0x08004141   Thumb Code   180  cos.o(i.__hardfp_cos)
    __hardfp_pow                             0x08004209   Thumb Code  3072  pow.o(i.__hardfp_pow)
    __hardfp_sin                             0x08004e59   Thumb Code   180  sin.o(i.__hardfp_sin)
    __ieee754_rem_pio2                       0x08004f21   Thumb Code   938  rred.o(i.__ieee754_rem_pio2)
    __kernel_cos                             0x08005359   Thumb Code   322  cos_i.o(i.__kernel_cos)
    __kernel_poly                            0x080054c9   Thumb Code   248  poly.o(i.__kernel_poly)
    __kernel_sin                             0x080055c1   Thumb Code   280  sin_i.o(i.__kernel_sin)
    __mathlib_dbl_divzero                    0x080056f1   Thumb Code    28  dunder.o(i.__mathlib_dbl_divzero)
    __mathlib_dbl_infnan                     0x08005721   Thumb Code    20  dunder.o(i.__mathlib_dbl_infnan)
    __mathlib_dbl_infnan2                    0x08005735   Thumb Code    20  dunder.o(i.__mathlib_dbl_infnan2)
    __mathlib_dbl_invalid                    0x08005749   Thumb Code    24  dunder.o(i.__mathlib_dbl_invalid)
    __mathlib_dbl_overflow                   0x08005769   Thumb Code    24  dunder.o(i.__mathlib_dbl_overflow)
    __mathlib_dbl_underflow                  0x08005789   Thumb Code    24  dunder.o(i.__mathlib_dbl_underflow)
    __scatterload_copy                       0x080057a9   Thumb Code    14  handlers.o(i.__scatterload_copy)
    __scatterload_null                       0x080057b7   Thumb Code     2  handlers.o(i.__scatterload_null)
    __scatterload_zeroinit                   0x080057b9   Thumb Code    14  handlers.o(i.__scatterload_zeroinit)
    __set_errno                              0x080057c9   Thumb Code     6  errno.o(i.__set_errno)
    _is_digit                                0x08005939   Thumb Code    14  scanf_fp.o(i._is_digit)
    apid_gimbal_realize                      0x0800608d   Thumb Code   142  angle_pid.o(i.apid_gimbal_realize)
    apid_realize                             0x08006129   Thumb Code   426  angle_pid.o(i.apid_realize)
    apid_trigeer_realize                     0x080062d9   Thumb Code    84  angle_pid.o(i.apid_trigeer_realize)
    bsp_imu_usart_init                       0x0800634d   Thumb Code   178  bsp_imu_usart.o(i.bsp_imu_usart_init)
    caclulate_pwm_pulse                      0x08006421   Thumb Code   138  json.o(i.caclulate_pwm_pulse)
    chassis_speed_control                    0x08006aed   Thumb Code   466  kinematic.o(i.chassis_speed_control)
    delay_init                               0x08006d2d   Thumb Code    46  delay.o(i.delay_init)
    delay_ms                                 0x08006d65   Thumb Code    56  delay.o(i.delay_ms)
    delay_xms                                0x08006d9d   Thumb Code    56  delay.o(i.delay_xms)
    fabs                                     0x08006e99   Thumb Code    24  fabs.o(i.fabs)
    find_max                                 0x08006eb1   Thumb Code   122  kinematic.o(i.find_max)
    free                                     0x08006f3d   Thumb Code    76  malloc.o(i.free)
    fric1_on                                 0x08006f8d   Thumb Code    14  fric.o(i.fric1_on)
    fric2_on                                 0x08006fa1   Thumb Code    14  fric.o(i.fric2_on)
    fric_PWM_configuration                   0x08006fb5   Thumb Code   288  fric.o(i.fric_PWM_configuration)
    gimbal_angle_control                     0x080070e1   Thumb Code    74  kinematic.o(i.gimbal_angle_control)
    gimbal_speed_control                     0x08007145   Thumb Code    42  kinematic.o(i.gimbal_speed_control)
    hashtable_close                          0x080072bd   Thumb Code    16  hashtable.o(i.hashtable_close)
    hashtable_get                            0x080073a1   Thumb Code    58  hashtable.o(i.hashtable_get)
    hashtable_init                           0x080073e1   Thumb Code    72  hashtable.o(i.hashtable_init)
    hashtable_set                            0x08007429   Thumb Code   168  hashtable.o(i.hashtable_set)
    json_array                               0x080074ff   Thumb Code    54  value.o(i.json_array)
    json_array_append_new                    0x08007535   Thumb Code    68  value.o(i.json_array_append_new)
    json_array_get                           0x0800757d   Thumb Code    28  value.o(i.json_array_get)
    json_delete                              0x08007649   Thumb Code    84  value.o(i.json_delete)
    json_false                               0x0800769d   Thumb Code     4  value.o(i.json_false)
    json_integer                             0x080076b5   Thumb Code    28  value.o(i.json_integer)
    json_integer_value                       0x080076d1   Thumb Code    24  value.o(i.json_integer_value)
    json_loads                               0x080076e9   Thumb Code    82  load.o(i.json_loads)
    json_null                                0x0800775d   Thumb Code     4  value.o(i.json_null)
    json_object                              0x08007765   Thumb Code    70  value.o(i.json_object)
    json_object_get                          0x080077b1   Thumb Code    28  value.o(i.json_object_get)
    json_object_seed                         0x080077cd   Thumb Code    34  hashtable_seed.o(i.json_object_seed)
    json_object_set_new_nocheck              0x080077f5   Thumb Code    58  value.o(i.json_object_set_new_nocheck)
    json_real                                0x08007835   Thumb Code    52  value.o(i.json_real)
    json_true                                0x08007869   Thumb Code     4  value.o(i.json_true)
    jsonp_error_init                         0x08007871   Thumb Code    34  error.o(i.jsonp_error_init)
    jsonp_error_set                          0x08007893   Thumb Code    16  error.o(i.jsonp_error_set)
    jsonp_error_set_source                   0x080078a5   Thumb Code    56  error.o(i.jsonp_error_set_source)
    jsonp_error_vset                         0x080078e1   Thumb Code    44  error.o(i.jsonp_error_vset)
    jsonp_free                               0x0800790d   Thumb Code    12  memory.o(i.jsonp_free)
    jsonp_malloc                             0x0800791d   Thumb Code    12  memory.o(i.jsonp_malloc)
    jsonp_stringn_nocheck_own                0x0800792d   Thumb Code    10  value.o(i.jsonp_stringn_nocheck_own)
    jsonp_strndup                            0x08007937   Thumb Code    36  memory.o(i.jsonp_strndup)
    jsonp_strtod                             0x0800795d   Thumb Code    90  strconv.o(i.jsonp_strtod)
    key_init                                 0x080079c1   Thumb Code    42  key.o(i.key_init)
    key_press                                0x080079f1   Thumb Code    56  key.o(i.key_press)
    led_init                                 0x08007a35   Thumb Code    60  led.o(i.led_init)
    main                                     0x08008085   Thumb Code   228  main.o(i.main)
    malloc                                   0x0800819d   Thumb Code    92  malloc.o(i.malloc)
    mode_init                                0x08008209   Thumb Code    14  mode.o(i.mode_init)
    motor_init                               0x08008221   Thumb Code   204  motor.o(i.motor_init)
    power_init                               0x080086f1   Thumb Code   112  power.o(i.power_init)
    power_open_all                           0x08008769   Thumb Code    12  power.o(i.power_open_all)
    record_motor_callback                    0x08008779   Thumb Code   200  motor.o(i.record_motor_callback)
    resolve_json_chassis_command             0x08008851   Thumb Code   172  json.o(i.resolve_json_chassis_command)
    resolve_json_fric_command                0x0800890d   Thumb Code    92  json.o(i.resolve_json_fric_command)
    resolve_json_gimbal_angle_command        0x08008981   Thumb Code   132  json.o(i.resolve_json_gimbal_angle_command)
    resolve_json_gimbal_speed_command        0x08008a15   Thumb Code    92  json.o(i.resolve_json_gimbal_speed_command)
    resolve_json_trigger_command             0x08008a81   Thumb Code    92  json.o(i.resolve_json_trigger_command)
    resolve_json_trigger_shoot_command       0x08008af5   Thumb Code   102  json.o(i.resolve_json_trigger_shoot_command)
    seed_from_timestamp_and_pid              0x08008b69   Thumb Code     6  jansson_config.o(i.seed_from_timestamp_and_pid)
    set_chassis_current                      0x08008b71   Thumb Code   122  motor.o(i.set_chassis_current)
    set_gimbal_current                       0x08008bfd   Thumb Code    66  motor.o(i.set_gimbal_current)
    set_trigger_current                      0x08008c49   Thumb Code    38  motor.o(i.set_trigger_current)
    shoot                                    0x08008c75   Thumb Code   262  shoot.o(i.shoot)
    sqrt                                     0x08008da9   Thumb Code   110  sqrt.o(i.sqrt)
    stop_chassis_motor                       0x08008e19   Thumb Code    70  motor.o(i.stop_chassis_motor)
    stop_trigger_motor                       0x08008e71   Thumb Code    26  motor.o(i.stop_trigger_motor)
    strbuffer_append_byte                    0x08008e91   Thumb Code    12  strbuffer.o(i.strbuffer_append_byte)
    strbuffer_append_bytes                   0x08008e9d   Thumb Code   108  strbuffer.o(i.strbuffer_append_bytes)
    strbuffer_clear                          0x08008f0d   Thumb Code    10  strbuffer.o(i.strbuffer_clear)
    strbuffer_close                          0x08008f17   Thumb Code    24  strbuffer.o(i.strbuffer_close)
    strbuffer_init                           0x08008f2f   Thumb Code    34  strbuffer.o(i.strbuffer_init)
    strbuffer_pop                            0x08008f51   Thumb Code    24  strbuffer.o(i.strbuffer_pop)
    strbuffer_value                          0x08008f69   Thumb Code     4  strbuffer.o(i.strbuffer_value)
    strtod                                   0x080090f1   Thumb Code    34  strtod.o(i.strtod)
    trigger_angle_control                    0x08009121   Thumb Code   130  kinematic.o(i.trigger_angle_control)
    trigger_control                          0x080091bd   Thumb Code    96  kinematic.o(i.trigger_control)
    utf8_check_first                         0x08009229   Thumb Code    60  utf.o(i.utf8_check_first)
    utf8_check_full                          0x08009265   Thumb Code   126  utf.o(i.utf8_check_full)
    utf8_encode                              0x080092ed   Thumb Code   120  utf.o(i.utf8_encode)
    vpid_chassis_realize                     0x08009369   Thumb Code   172  speed_pid.o(i.vpid_chassis_realize)
    vpid_gimbal_realize                      0x08009429   Thumb Code   122  speed_pid.o(i.vpid_gimbal_realize)
    vpid_realize                             0x080094b1   Thumb Code  1002  speed_pid.o(i.vpid_realize)
    vpid_trigger_realize                     0x080098d1   Thumb Code    70  speed_pid.o(i.vpid_trigger_realize)
    yawRead                                  0x08009921   Thumb Code     8  imureader.o(i.yawRead)
    yaw_angularRead                          0x0800992d   Thumb Code     8  imureader.o(i.yaw_angularRead)
    __mathlib_zero                           0x080099f0   Data           8  qnan.o(.constdata)
    __ctype_table                            0x08009ae8   Data         129  ctype_o.o(.constdata)
    Region$$Table$$Base                      0x08009b70   Number         0  anon$$obj.o(Region$$Table)
    Region$$Table$$Limit                     0x08009b90   Number         0  anon$$obj.o(Region$$Table)
    flag_json_recieve                        0x20000014   Data           1  stm32f4xx_it.o(.data)
    flag_command_recieved                    0x20000015   Data           1  stm32f4xx_it.o(.data)
    flag_command_recieved1                   0x20000016   Data           1  stm32f4xx_it.o(.data)
    flag_command_recieved2                   0x20000017   Data           1  stm32f4xx_it.o(.data)
    flag_command_recieved3                   0x20000018   Data           1  stm32f4xx_it.o(.data)
    flag_command_recieved4                   0x20000019   Data           1  stm32f4xx_it.o(.data)
    flag_command_recieved5                   0x2000001a   Data           1  stm32f4xx_it.o(.data)
    flag_command_recieved6                   0x2000001b   Data           1  stm32f4xx_it.o(.data)
    tmp                                      0x2000001c   Data           2  stm32f4xx_it.o(.data)
    stop_flag_chassis                        0x20000024   Data           4  kinematic.o(.data)
    stop_flag_trigger                        0x20000028   Data           4  kinematic.o(.data)
    flag_1                                   0x2000002c   Data           4  kinematic.o(.data)
    angle_judge_flag                         0x20000030   Data           4  kinematic.o(.data)
    angle_first_judge_flag                   0x20000034   Data           4  kinematic.o(.data)
    average                                  0x20000038   Data           4  speed_pid.o(.data)
    switch_flag                              0x2000003c   Data           1  speed_pid.o(.data)
    flag_pitch                               0x20000040   Data           4  speed_pid.o(.data)
    pid_target_speed                         0x20000044   Data           4  speed_pid.o(.data)
    pid_target_angle                         0x20000048   Data           4  speed_pid.o(.data)
    pid_flag_start                           0x2000004c   Data           4  speed_pid.o(.data)
    pid_flag_end                             0x20000050   Data           4  speed_pid.o(.data)
    trigger_angle                            0x20000054   Data           4  shoot.o(.data)
    wave_value                               0x20000058   Data           4  shoot.o(.data)
    chassis_modes                            0x2000005c   Data           1  mode.o(.data)
    gimbal_modes                             0x2000005d   Data           1  mode.o(.data)
    fric_modes                               0x2000005e   Data           1  mode.o(.data)
    control_mode                             0x2000005f   Data           1  mode.o(.data)
    ENCODER_read_left                        0x20000060   Data           2  encoder.o(.data)
    last_mark_left                           0x20000064   Data           4  encoder.o(.data)
    ENCODER_read_right                       0x20000068   Data           2  encoder.o(.data)
    last_mark_right                          0x2000006c   Data           4  encoder.o(.data)
    Encoder4_Timer_Overflow                  0x20000070   Data           4  encoder.o(.data)
    Encoder2_Timer_Overflow                  0x20000074   Data           4  encoder.o(.data)
    Previous_Count                           0x20000078   Data           2  encoder.o(.data)
    Referee_Data_Head                        0x2000007a   Data           5  referee.o(.data)
    Game_State                               0x2000007f   Data           3  referee.o(.data)
    Game_Result                              0x20000082   Data           1  referee.o(.data)
    Field_Event                              0x20000083   Data           4  referee.o(.data)
    Supply_Projectile_Action                 0x20000087   Data           4  referee.o(.data)
    Supply_Projectile_Booking                0x2000008b   Data           3  referee.o(.data)
    Referee_Warning                          0x2000008e   Data           2  referee.o(.data)
    Buff_Musk                                0x20000090   Data           1  referee.o(.data)
    Robot_Energy                             0x20000091   Data           2  referee.o(.data)
    Robot_Hurt                               0x20000093   Data           1  referee.o(.data)
    Shoot_Data                               0x20000094   Data           6  referee.o(.data)
    Bullet_Remaining                         0x2000009a   Data           1  referee.o(.data)
    Usart5_Clean_IDLE_Flag                   0x2000009c   Data           4  uart5.o(.data)
    Rereree_Datalen                          0x200000a0   Data           2  bsp_referee_usart.o(.data)
    Rereree_Data_Bufferlen                   0x200000a2   Data           2  bsp_referee_usart.o(.data)
    Q                                        0x200000a8   Data           4  motor.o(.data)
    R                                        0x200000ac   Data           4  motor.o(.data)
    max_motor_speed                          0x200000b0   Data           4  motor.o(.data)
    max_base_linear_speed                    0x200000b4   Data           4  motor.o(.data)
    max_base_rotational_speed                0x200000b8   Data           4  motor.o(.data)
    callback_flag                            0x200000bc   Data           4  motor.o(.data)
    x_speed                                  0x200000ec   Data           4  remote_code.o(.data)
    y_speed                                  0x200000f0   Data           4  remote_code.o(.data)
    r_speed                                  0x200000f4   Data           4  remote_code.o(.data)
    trigger_speed                            0x200000f8   Data           4  remote_code.o(.data)
    theta                                    0x200000fc   Data           4  remote_code.o(.data)
    cx_speed                                 0x20000100   Data           4  remote_code.o(.data)
    cy_speed                                 0x20000104   Data           4  remote_code.o(.data)
    fric_angular                             0x20000108   Data           4  remote_code.o(.data)
    flag                                     0x2000010c   Data           4  remote_code.o(.data)
    pwm_pulse_p                              0x20000120   Data           4  gimbal.o(.data)
    pwm_pulse_y                              0x20000124   Data           4  gimbal.o(.data)
    hashtable_seed                           0x20000148   Data           4  hashtable_seed.o(.data)
    __microlib_freelist                      0x20000150   Data           4  mvars.o(.data)
    __microlib_freelist_initialised          0x20000154   Data           4  mvars.o(.data)
    receiveBuffer                            0x20000158   Data         150  stm32f4xx_it.o(.bss)
    json_Buffer                              0x200001ee   Data         150  stm32f4xx_it.o(.bss)
    get_rcc_clock                            0x20000380   Data          16  my_init.o(.bss)
    Kinematics                               0x20000390   Data         152  kinematic.o(.bss)
    errr_yaw                                 0x20000428   Data          40  speed_pid.o(.bss)
    err_pitch                                0x20000450   Data          40  speed_pid.o(.bss)
    pid_t                                    0x20000478   Data          96  speed_pid.o(.bss)
    Game_Robot_HP                            0x200004d8   Data          28  referee.o(.bss)
    Robot_State                              0x200004f4   Data          15  referee.o(.bss)
    Power_Heat_Data                          0x20000503   Data          14  referee.o(.bss)
    Game_Robot_Pos                           0x20000511   Data          16  referee.o(.bss)
    Student_Interactive_Data                 0x20000521   Data          12  referee.o(.bss)
    Judge_Buffer                             0x20000530   Data         200  uart5.o(.bss)
    xCom5DMAInit                             0x200005f8   Data          60  uart5.o(.bss)
    Referee_Buffer                           0x20000634   Data         256  bsp_referee_usart.o(.bss)
    Referee_Data_Length                      0x20000734   Data          20  bsp_referee_usart.o(.bss)
    Referee_Data_Buffer                      0x20000748   Data        1024  bsp_referee_usart.o(.bss)
    motor1                                   0x20000b48   Data         188  motor.o(.bss)
    motor2                                   0x20000c04   Data         188  motor.o(.bss)
    motor3                                   0x20000cc0   Data         188  motor.o(.bss)
    motor4                                   0x20000d7c   Data         188  motor.o(.bss)
    motor5                                   0x20000e38   Data         188  motor.o(.bss)
    motor6                                   0x20000ef4   Data         188  motor.o(.bss)
    gimbal_y                                 0x20000fb0   Data         188  motor.o(.bss)
    gimbal_p                                 0x2000106c   Data         188  motor.o(.bss)
    loopback                                 0x20001128   Data          32  motor.o(.bss)
    rc                                       0x20001148   Data          10  dji_remote.o(.bss)
    sbus_rx_buffer                           0x20001152   Data          36  dji_remote.o(.bss)
    imu_data                                 0x20001178   Data          40  imureader.o(.bss)
    __heap_base                              0x200011a0   Data           0  startup_stm32f427_437xx.o(HEAP)
    __heap_limit                             0x200021a0   Data           0  startup_stm32f427_437xx.o(HEAP)
    __initial_sp                             0x200031a0   Data           0  startup_stm32f427_437xx.o(STACK)



==============================================================================

Memory Map of the image

  Image Entry point : 0x080001ad

  Load Region LR_IROM1 (Base: 0x08000000, Size: 0x00009ce8, Max: 0x00200000, ABSOLUTE, COMPRESSED[0x00009be0])

    Execution Region ER_IROM1 (Exec base: 0x08000000, Load base: 0x08000000, Size: 0x00009b90, Max: 0x00200000, ABSOLUTE)

    Exec Addr    Load Addr    Size         Type   Attr      Idx    E Section Name        Object

    0x08000000   0x08000000   0x000001ac   Data   RO            3    RESET               startup_stm32f427_437xx.o
    0x080001ac   0x080001ac   0x00000000   Code   RO         7443  * .ARM.Collect$$$$00000000  mc_w.l(entry.o)
    0x080001ac   0x080001ac   0x00000004   Code   RO         7856    .ARM.Collect$$$$00000001  mc_w.l(entry2.o)
    0x080001b0   0x080001b0   0x00000004   Code   RO         7859    .ARM.Collect$$$$00000004  mc_w.l(entry5.o)
    0x080001b4   0x080001b4   0x00000000   Code   RO         7861    .ARM.Collect$$$$00000008  mc_w.l(entry7b.o)
    0x080001b4   0x080001b4   0x00000000   Code   RO         7863    .ARM.Collect$$$$0000000A  mc_w.l(entry8b.o)
    0x080001b4   0x080001b4   0x00000008   Code   RO         7864    .ARM.Collect$$$$0000000B  mc_w.l(entry9a.o)
    0x080001bc   0x080001bc   0x00000000   Code   RO         7866    .ARM.Collect$$$$0000000D  mc_w.l(entry10a.o)
    0x080001bc   0x080001bc   0x00000000   Code   RO         7868    .ARM.Collect$$$$0000000F  mc_w.l(entry11a.o)
    0x080001bc   0x080001bc   0x00000004   Code   RO         7857    .ARM.Collect$$$$00002712  mc_w.l(entry2.o)
    0x080001c0   0x080001c0   0x00000024   Code   RO            4    .text               startup_stm32f427_437xx.o
    0x080001e4   0x080001e4   0x0000002c   Code   RO         7455    .text               mc_w.l(uidiv.o)
    0x08000210   0x08000210   0x00000040   Code   RO         7463    .text               mc_w.l(memmovea.o)
    0x08000250   0x08000250   0x00000024   Code   RO         7465    .text               mc_w.l(memseta.o)
    0x08000274   0x08000274   0x0000000e   Code   RO         7469    .text               mc_w.l(strlen.o)
    0x08000282   0x08000282   0x0000001c   Code   RO         7471    .text               mc_w.l(strcmp.o)
    0x0800029e   0x0800029e   0x00000014   Code   RO         7473    .text               mc_w.l(memchr.o)
    0x080002b2   0x080002b2   0x00000012   Code   RO         7477    .text               mc_w.l(strcpy.o)
    0x080002c4   0x080002c4   0x00000004   Code   RO         7781    .text               mc_w.l(strtoll.o)
    0x080002c8   0x080002c8   0x0000014e   Code   RO         7783    .text               mf_w.l(dadd.o)
    0x08000416   0x08000416   0x000000e4   Code   RO         7785    .text               mf_w.l(dmul.o)
    0x080004fa   0x080004fa   0x000000de   Code   RO         7787    .text               mf_w.l(ddiv.o)
    0x080005d8   0x080005d8   0x0000002c   Code   RO         7789    .text               mf_w.l(ffltl.o)
    0x08000604   0x08000604   0x00000022   Code   RO         7791    .text               mf_w.l(dflti.o)
    0x08000626   0x08000626   0x0000003e   Code   RO         7795    .text               mf_w.l(dfixi.o)
    0x08000664   0x08000664   0x00000026   Code   RO         7797    .text               mf_w.l(f2d.o)
    0x0800068a   0x0800068a   0x00000002   PAD
    0x0800068c   0x0800068c   0x00000030   Code   RO         7799    .text               mf_w.l(cdcmple.o)
    0x080006bc   0x080006bc   0x00000030   Code   RO         7801    .text               mf_w.l(cdrcmple.o)
    0x080006ec   0x080006ec   0x00000038   Code   RO         7803    .text               mf_w.l(d2f.o)
    0x08000724   0x08000724   0x00000062   Code   RO         7871    .text               mc_w.l(uldiv.o)
    0x08000786   0x08000786   0x0000001e   Code   RO         7873    .text               mc_w.l(llshl.o)
    0x080007a4   0x080007a4   0x00000020   Code   RO         7875    .text               mc_w.l(llushr.o)
    0x080007c4   0x080007c4   0x00000024   Code   RO         7877    .text               mc_w.l(llsshr.o)
    0x080007e8   0x080007e8   0x0000009c   Code   RO         7881    .text               mc_w.l(strtod.o)
    0x08000884   0x08000884   0x00000090   Code   RO         7883    .text               mc_w.l(__strtoll.o)
    0x08000914   0x08000914   0x00000000   Code   RO         7885    .text               mc_w.l(iusefp.o)
    0x08000914   0x08000914   0x0000006e   Code   RO         7886    .text               mf_w.l(fepilogue.o)
    0x08000982   0x08000982   0x000000ba   Code   RO         7888    .text               mf_w.l(depilogue.o)
    0x08000a3c   0x08000a3c   0x0000002e   Code   RO         7892    .text               mf_w.l(dscalb.o)
    0x08000a6a   0x08000a6a   0x00000030   Code   RO         7894    .text               mf_w.l(dfixul.o)
    0x08000a9a   0x08000a9a   0x00000002   PAD
    0x08000a9c   0x08000a9c   0x00000024   Code   RO         7896    .text               mc_w.l(init.o)
    0x08000ac0   0x08000ac0   0x00000008   Code   RO         7900    .text               mc_w.l(ctype_o.o)
    0x08000ac8   0x08000ac8   0x00000012   Code   RO         7922    .text               mc_w.l(isspace_o.o)
    0x08000ada   0x08000ada   0x00000002   PAD
    0x08000adc   0x08000adc   0x00000338   Code   RO         7928    .text               mc_w.l(scanf_fp.o)
    0x08000e14   0x08000e14   0x00000040   Code   RO         7932    .text               mc_w.l(_sgetc.o)
    0x08000e54   0x08000e54   0x000000c2   Code   RO         7934    .text               mc_w.l(_strtoull.o)
    0x08000f16   0x08000f16   0x000000a2   Code   RO         7936    .text               mf_w.l(dsqrt.o)
    0x08000fb8   0x08000fb8   0x0000001a   Code   RO         7938    .text               mf_w.l(dfltui.o)
    0x08000fd2   0x08000fd2   0x0000001c   Code   RO         7943    .text               mc_w.l(_chval.o)
    0x08000fee   0x08000fee   0x00000018   Code   RO         7945    .text               mf_w.l(dfltul.o)
    0x08001006   0x08001006   0x00000056   Code   RO         7955    .text               mc_w.l(__dczerorl2.o)
    0x0800105c   0x0800105c   0x00000016   Code   RO         4704    i.APID_Init         angle_pid.o
    0x08001072   0x08001072   0x00000002   PAD
    0x08001074   0x08001074   0x0000004c   Code   RO         4705    i.APID_Init_All     angle_pid.o
    0x080010c0   0x080010c0   0x0000007c   Code   RO         4572    i.All_Init          my_init.o
    0x0800113c   0x0800113c   0x00000108   Code   RO         4632    i.BaseVel_To_WheelVel  kinematic.o
    0x08001244   0x08001244   0x00000004   Code   RO         4337    i.BusFault_Handler  stm32f4xx_it.o
    0x08001248   0x08001248   0x00000100   Code   RO         5382    i.CAN1_Mode_Init    can.o
    0x08001348   0x08001348   0x00000184   Code   RO         4338    i.CAN1_RX0_IRQHandler  stm32f4xx_it.o
    0x080014cc   0x080014cc   0x00000070   Code   RO         5384    i.CAN1_Send_CHASSIS_Msg  can.o
    0x0800153c   0x0800153c   0x00000070   Code   RO         5385    i.CAN1_Send_GIMBAL_Msg  can.o
    0x080015ac   0x080015ac   0x00000070   Code   RO         5386    i.CAN1_Send_Trigger_Msg  can.o
    0x0800161c   0x0800161c   0x00000108   Code   RO          465    i.CAN_FilterInit    stm32f4xx_can.o
    0x08001724   0x08001724   0x00000012   Code   RO          471    i.CAN_ITConfig      stm32f4xx_can.o
    0x08001736   0x08001736   0x00000114   Code   RO          472    i.CAN_Init          stm32f4xx_can.o
    0x0800184a   0x0800184a   0x000000f0   Code   RO          475    i.CAN_Receive       stm32f4xx_can.o
    0x0800193a   0x0800193a   0x00000126   Code   RO          480    i.CAN_Transmit      stm32f4xx_can.o
    0x08001a60   0x08001a60   0x000000a0   Code   RO          481    i.CAN_TransmitStatus  stm32f4xx_can.o
    0x08001b00   0x08001b00   0x00000016   Code   RO          856    i.DMA_Cmd           stm32f4xx_dma.o
    0x08001b16   0x08001b16   0x00000002   PAD
    0x08001b18   0x08001b18   0x00000158   Code   RO          857    i.DMA_DeInit        stm32f4xx_dma.o
    0x08001c70   0x08001c70   0x00000016   Code   RO          858    i.DMA_DoubleBufferModeCmd  stm32f4xx_dma.o
    0x08001c86   0x08001c86   0x00000018   Code   RO          859    i.DMA_DoubleBufferModeConfig  stm32f4xx_dma.o
    0x08001c9e   0x08001c9e   0x00000008   Code   RO          862    i.DMA_GetCurrDataCounter  stm32f4xx_dma.o
    0x08001ca6   0x08001ca6   0x00000014   Code   RO          863    i.DMA_GetCurrentMemoryTarget  stm32f4xx_dma.o
    0x08001cba   0x08001cba   0x00000002   PAD
    0x08001cbc   0x08001cbc   0x00000058   Code   RO          868    i.DMA_Init          stm32f4xx_dma.o
    0x08001d14   0x08001d14   0x00000002   Code   RO         4339    i.DebugMon_Handler  stm32f4xx_it.o
    0x08001d16   0x08001d16   0x00000002   PAD
    0x08001d18   0x08001d18   0x00000040   Code   RO         5953    i.Debug_Key         tim3_events.o
    0x08001d58   0x08001d58   0x000000c0   Code   RO         5316    i.Debug_USART_Config  bsp_debug_usart.o
    0x08001e18   0x08001e18   0x0000013c   Code   RO         5864    i.Dji_Remote_Init   dji_remote.o
    0x08001f54   0x08001f54   0x00000090   Code   RO         1593    i.GPIO_Init         stm32f4xx_gpio.o
    0x08001fe4   0x08001fe4   0x00000046   Code   RO         1594    i.GPIO_PinAFConfig  stm32f4xx_gpio.o
    0x0800202a   0x0800202a   0x00000004   Code   RO         1600    i.GPIO_ResetBits    stm32f4xx_gpio.o
    0x0800202e   0x0800202e   0x00000004   Code   RO         1601    i.GPIO_SetBits      stm32f4xx_gpio.o
    0x08002032   0x08002032   0x00000002   PAD
    0x08002034   0x08002034   0x00000134   Code   RO         4633    i.Get_Base_Velocities  kinematic.o
    0x08002168   0x08002168   0x00000054   Code   RO         4634    i.Get_Gimbal_Angle  kinematic.o
    0x080021bc   0x080021bc   0x00000004   Code   RO         4340    i.HardFault_Handler  stm32f4xx_it.o
    0x080021c0   0x080021c0   0x000000c0   Code   RO         5436    i.JSON_USART_Config  bsp_uart7.o
    0x08002280   0x08002280   0x00000010   Code   RO         4480    i.MY_NVIC_SetVectorTable  sys.o
    0x08002290   0x08002290   0x00000004   Code   RO         4341    i.MemManage_Handler  stm32f4xx_it.o
    0x08002294   0x08002294   0x00000002   Code   RO         4342    i.NMI_Handler       stm32f4xx_it.o
    0x08002296   0x08002296   0x00000002   PAD
    0x08002298   0x08002298   0x00000078   Code   RO          161    i.NVIC_Init         misc.o
    0x08002310   0x08002310   0x00000014   Code   RO          162    i.NVIC_PriorityGroupConfig  misc.o
    0x08002324   0x08002324   0x00000020   Code   RO         2078    i.RCC_AHB1PeriphClockCmd  stm32f4xx_rcc.o
    0x08002344   0x08002344   0x00000020   Code   RO         2087    i.RCC_APB1PeriphClockCmd  stm32f4xx_rcc.o
    0x08002364   0x08002364   0x00000020   Code   RO         2089    i.RCC_APB1PeriphResetCmd  stm32f4xx_rcc.o
    0x08002384   0x08002384   0x00000020   Code   RO         2090    i.RCC_APB2PeriphClockCmd  stm32f4xx_rcc.o
    0x080023a4   0x080023a4   0x00000020   Code   RO         2092    i.RCC_APB2PeriphResetCmd  stm32f4xx_rcc.o
    0x080023c4   0x080023c4   0x000000e8   Code   RO         2099    i.RCC_GetClocksFreq  stm32f4xx_rcc.o
    0x080024ac   0x080024ac   0x00000038   Code   RO         5545    i.RefereeDataProcess  bsp_referee_usart.o
    0x080024e4   0x080024e4   0x00000180   Code   RO         5243    i.Referee_Data_Solve  referee.o
    0x08002664   0x08002664   0x00000068   Code   RO         5865    i.RemoteDataProcess  dji_remote.o
    0x080026cc   0x080026cc   0x000004f8   Code   RO         5906    i.Remote_Control    remote_code.o
    0x08002bc4   0x08002bc4   0x00000190   Code   RO         5954    i.Robo_Move         tim3_events.o
    0x08002d54   0x08002d54   0x00000120   Code   RO           13    i.SetSysClock       system_stm32f4xx.o
    0x08002e74   0x08002e74   0x00000068   Code   RO         4481    i.Stm32_Clock_Init  sys.o
    0x08002edc   0x08002edc   0x0000010c   Code   RO         4482    i.Sys_Clock_Set     sys.o
    0x08002fe8   0x08002fe8   0x00000068   Code   RO           15    i.SystemInit        system_stm32f4xx.o
    0x08003050   0x08003050   0x00000108   Code   RO         6049    i.TIM1_GIMBAL_Init  gimbal.o
    0x08003158   0x08003158   0x00000028   Code   RO         5138    i.TIM2_IRQHandler   encoder.o
    0x08003180   0x08003180   0x00000160   Code   RO         4216    i.TIM3_IRQHandler   main.o
    0x080032e0   0x080032e0   0x0000005c   Code   RO         5352    i.TIM3_Int_Init     timer.o
    0x0800333c   0x0800333c   0x0000002c   Code   RO         5139    i.TIM4_IRQHandler   encoder.o
    0x08003368   0x08003368   0x00000018   Code   RO         3204    i.TIM_ARRPreloadConfig  stm32f4xx_tim.o
    0x08003380   0x08003380   0x00000006   Code   RO         3211    i.TIM_ClearITPendingBit  stm32f4xx_tim.o
    0x08003386   0x08003386   0x00000018   Code   RO         3216    i.TIM_Cmd           stm32f4xx_tim.o
    0x0800339e   0x0800339e   0x0000001e   Code   RO         3218    i.TIM_CtrlPWMOutputs  stm32f4xx_tim.o
    0x080033bc   0x080033bc   0x00000022   Code   RO         3237    i.TIM_GetITStatus   stm32f4xx_tim.o
    0x080033de   0x080033de   0x00000012   Code   RO         3241    i.TIM_ITConfig      stm32f4xx_tim.o
    0x080033f0   0x080033f0   0x0000007c   Code   RO         3245    i.TIM_OC1Init       stm32f4xx_tim.o
    0x0800346c   0x0800346c   0x00000012   Code   RO         3248    i.TIM_OC1PreloadConfig  stm32f4xx_tim.o
    0x0800347e   0x0800347e   0x00000002   PAD
    0x08003480   0x08003480   0x000000a4   Code   RO         3250    i.TIM_OC2Init       stm32f4xx_tim.o
    0x08003524   0x08003524   0x0000001a   Code   RO         3253    i.TIM_OC2PreloadConfig  stm32f4xx_tim.o
    0x0800353e   0x0800353e   0x00000002   PAD
    0x08003540   0x08003540   0x000000a0   Code   RO         3255    i.TIM_OC3Init       stm32f4xx_tim.o
    0x080035e0   0x080035e0   0x00000012   Code   RO         3258    i.TIM_OC3PreloadConfig  stm32f4xx_tim.o
    0x080035f2   0x080035f2   0x00000002   PAD
    0x080035f4   0x080035f4   0x00000078   Code   RO         3260    i.TIM_OC4Init       stm32f4xx_tim.o
    0x0800366c   0x0800366c   0x0000001a   Code   RO         3262    i.TIM_OC4PreloadConfig  stm32f4xx_tim.o
    0x08003686   0x08003686   0x00000004   Code   RO         3278    i.TIM_SetCompare1   stm32f4xx_tim.o
    0x0800368a   0x0800368a   0x00000004   Code   RO         3279    i.TIM_SetCompare2   stm32f4xx_tim.o
    0x0800368e   0x0800368e   0x00000004   Code   RO         3280    i.TIM_SetCompare3   stm32f4xx_tim.o
    0x08003692   0x08003692   0x00000004   Code   RO         3281    i.TIM_SetCompare4   stm32f4xx_tim.o
    0x08003696   0x08003696   0x00000002   PAD
    0x08003698   0x08003698   0x00000084   Code   RO         3288    i.TIM_TimeBaseInit  stm32f4xx_tim.o
    0x0800371c   0x0800371c   0x00000054   Code   RO         5473    i.UART5_IRQHandler  uart5.o
    0x08003770   0x08003770   0x00000220   Code   RO         4343    i.UART7_IRQHandler  stm32f4xx_it.o
    0x08003990   0x08003990   0x000000d0   Code   RO         5549    i.UART8_IRQHandler  bsp_referee_usart.o
    0x08003a60   0x08003a60   0x000000a8   Code   RO         5866    i.USART1_IRQHandler  dji_remote.o
    0x08003b08   0x08003b08   0x00000234   Code   RO         4344    i.USART6_IRQHandler  stm32f4xx_it.o
    0x08003d3c   0x08003d3c   0x0000001e   Code   RO         3767    i.USART_ClearITPendingBit  stm32f4xx_usart.o
    0x08003d5a   0x08003d5a   0x00000018   Code   RO         3770    i.USART_Cmd         stm32f4xx_usart.o
    0x08003d72   0x08003d72   0x00000012   Code   RO         3771    i.USART_DMACmd      stm32f4xx_usart.o
    0x08003d84   0x08003d84   0x000000f0   Code   RO         3772    i.USART_DeInit      stm32f4xx_usart.o
    0x08003e74   0x08003e74   0x00000054   Code   RO         3774    i.USART_GetITStatus  stm32f4xx_usart.o
    0x08003ec8   0x08003ec8   0x0000004a   Code   RO         3776    i.USART_ITConfig    stm32f4xx_usart.o
    0x08003f12   0x08003f12   0x00000002   PAD
    0x08003f14   0x08003f14   0x000000d4   Code   RO         3777    i.USART_Init        stm32f4xx_usart.o
    0x08003fe8   0x08003fe8   0x0000000a   Code   RO         3784    i.USART_ReceiveData  stm32f4xx_usart.o
    0x08003ff2   0x08003ff2   0x00000004   Code   RO         4345    i.UsageFault_Handler  stm32f4xx_it.o
    0x08003ff6   0x08003ff6   0x00000002   PAD
    0x08003ff8   0x08003ff8   0x0000002c   Code   RO         4750    i.VPID_Init         speed_pid.o
    0x08004024   0x08004024   0x0000004c   Code   RO         4751    i.VPID_Init_All     speed_pid.o
    0x08004070   0x08004070   0x00000028   Code   RO         7719    i.__0snprintf       mc_w.l(printfa.o)
    0x08004098   0x08004098   0x00000024   Code   RO         7723    i.__0vsnprintf      mc_w.l(printfa.o)
    0x080040bc   0x080040bc   0x0000001a   Code   RO         6267    i.__ARM_common_switch8  jansson_CM3LE.lib(dump.o)
    0x080040d6   0x080040d6   0x00000030   Code   RO         7828    i.__ARM_fpclassify  m_wm.l(fpclassify.o)
    0x08004106   0x08004106   0x00000016   Code   RO         6960    i.__ARM_isinf       jansson_CM3LE.lib(value.o)
    0x0800411c   0x0800411c   0x00000018   Code   RO         6965    i.__ARM_isnan       jansson_CM3LE.lib(value.o)
    0x08004134   0x08004134   0x00000008   Code   RO         7774    i.__aeabi_errno_addr  mc_w.l(errno.o)
    0x0800413c   0x0800413c   0x00000004   PAD
    0x08004140   0x08004140   0x000000c8   Code   RO         7399    i.__hardfp_cos      m_wm.l(cos.o)
    0x08004208   0x08004208   0x00000c50   Code   RO         7411    i.__hardfp_pow      m_wm.l(pow.o)
    0x08004e58   0x08004e58   0x000000c8   Code   RO         7425    i.__hardfp_sin      m_wm.l(sin.o)
    0x08004f20   0x08004f20   0x00000438   Code   RO         7833    i.__ieee754_rem_pio2  m_wm.l(rred.o)
    0x08005358   0x08005358   0x00000170   Code   RO         7805    i.__kernel_cos      m_wm.l(cos_i.o)
    0x080054c8   0x080054c8   0x000000f8   Code   RO         7830    i.__kernel_poly     m_wm.l(poly.o)
    0x080055c0   0x080055c0   0x00000130   Code   RO         7838    i.__kernel_sin      m_wm.l(sin_i.o)
    0x080056f0   0x080056f0   0x00000030   Code   RO         7808    i.__mathlib_dbl_divzero  m_wm.l(dunder.o)
    0x08005720   0x08005720   0x00000014   Code   RO         7809    i.__mathlib_dbl_infnan  m_wm.l(dunder.o)
    0x08005734   0x08005734   0x00000014   Code   RO         7810    i.__mathlib_dbl_infnan2  m_wm.l(dunder.o)
    0x08005748   0x08005748   0x00000020   Code   RO         7811    i.__mathlib_dbl_invalid  m_wm.l(dunder.o)
    0x08005768   0x08005768   0x00000020   Code   RO         7812    i.__mathlib_dbl_overflow  m_wm.l(dunder.o)
    0x08005788   0x08005788   0x00000020   Code   RO         7814    i.__mathlib_dbl_underflow  m_wm.l(dunder.o)
    0x080057a8   0x080057a8   0x0000000e   Code   RO         7949    i.__scatterload_copy  mc_w.l(handlers.o)
    0x080057b6   0x080057b6   0x00000002   Code   RO         7950    i.__scatterload_null  mc_w.l(handlers.o)
    0x080057b8   0x080057b8   0x0000000e   Code   RO         7951    i.__scatterload_zeroinit  mc_w.l(handlers.o)
    0x080057c6   0x080057c6   0x00000002   PAD
    0x080057c8   0x080057c8   0x0000000c   Code   RO         7776    i.__set_errno       mc_w.l(errno.o)
    0x080057d4   0x080057d4   0x00000164   Code   RO         7725    i._fp_digits        mc_w.l(printfa.o)
    0x08005938   0x08005938   0x0000000e   Code   RO         7930    i._is_digit         mc_w.l(scanf_fp.o)
    0x08005946   0x08005946   0x00000002   PAD
    0x08005948   0x08005948   0x000006dc   Code   RO         7726    i._printf_core      mc_w.l(printfa.o)
    0x08006024   0x08006024   0x00000024   Code   RO         7727    i._printf_post_padding  mc_w.l(printfa.o)
    0x08006048   0x08006048   0x0000002e   Code   RO         7728    i._printf_pre_padding  mc_w.l(printfa.o)
    0x08006076   0x08006076   0x00000016   Code   RO         7729    i._snputc           mc_w.l(printfa.o)
    0x0800608c   0x0800608c   0x0000009c   Code   RO         4707    i.apid_gimbal_realize  angle_pid.o
    0x08006128   0x08006128   0x000001b0   Code   RO         4708    i.apid_realize      angle_pid.o
    0x080062d8   0x080062d8   0x0000005c   Code   RO         4709    i.apid_trigeer_realize  angle_pid.o
    0x08006334   0x08006334   0x00000018   Code   RO         6614    i.array_copy        jansson_CM3LE.lib(value.o)
    0x0800634c   0x0800634c   0x000000bc   Code   RO         5521    i.bsp_imu_usart_init  bsp_imu_usart.o
    0x08006408   0x08006408   0x00000016   Code   RO         7054    i.bucket_is_empty   jansson_CM3LE.lib(hashtable.o)
    0x0800641e   0x0800641e   0x00000002   PAD
    0x08006420   0x08006420   0x000000ac   Code   RO         4815    i.caclulate_pwm_pulse  json.o
    0x080064cc   0x080064cc   0x00000224   Code   RO         5907    i.caculate_gimbal_pitch_angle  remote_code.o
    0x080066f0   0x080066f0   0x00000214   Code   RO         5908    i.caculate_gimbal_yaw_angle  remote_code.o
    0x08006904   0x08006904   0x000000f4   Code   RO         5909    i.caculate_linear_speed  remote_code.o
    0x080069f8   0x080069f8   0x000000f4   Code   RO         5910    i.caculate_rotational_speed  remote_code.o
    0x08006aec   0x08006aec   0x000001f4   Code   RO         4635    i.chassis_speed_control  kinematic.o
    0x08006ce0   0x08006ce0   0x0000004c   Code   RO         6315    i.decode_unicode_escape  jansson_CM3LE.lib(load.o)
    0x08006d2c   0x08006d2c   0x00000038   Code   RO         4428    i.delay_init        delay.o
    0x08006d64   0x08006d64   0x00000038   Code   RO         4429    i.delay_ms          delay.o
    0x08006d9c   0x08006d9c   0x0000003c   Code   RO         4431    i.delay_xms         delay.o
    0x08006dd8   0x08006dd8   0x000000c0   Code   RO         6316    i.error_set         jansson_CM3LE.lib(load.o)
    0x08006e98   0x08006e98   0x00000018   Code   RO         7824    i.fabs              m_wm.l(fabs.o)
    0x08006eb0   0x08006eb0   0x0000008c   Code   RO         4636    i.find_max          kinematic.o
    0x08006f3c   0x08006f3c   0x00000050   Code   RO         7746    i.free              mc_w.l(malloc.o)
    0x08006f8c   0x08006f8c   0x00000014   Code   RO         5985    i.fric1_on          fric.o
    0x08006fa0   0x08006fa0   0x00000014   Code   RO         5986    i.fric2_on          fric.o
    0x08006fb4   0x08006fb4   0x0000012c   Code   RO         5987    i.fric_PWM_configuration  fric.o
    0x080070e0   0x080070e0   0x00000064   Code   RO         4637    i.gimbal_angle_control  kinematic.o
    0x08007144   0x08007144   0x00000034   Code   RO         4638    i.gimbal_speed_control  kinematic.o
    0x08007178   0x08007178   0x00000144   Code   RO         7055    i.hashlittle        jansson_CM3LE.lib(hashtable.o)
    0x080072bc   0x080072bc   0x00000010   Code   RO         7057    i.hashtable_close   jansson_CM3LE.lib(hashtable.o)
    0x080072cc   0x080072cc   0x00000022   Code   RO         7059    i.hashtable_do_clear  jansson_CM3LE.lib(hashtable.o)
    0x080072ee   0x080072ee   0x00000076   Code   RO         7061    i.hashtable_do_rehash  jansson_CM3LE.lib(hashtable.o)
    0x08007364   0x08007364   0x0000003c   Code   RO         7062    i.hashtable_find_pair  jansson_CM3LE.lib(hashtable.o)
    0x080073a0   0x080073a0   0x00000040   Code   RO         7063    i.hashtable_get     jansson_CM3LE.lib(hashtable.o)
    0x080073e0   0x080073e0   0x00000048   Code   RO         7064    i.hashtable_init    jansson_CM3LE.lib(hashtable.o)
    0x08007428   0x08007428   0x000000ac   Code   RO         7072    i.hashtable_set     jansson_CM3LE.lib(hashtable.o)
    0x080074d4   0x080074d4   0x0000002a   Code   RO         7073    i.insert_to_bucket  jansson_CM3LE.lib(hashtable.o)
    0x080074fe   0x080074fe   0x00000036   Code   RO         6616    i.json_array        jansson_CM3LE.lib(value.o)
    0x08007534   0x08007534   0x00000048   Code   RO         6617    i.json_array_append_new  jansson_CM3LE.lib(value.o)
    0x0800757c   0x0800757c   0x0000001c   Code   RO         6620    i.json_array_get    jansson_CM3LE.lib(value.o)
    0x08007598   0x08007598   0x0000004c   Code   RO         6621    i.json_array_grow   jansson_CM3LE.lib(value.o)
    0x080075e4   0x080075e4   0x0000001c   Code   RO         4816    i.json_decref       json.o
    0x08007600   0x08007600   0x00000018   Code   RO         6317    i.json_decref       jansson_CM3LE.lib(load.o)
    0x08007618   0x08007618   0x00000018   Code   RO         6627    i.json_decref       jansson_CM3LE.lib(value.o)
    0x08007630   0x08007630   0x00000018   Code   RO         7074    i.json_decref       jansson_CM3LE.lib(hashtable.o)
    0x08007648   0x08007648   0x00000054   Code   RO         6629    i.json_delete       jansson_CM3LE.lib(value.o)
    0x0800769c   0x0800769c   0x00000008   Code   RO         6631    i.json_false        jansson_CM3LE.lib(value.o)
    0x080076a4   0x080076a4   0x00000010   Code   RO         6318    i.json_incref       jansson_CM3LE.lib(load.o)
    0x080076b4   0x080076b4   0x0000001c   Code   RO         6633    i.json_integer      jansson_CM3LE.lib(value.o)
    0x080076d0   0x080076d0   0x00000018   Code   RO         6635    i.json_integer_value  jansson_CM3LE.lib(value.o)
    0x080076e8   0x080076e8   0x00000074   Code   RO         6323    i.json_loads        jansson_CM3LE.lib(load.o)
    0x0800775c   0x0800775c   0x00000008   Code   RO         6636    i.json_null         jansson_CM3LE.lib(value.o)
    0x08007764   0x08007764   0x0000004c   Code   RO         6638    i.json_object       jansson_CM3LE.lib(value.o)
    0x080077b0   0x080077b0   0x0000001c   Code   RO         6643    i.json_object_get   jansson_CM3LE.lib(value.o)
    0x080077cc   0x080077cc   0x00000028   Code   RO         7381    i.json_object_seed  jansson_CM3LE.lib(hashtable_seed.o)
    0x080077f4   0x080077f4   0x00000040   Code   RO         6652    i.json_object_set_new_nocheck  jansson_CM3LE.lib(value.o)
    0x08007834   0x08007834   0x00000034   Code   RO         6658    i.json_real         jansson_CM3LE.lib(value.o)
    0x08007868   0x08007868   0x00000008   Code   RO         6672    i.json_true         jansson_CM3LE.lib(value.o)
    0x08007870   0x08007870   0x00000022   Code   RO         7009    i.jsonp_error_init  jansson_CM3LE.lib(error.o)
    0x08007892   0x08007892   0x00000010   Code   RO         7010    i.jsonp_error_set   jansson_CM3LE.lib(error.o)
    0x080078a2   0x080078a2   0x00000002   PAD
    0x080078a4   0x080078a4   0x0000003c   Code   RO         7011    i.jsonp_error_set_source  jansson_CM3LE.lib(error.o)
    0x080078e0   0x080078e0   0x0000002c   Code   RO         7012    i.jsonp_error_vset  jansson_CM3LE.lib(error.o)
    0x0800790c   0x0800790c   0x00000010   Code   RO         7212    i.jsonp_free        jansson_CM3LE.lib(memory.o)
    0x0800791c   0x0800791c   0x00000010   Code   RO         7213    i.jsonp_malloc      jansson_CM3LE.lib(memory.o)
    0x0800792c   0x0800792c   0x0000000a   Code   RO         6673    i.jsonp_stringn_nocheck_own  jansson_CM3LE.lib(value.o)
    0x08007936   0x08007936   0x00000024   Code   RO         7215    i.jsonp_strndup     jansson_CM3LE.lib(memory.o)
    0x0800795a   0x0800795a   0x00000002   PAD
    0x0800795c   0x0800795c   0x00000064   Code   RO         7318    i.jsonp_strtod      jansson_CM3LE.lib(strconv.o)
    0x080079c0   0x080079c0   0x00000030   Code   RO         5830    i.key_init          key.o
    0x080079f0   0x080079f0   0x00000044   Code   RO         5831    i.key_press         key.o
    0x08007a34   0x08007a34   0x00000040   Code   RO         5600    i.led_init          led.o
    0x08007a74   0x08007a74   0x0000001c   Code   RO         6324    i.lex_close         jansson_CM3LE.lib(load.o)
    0x08007a90   0x08007a90   0x00000012   Code   RO         6325    i.lex_free_string   jansson_CM3LE.lib(load.o)
    0x08007aa2   0x08007aa2   0x00000008   Code   RO         6326    i.lex_get           jansson_CM3LE.lib(load.o)
    0x08007aaa   0x08007aaa   0x0000001e   Code   RO         6327    i.lex_get_save      jansson_CM3LE.lib(load.o)
    0x08007ac8   0x08007ac8   0x00000030   Code   RO         6328    i.lex_init          jansson_CM3LE.lib(load.o)
    0x08007af8   0x08007af8   0x0000000c   Code   RO         6329    i.lex_save          jansson_CM3LE.lib(load.o)
    0x08007b04   0x08007b04   0x00000138   Code   RO         6330    i.lex_scan          jansson_CM3LE.lib(load.o)
    0x08007c3c   0x08007c3c   0x0000018c   Code   RO         6331    i.lex_scan_number   jansson_CM3LE.lib(load.o)
    0x08007dc8   0x08007dc8   0x00000288   Code   RO         6332    i.lex_scan_string   jansson_CM3LE.lib(load.o)
    0x08008050   0x08008050   0x00000026   Code   RO         6333    i.lex_unget_unsave  jansson_CM3LE.lib(load.o)
    0x08008076   0x08008076   0x0000000e   Code   RO         7075    i.list_insert       jansson_CM3LE.lib(hashtable.o)
    0x08008084   0x08008084   0x00000118   Code   RO         4217    i.main              main.o
    0x0800819c   0x0800819c   0x0000006c   Code   RO         7747    i.malloc            mc_w.l(malloc.o)
    0x08008208   0x08008208   0x00000018   Code   RO         5058    i.mode_init         mode.o
    0x08008220   0x08008220   0x000000e8   Code   RO         5627    i.motor_init        motor.o
    0x08008308   0x08008308   0x00000094   Code   RO         6334    i.parse_array       jansson_CM3LE.lib(load.o)
    0x0800839c   0x0800839c   0x00000094   Code   RO         6335    i.parse_json        jansson_CM3LE.lib(load.o)
    0x08008430   0x08008430   0x00000180   Code   RO         6336    i.parse_object      jansson_CM3LE.lib(load.o)
    0x080085b0   0x080085b0   0x00000140   Code   RO         6337    i.parse_value       jansson_CM3LE.lib(load.o)
    0x080086f0   0x080086f0   0x00000078   Code   RO         5784    i.power_init        power.o
    0x08008768   0x08008768   0x00000010   Code   RO         5785    i.power_open_all    power.o
    0x08008778   0x08008778   0x000000d8   Code   RO         5629    i.record_motor_callback  motor.o
    0x08008850   0x08008850   0x000000bc   Code   RO         4820    i.resolve_json_chassis_command  json.o
    0x0800890c   0x0800890c   0x00000074   Code   RO         4821    i.resolve_json_fric_command  json.o
    0x08008980   0x08008980   0x00000094   Code   RO         4822    i.resolve_json_gimbal_angle_command  json.o
    0x08008a14   0x08008a14   0x0000006c   Code   RO         4823    i.resolve_json_gimbal_speed_command  json.o
    0x08008a80   0x08008a80   0x00000074   Code   RO         4825    i.resolve_json_trigger_command  json.o
    0x08008af4   0x08008af4   0x00000074   Code   RO         4826    i.resolve_json_trigger_shoot_command  json.o
    0x08008b68   0x08008b68   0x00000006   Code   RO         6193    i.seed_from_timestamp_and_pid  jansson_config.o
    0x08008b6e   0x08008b6e   0x00000002   PAD
    0x08008b70   0x08008b70   0x0000008c   Code   RO         5630    i.set_chassis_current  motor.o
    0x08008bfc   0x08008bfc   0x0000004c   Code   RO         5631    i.set_gimbal_current  motor.o
    0x08008c48   0x08008c48   0x0000002c   Code   RO         5632    i.set_trigger_current  motor.o
    0x08008c74   0x08008c74   0x00000134   Code   RO         4946    i.shoot             shoot.o
    0x08008da8   0x08008da8   0x0000006e   Code   RO         7846    i.sqrt              m_wm.l(sqrt.o)
    0x08008e16   0x08008e16   0x00000002   PAD
    0x08008e18   0x08008e18   0x00000058   Code   RO         5633    i.stop_chassis_motor  motor.o
    0x08008e70   0x08008e70   0x00000020   Code   RO         5634    i.stop_trigger_motor  motor.o
    0x08008e90   0x08008e90   0x0000000c   Code   RO         7258    i.strbuffer_append_byte  jansson_CM3LE.lib(strbuffer.o)
    0x08008e9c   0x08008e9c   0x00000070   Code   RO         7259    i.strbuffer_append_bytes  jansson_CM3LE.lib(strbuffer.o)
    0x08008f0c   0x08008f0c   0x0000000a   Code   RO         7260    i.strbuffer_clear   jansson_CM3LE.lib(strbuffer.o)
    0x08008f16   0x08008f16   0x00000018   Code   RO         7261    i.strbuffer_close   jansson_CM3LE.lib(strbuffer.o)
    0x08008f2e   0x08008f2e   0x00000022   Code   RO         7262    i.strbuffer_init    jansson_CM3LE.lib(strbuffer.o)
    0x08008f50   0x08008f50   0x00000018   Code   RO         7263    i.strbuffer_pop     jansson_CM3LE.lib(strbuffer.o)
    0x08008f68   0x08008f68   0x00000004   Code   RO         7265    i.strbuffer_value   jansson_CM3LE.lib(strbuffer.o)
    0x08008f6c   0x08008f6c   0x000000e4   Code   RO         6338    i.stream_get        jansson_CM3LE.lib(load.o)
    0x08009050   0x08009050   0x0000004a   Code   RO         6339    i.stream_unget      jansson_CM3LE.lib(load.o)
    0x0800909a   0x0800909a   0x0000003e   Code   RO         6674    i.string_create     jansson_CM3LE.lib(value.o)
    0x080090d8   0x080090d8   0x00000018   Code   RO         6340    i.string_get        jansson_CM3LE.lib(load.o)
    0x080090f0   0x080090f0   0x00000030   Code   RO         7439    i.strtod            m_wm.l(strtod.o)
    0x08009120   0x08009120   0x0000009c   Code   RO         4639    i.trigger_angle_control  kinematic.o
    0x080091bc   0x080091bc   0x0000006c   Code   RO         4640    i.trigger_control   kinematic.o
    0x08009228   0x08009228   0x0000003c   Code   RO         7345    i.utf8_check_first  jansson_CM3LE.lib(utf.o)
    0x08009264   0x08009264   0x00000088   Code   RO         7346    i.utf8_check_full   jansson_CM3LE.lib(utf.o)
    0x080092ec   0x080092ec   0x0000007c   Code   RO         7348    i.utf8_encode       jansson_CM3LE.lib(utf.o)
    0x08009368   0x08009368   0x000000c0   Code   RO         4754    i.vpid_chassis_realize  speed_pid.o
    0x08009428   0x08009428   0x00000088   Code   RO         4755    i.vpid_gimbal_realize  speed_pid.o
    0x080094b0   0x080094b0   0x00000420   Code   RO         4756    i.vpid_realize      speed_pid.o
    0x080098d0   0x080098d0   0x00000050   Code   RO         4757    i.vpid_trigger_realize  speed_pid.o
    0x08009920   0x08009920   0x0000000c   Code   RO         6142    i.yawRead           imureader.o
    0x0800992c   0x0800992c   0x0000000c   Code   RO         6143    i.yaw_angularRead   imureader.o
    0x08009938   0x08009938   0x00000088   Data   RO         7414    .constdata          m_wm.l(pow.o)
    0x080099c0   0x080099c0   0x00000030   Data   RO         7806    .constdata          m_wm.l(cos_i.o)
    0x080099f0   0x080099f0   0x00000008   Data   RO         7832    .constdata          m_wm.l(qnan.o)
    0x080099f8   0x080099f8   0x000000c8   Data   RO         7835    .constdata          m_wm.l(rred.o)
    0x08009ac0   0x08009ac0   0x00000028   Data   RO         7839    .constdata          m_wm.l(sin_i.o)
    0x08009ae8   0x08009ae8   0x00000081   Data   RO         7901    .constdata          mc_w.l(ctype_o.o)
    0x08009b69   0x08009b69   0x00000003   PAD
    0x08009b6c   0x08009b6c   0x00000004   Data   RO         7902    .constdata          mc_w.l(ctype_o.o)
    0x08009b70   0x08009b70   0x00000020   Data   RO         7947    Region$$Table       anon$$obj.o


    Execution Region RW_IRAM1 (Exec base: 0x20000000, Load base: 0x08009b90, Size: 0x000031a0, Max: 0x00030000, ABSOLUTE, COMPRESSED[0x00000050])

    Exec Addr    Load Addr    Size         Type   Attr      Idx    E Section Name        Object

    0x20000000   COMPRESSED   0x00000010   Data   RW         2131    .data               stm32f4xx_rcc.o
    0x20000010   COMPRESSED   0x00000004   Data   RW         4218    .data               main.o
    0x20000014   COMPRESSED   0x0000000c   Data   RW         4348    .data               stm32f4xx_it.o
    0x20000020   COMPRESSED   0x00000004   Data   RW         4432    .data               delay.o
    0x20000024   COMPRESSED   0x00000014   Data   RW         4642    .data               kinematic.o
    0x20000038   COMPRESSED   0x0000001c   Data   RW         4759    .data               speed_pid.o
    0x20000054   COMPRESSED   0x00000008   Data   RW         4947    .data               shoot.o
    0x2000005c   COMPRESSED   0x00000004   Data   RW         5059    .data               mode.o
    0x20000060   COMPRESSED   0x0000001a   Data   RW         5147    .data               encoder.o
    0x2000007a   COMPRESSED   0x00000021   Data   RW         5246    .data               referee.o
    0x2000009b   COMPRESSED   0x00000001   PAD
    0x2000009c   COMPRESSED   0x00000004   Data   RW         5477    .data               uart5.o
    0x200000a0   COMPRESSED   0x00000006   Data   RW         5551    .data               bsp_referee_usart.o
    0x200000a6   COMPRESSED   0x00000002   PAD
    0x200000a8   COMPRESSED   0x00000040   Data   RW         5636    .data               motor.o
    0x200000e8   COMPRESSED   0x00000002   Data   RW         5832    .data               key.o
    0x200000ea   COMPRESSED   0x00000002   PAD
    0x200000ec   COMPRESSED   0x00000030   Data   RW         5911    .data               remote_code.o
    0x2000011c   COMPRESSED   0x00000004   Data   RW         5955    .data               tim3_events.o
    0x20000120   COMPRESSED   0x00000008   Data   RW         6050    .data               gimbal.o
    0x20000128   COMPRESSED   0x00000018   Data   RW         6675    .data               jansson_CM3LE.lib(value.o)
    0x20000140   COMPRESSED   0x00000008   Data   RW         7216    .data               jansson_CM3LE.lib(memory.o)
    0x20000148   COMPRESSED   0x00000004   Data   RW         7382    .data               jansson_CM3LE.lib(hashtable_seed.o)
    0x2000014c   COMPRESSED   0x00000004   Data   RW         7777    .data               mc_w.l(errno.o)
    0x20000150   COMPRESSED   0x00000004   Data   RW         7879    .data               mc_w.l(mvars.o)
    0x20000154   COMPRESSED   0x00000004   Data   RW         7880    .data               mc_w.l(mvars.o)
    0x20000158        -       0x00000226   Zero   RW         4346    .bss                stm32f4xx_it.o
    0x2000037e   COMPRESSED   0x00000002   PAD
    0x20000380        -       0x00000010   Zero   RW         4573    .bss                my_init.o
    0x20000390        -       0x00000098   Zero   RW         4641    .bss                kinematic.o
    0x20000428        -       0x000000b0   Zero   RW         4758    .bss                speed_pid.o
    0x200004d8        -       0x00000055   Zero   RW         5245    .bss                referee.o
    0x2000052d   COMPRESSED   0x00000003   PAD
    0x20000530        -       0x00000104   Zero   RW         5476    .bss                uart5.o
    0x20000634        -       0x00000514   Zero   RW         5550    .bss                bsp_referee_usart.o
    0x20000b48        -       0x00000600   Zero   RW         5635    .bss                motor.o
    0x20001148        -       0x0000002e   Zero   RW         5867    .bss                dji_remote.o
    0x20001176   COMPRESSED   0x00000002   PAD
    0x20001178        -       0x00000028   Zero   RW         6145    .bss                imureader.o
    0x200011a0        -       0x00001000   Zero   RW            2    HEAP                startup_stm32f427_437xx.o
    0x200021a0        -       0x00001000   Zero   RW            1    STACK               startup_stm32f427_437xx.o


==============================================================================

Image component sizes


      Code (inc. data)   RO Data    RW Data    ZI Data      Debug   Object Name

       778         58          0          0          0       3804   angle_pid.o
       192         10          0          0          0        729   bsp_debug_usart.o
       188         10          0          0          0        725   bsp_imu_usart.o
       264         18          0          6       1300       2216   bsp_referee_usart.o
       192         10          0          0          0        720   bsp_uart7.o
       592         28          0          0          0       3840   can.o
       172         14          0          4          0       1888   delay.o
       588         42          0          0         46       3390   dji_remote.o
        84         16          0         26          0       1565   encoder.o
       340         24          0          0          0       1835   fric.o
       264          8          0          8          0       1053   gimbal.o
        24          8          0          0         40       1255   imureader.o
         6          0          0          0          0        914   jansson_config.o
       992        144          0          0          0       8401   json.o
       116         18          0          2          0       1103   key.o
      1712        212          0         20        152       7896   kinematic.o
        64          4          0          0          0        527   led.o
       632         96          0          4          0       7904   main.o
       140         24          0          0          0       1735   misc.o
        24         10          0          4          0       1501   mode.o
       828        102          0         64       1536       7726   motor.o
       124          6          0          0         16        775   my_init.o
       136         12          0          0          0       1094   power.o
       384         68          0         33         85       2083   referee.o
      2840        294          0         48          0       5051   remote_code.o
       308         46          0          8          0      28651   shoot.o
      1584        132          0         28        176       7987   speed_pid.o
        36          8        428          0       8192        968   startup_stm32f427_437xx.o
      1252         28          0          0          0       5585   stm32f4xx_can.o
       528         26          0          0          0       5979   stm32f4xx_dma.o
       222          0          0          0          0       3183   stm32f4xx_gpio.o
      1516        150          0         12        550       6963   stm32f4xx_it.o
       392         48          0         16          0       6237   stm32f4xx_rcc.o
       940         66          0          0          0      13518   stm32f4xx_tim.o
       692         42          0          0          0       6734   stm32f4xx_usart.o
       388         32          0          0          0       2056   sys.o
       392         32          0          0          0     317309   system_stm32f4xx.o
       464         34          0          4          0       1156   tim3_events.o
        92          6          0          0          0        688   timer.o
        84         16          0          4        260       1442   uart5.o

    ----------------------------------------------------------------------
     20592       1902        460        296      12360     478186   Object Totals
         0          0         32          0          0          0   (incl. Generated)
        26          0          0          5          7          0   (incl. Padding)

    ----------------------------------------------------------------------

      Code (inc. data)   RO Data    RW Data    ZI Data      Debug   Library Member Name

        26          0          0          0          0       5280   dump.o
       154          4          0          0          0       6085   error.o
       962         32          0          0          0      15236   hashtable.o
        40          6          0          4          0       1280   hashtable_seed.o
      3288        680          0          0          0      19565   load.o
        68          8          0          8          0       5614   memory.o
         0          0          0          0          0        392   pack_unpack.o
       220          4          0          0          0       4432   strbuffer.o
       100         10          0          0          0       1151   strconv.o
       320         14          0          0          0       2507   utf.o
       776         32          0         24          0      20518   value.o
       200         20          0          0          0        164   cos.o
       368         46         48          0          0        200   cos_i.o
       184         44          0          0          0        744   dunder.o
        24          0          0          0          0        124   fabs.o
        48          0          0          0          0        124   fpclassify.o
       248          0          0          0          0        152   poly.o
      3152        296        136          0          0        352   pow.o
         0          0          8          0          0          0   qnan.o
      1080        142        200          0          0        188   rred.o
       200         20          0          0          0        164   sin.o
       304         24         40          0          0        208   sin_i.o
       110          0          0          0          0        148   sqrt.o
        48         14          0          0          0        128   strtod.o
        86          0          0          0          0          0   __dczerorl2.o
       144          0          0          0          0         88   __strtoll.o
        28          0          0          0          0         68   _chval.o
        64          0          0          0          0         84   _sgetc.o
       194          0          0          0          0         96   _strtoull.o
         8          4        133          0          0         68   ctype_o.o
         0          0          0          0          0          0   entry.o
         0          0          0          0          0          0   entry10a.o
         0          0          0          0          0          0   entry11a.o
         8          4          0          0          0          0   entry2.o
         4          0          0          0          0          0   entry5.o
         0          0          0          0          0          0   entry7b.o
         0          0          0          0          0          0   entry8b.o
         8          4          0          0          0          0   entry9a.o
        20         10          0          4          0        136   errno.o
        30          0          0          0          0          0   handlers.o
        36          8          0          0          0         68   init.o
        18          0          0          0          0         76   isspace_o.o
         0          0          0          0          0          0   iusefp.o
        30          0          0          0          0         68   llshl.o
        36          0          0          0          0         68   llsshr.o
        32          0          0          0          0         68   llushr.o
       188         20          0          0          0        160   malloc.o
        20          0          0          0          0         68   memchr.o
        64          0          0          0          0         76   memmovea.o
        36          0          0          0          0        108   memseta.o
         0          0          0          8          0          0   mvars.o
      2292         88          0          0          0        592   printfa.o
       838         12          0          0          0        216   scanf_fp.o
        28          0          0          0          0         76   strcmp.o
        18          0          0          0          0         68   strcpy.o
        14          0          0          0          0         68   strlen.o
       156         14          0          0          0        120   strtod.o
         4          0          0          0          0         68   strtoll.o
        44          0          0          0          0         80   uidiv.o
        98          0          0          0          0         92   uldiv.o
        48          0          0          0          0         68   cdcmple.o
        48          0          0          0          0         68   cdrcmple.o
        56          0          0          0          0         88   d2f.o
       334          0          0          0          0        148   dadd.o
       222          0          0          0          0        100   ddiv.o
       186          0          0          0          0        176   depilogue.o
        62          0          0          0          0         80   dfixi.o
        48          0          0          0          0         68   dfixul.o
        34          0          0          0          0         76   dflti.o
        26          0          0          0          0         76   dfltui.o
        24          0          0          0          0         76   dfltul.o
       228          0          0          0          0         96   dmul.o
        46          0          0          0          0         80   dscalb.o
       162          0          0          0          0        100   dsqrt.o
        38          0          0          0          0         68   f2d.o
       110          0          0          0          0        168   fepilogue.o
        44          0          0          0          0         92   ffltl.o

    ----------------------------------------------------------------------
     18204       1564        568         48          0      89064   Library Totals
        22          4          3          0          0          0   (incl. Padding)

    ----------------------------------------------------------------------

      Code (inc. data)   RO Data    RW Data    ZI Data      Debug   Library Name

      5954        790          0         36          0      82060   jansson_CM3LE.lib
      5966        606        432          0          0       2696   m_wm.l
      4546        164        133         12          0       2680   mc_w.l
      1716          0          0          0          0       1628   mf_w.l

    ----------------------------------------------------------------------
     18204       1564        568         48          0      89064   Library Totals

    ----------------------------------------------------------------------

==============================================================================


      Code (inc. data)   RO Data    RW Data    ZI Data      Debug   

     38796       3466       1028        344      12360     547306   Grand Totals
     38796       3466       1028         80      12360     547306   ELF Image Totals (compressed)
     38796       3466       1028         80          0          0   ROM Totals

==============================================================================

    Total RO  Size (Code + RO Data)                39824 (  38.89kB)
    Total RW  Size (RW Data + ZI Data)             12704 (  12.41kB)
    Total ROM Size (Code + RO Data + RW Data)      39904 (  38.97kB)

==============================================================================

