Component: ARM Compiler 5.06 update 6 (build 750) Tool: armlink [4d35ed]

==============================================================================

Section Cross References

    startup_stm32f427_437xx.o(RESET) refers to startup_stm32f427_437xx.o(STACK) for __initial_sp
    startup_stm32f427_437xx.o(RESET) refers to startup_stm32f427_437xx.o(.text) for Reset_Handler
    startup_stm32f427_437xx.o(RESET) refers to stm32f4xx_it.o(i.NMI_Handler) for NMI_Handler
    startup_stm32f427_437xx.o(RESET) refers to stm32f4xx_it.o(i.HardFault_Handler) for HardFault_Handler
    startup_stm32f427_437xx.o(RESET) refers to stm32f4xx_it.o(i.MemManage_Handler) for MemManage_Handler
    startup_stm32f427_437xx.o(RESET) refers to stm32f4xx_it.o(i.BusFault_Handler) for BusFault_Handler
    startup_stm32f427_437xx.o(RESET) refers to stm32f4xx_it.o(i.UsageFault_Handler) for UsageFault_Handler
    startup_stm32f427_437xx.o(RESET) refers to stm32f4xx_it.o(i.DebugMon_Handler) for DebugMon_Handler
    startup_stm32f427_437xx.o(RESET) refers to stm32f4xx_it.o(i.CAN1_RX0_IRQHandler) for CAN1_RX0_IRQHandler
    startup_stm32f427_437xx.o(RESET) refers to main.o(i.TIM3_IRQHandler) for TIM3_IRQHandler
    startup_stm32f427_437xx.o(RESET) refers to dji_remote.o(i.USART1_IRQHandler) for USART1_IRQHandler
    startup_stm32f427_437xx.o(RESET) refers to uart5.o(i.UART5_IRQHandler) for UART5_IRQHandler
    startup_stm32f427_437xx.o(.text) refers to system_stm32f4xx.o(i.SystemInit) for SystemInit
    startup_stm32f427_437xx.o(.text) refers to entry.o(.ARM.Collect$$$$00000000) for __main
    system_stm32f4xx.o(i.SystemCoreClockUpdate) refers to system_stm32f4xx.o(.data) for SystemCoreClock
    system_stm32f4xx.o(i.SystemInit) refers to system_stm32f4xx.o(i.SetSysClock) for SetSysClock
    stm32f4xx_adc.o(i.ADC_DeInit) refers to stm32f4xx_rcc.o(i.RCC_APB2PeriphResetCmd) for RCC_APB2PeriphResetCmd
    stm32f4xx_can.o(i.CAN_DeInit) refers to stm32f4xx_rcc.o(i.RCC_APB1PeriphResetCmd) for RCC_APB1PeriphResetCmd
    stm32f4xx_can.o(i.CAN_GetITStatus) refers to stm32f4xx_can.o(i.CheckITStatus) for CheckITStatus
    stm32f4xx_cryp_aes.o(i.CRYP_AES_CBC) refers to stm32f4xx_cryp.o(i.CRYP_KeyStructInit) for CRYP_KeyStructInit
    stm32f4xx_cryp_aes.o(i.CRYP_AES_CBC) refers to stm32f4xx_cryp.o(i.CRYP_FIFOFlush) for CRYP_FIFOFlush
    stm32f4xx_cryp_aes.o(i.CRYP_AES_CBC) refers to stm32f4xx_cryp.o(i.CRYP_Init) for CRYP_Init
    stm32f4xx_cryp_aes.o(i.CRYP_AES_CBC) refers to stm32f4xx_cryp.o(i.CRYP_KeyInit) for CRYP_KeyInit
    stm32f4xx_cryp_aes.o(i.CRYP_AES_CBC) refers to stm32f4xx_cryp.o(i.CRYP_Cmd) for CRYP_Cmd
    stm32f4xx_cryp_aes.o(i.CRYP_AES_CBC) refers to stm32f4xx_cryp.o(i.CRYP_GetFlagStatus) for CRYP_GetFlagStatus
    stm32f4xx_cryp_aes.o(i.CRYP_AES_CBC) refers to stm32f4xx_cryp.o(i.CRYP_IVInit) for CRYP_IVInit
    stm32f4xx_cryp_aes.o(i.CRYP_AES_CBC) refers to stm32f4xx_cryp.o(i.CRYP_GetCmdStatus) for CRYP_GetCmdStatus
    stm32f4xx_cryp_aes.o(i.CRYP_AES_CBC) refers to stm32f4xx_cryp.o(i.CRYP_DataIn) for CRYP_DataIn
    stm32f4xx_cryp_aes.o(i.CRYP_AES_CBC) refers to stm32f4xx_cryp.o(i.CRYP_DataOut) for CRYP_DataOut
    stm32f4xx_cryp_aes.o(i.CRYP_AES_CCM) refers to stm32f4xx_cryp.o(i.CRYP_KeyStructInit) for CRYP_KeyStructInit
    stm32f4xx_cryp_aes.o(i.CRYP_AES_CCM) refers to stm32f4xx_cryp.o(i.CRYP_FIFOFlush) for CRYP_FIFOFlush
    stm32f4xx_cryp_aes.o(i.CRYP_AES_CCM) refers to stm32f4xx_cryp.o(i.CRYP_KeyInit) for CRYP_KeyInit
    stm32f4xx_cryp_aes.o(i.CRYP_AES_CCM) refers to stm32f4xx_cryp.o(i.CRYP_IVInit) for CRYP_IVInit
    stm32f4xx_cryp_aes.o(i.CRYP_AES_CCM) refers to stm32f4xx_cryp.o(i.CRYP_Init) for CRYP_Init
    stm32f4xx_cryp_aes.o(i.CRYP_AES_CCM) refers to stm32f4xx_cryp.o(i.CRYP_PhaseConfig) for CRYP_PhaseConfig
    stm32f4xx_cryp_aes.o(i.CRYP_AES_CCM) refers to stm32f4xx_cryp.o(i.CRYP_DataIn) for CRYP_DataIn
    stm32f4xx_cryp_aes.o(i.CRYP_AES_CCM) refers to stm32f4xx_cryp.o(i.CRYP_Cmd) for CRYP_Cmd
    stm32f4xx_cryp_aes.o(i.CRYP_AES_CCM) refers to stm32f4xx_cryp.o(i.CRYP_GetCmdStatus) for CRYP_GetCmdStatus
    stm32f4xx_cryp_aes.o(i.CRYP_AES_CCM) refers to stm32f4xx_cryp.o(i.CRYP_GetFlagStatus) for CRYP_GetFlagStatus
    stm32f4xx_cryp_aes.o(i.CRYP_AES_CCM) refers to stm32f4xx_cryp.o(i.CRYP_DataOut) for CRYP_DataOut
    stm32f4xx_cryp_aes.o(i.CRYP_AES_CTR) refers to stm32f4xx_cryp.o(i.CRYP_KeyStructInit) for CRYP_KeyStructInit
    stm32f4xx_cryp_aes.o(i.CRYP_AES_CTR) refers to stm32f4xx_cryp.o(i.CRYP_KeyInit) for CRYP_KeyInit
    stm32f4xx_cryp_aes.o(i.CRYP_AES_CTR) refers to stm32f4xx_cryp.o(i.CRYP_Init) for CRYP_Init
    stm32f4xx_cryp_aes.o(i.CRYP_AES_CTR) refers to stm32f4xx_cryp.o(i.CRYP_IVInit) for CRYP_IVInit
    stm32f4xx_cryp_aes.o(i.CRYP_AES_CTR) refers to stm32f4xx_cryp.o(i.CRYP_FIFOFlush) for CRYP_FIFOFlush
    stm32f4xx_cryp_aes.o(i.CRYP_AES_CTR) refers to stm32f4xx_cryp.o(i.CRYP_Cmd) for CRYP_Cmd
    stm32f4xx_cryp_aes.o(i.CRYP_AES_CTR) refers to stm32f4xx_cryp.o(i.CRYP_GetCmdStatus) for CRYP_GetCmdStatus
[...]
    Removing stm32f4xx_usart.o(i.USART_ClearFlag), (18 bytes).
    Removing stm32f4xx_usart.o(i.USART_ClockInit), (32 bytes).
    Removing stm32f4xx_usart.o(i.USART_ClockStructInit), (12 bytes).
    Removing stm32f4xx_usart.o(i.USART_GetFlagStatus), (26 bytes).
    Removing stm32f4xx_usart.o(i.USART_HalfDuplexCmd), (24 bytes).
    Removing stm32f4xx_usart.o(i.USART_IrDACmd), (24 bytes).
    Removing stm32f4xx_usart.o(i.USART_IrDAConfig), (18 bytes).
    Removing stm32f4xx_usart.o(i.USART_LINBreakDetectLengthConfig), (18 bytes).
    Removing stm32f4xx_usart.o(i.USART_LINCmd), (24 bytes).
    Removing stm32f4xx_usart.o(i.USART_OneBitMethodCmd), (24 bytes).
    Removing stm32f4xx_usart.o(i.USART_OverSampling8Cmd), (22 bytes).
    Removing stm32f4xx_usart.o(i.USART_ReceiveData), (10 bytes).
    Removing stm32f4xx_usart.o(i.USART_ReceiverWakeUpCmd), (24 bytes).
    Removing stm32f4xx_usart.o(i.USART_SendBreak), (10 bytes).
    Removing stm32f4xx_usart.o(i.USART_SendData), (8 bytes).
    Removing stm32f4xx_usart.o(i.USART_SetAddress), (18 bytes).
    Removing stm32f4xx_usart.o(i.USART_SetGuardTime), (16 bytes).
    Removing stm32f4xx_usart.o(i.USART_SetPrescaler), (16 bytes).
    Removing stm32f4xx_usart.o(i.USART_SmartCardCmd), (24 bytes).
    Removing stm32f4xx_usart.o(i.USART_SmartCardNACKCmd), (24 bytes).
    Removing stm32f4xx_usart.o(i.USART_StructInit), (24 bytes).
    Removing stm32f4xx_usart.o(i.USART_WakeUpConfig), (18 bytes).
    Removing stm32f4xx_cryp.o(.rev16_text), (4 bytes).
    Removing stm32f4xx_cryp.o(.revsh_text), (4 bytes).
    Removing stm32f4xx_cryp.o(.rrx_text), (6 bytes).
    Removing stm32f4xx_cryp.o(i.CRYP_Cmd), (36 bytes).
    Removing stm32f4xx_cryp.o(i.CRYP_DMACmd), (36 bytes).
    Removing stm32f4xx_cryp.o(i.CRYP_DataIn), (12 bytes).
    Removing stm32f4xx_cryp.o(i.CRYP_DataOut), (12 bytes).
    Removing stm32f4xx_cryp.o(i.CRYP_DeInit), (20 bytes).
    Removing stm32f4xx_cryp.o(i.CRYP_FIFOFlush), (20 bytes).
    Removing stm32f4xx_cryp.o(i.CRYP_GetCmdStatus), (24 bytes).
    Removing stm32f4xx_cryp.o(i.CRYP_GetFlagStatus), (40 bytes).
    Removing stm32f4xx_cryp.o(i.CRYP_GetITStatus), (24 bytes).
    Removing stm32f4xx_cryp.o(i.CRYP_ITConfig), (36 bytes).
    Removing stm32f4xx_cryp.o(i.CRYP_IVInit), (24 bytes).
    Removing stm32f4xx_cryp.o(i.CRYP_IVStructInit), (12 bytes).
    Removing stm32f4xx_cryp.o(i.CRYP_Init), (124 bytes).
    Removing stm32f4xx_cryp.o(i.CRYP_KeyInit), (40 bytes).
    Removing stm32f4xx_cryp.o(i.CRYP_KeyStructInit), (20 bytes).
    Removing stm32f4xx_cryp.o(i.CRYP_PhaseConfig), (24 bytes).
    Removing stm32f4xx_cryp.o(i.CRYP_RestoreContext), (148 bytes).
    Removing stm32f4xx_cryp.o(i.CRYP_SaveContext), (264 bytes).
    Removing stm32f4xx_cryp.o(i.CRYP_StructInit), (12 bytes).
    Removing stm32f4xx_hash.o(.rev16_text), (4 bytes).
    Removing stm32f4xx_hash.o(.revsh_text), (4 bytes).
    Removing stm32f4xx_hash.o(.rrx_text), (6 bytes).
    Removing stm32f4xx_hash.o(i.HASH_AutoStartDigest), (36 bytes).
    Removing stm32f4xx_hash.o(i.HASH_ClearFlag), (12 bytes).
    Removing stm32f4xx_hash.o(i.HASH_ClearITPendingBit), (12 bytes).
    Removing stm32f4xx_hash.o(i.HASH_DMACmd), (36 bytes).
    Removing stm32f4xx_hash.o(i.HASH_DataIn), (12 bytes).
    Removing stm32f4xx_hash.o(i.HASH_DeInit), (20 bytes).
    Removing stm32f4xx_hash.o(i.HASH_GetDigest), (72 bytes).
    Removing stm32f4xx_hash.o(i.HASH_GetFlagStatus), (44 bytes).
    Removing stm32f4xx_hash.o(i.HASH_GetITStatus), (32 bytes).
    Removing stm32f4xx_hash.o(i.HASH_GetInFIFOWordsNbr), (16 bytes).
    Removing stm32f4xx_hash.o(i.HASH_ITConfig), (32 bytes).
    Removing stm32f4xx_hash.o(i.HASH_Init), (84 bytes).
    Removing stm32f4xx_hash.o(i.HASH_Reset), (20 bytes).
    Removing stm32f4xx_hash.o(i.HASH_RestoreContext), (68 bytes).
    Removing stm32f4xx_hash.o(i.HASH_SaveContext), (60 bytes).
    Removing stm32f4xx_hash.o(i.HASH_SetLastWordValidBitsNbr), (28 bytes).
    Removing stm32f4xx_hash.o(i.HASH_StartDigest), (20 bytes).
    Removing stm32f4xx_hash.o(i.HASH_StructInit), (12 bytes).
    Removing main.o(.rev16_text), (4 bytes).
    Removing main.o(.revsh_text), (4 bytes).
    Removing main.o(.rrx_text), (6 bytes).
    Removing stm32f4xx_it.o(.rev16_text), (4 bytes).
    Removing stm32f4xx_it.o(.revsh_text), (4 bytes).
    Removing stm32f4xx_it.o(.rrx_text), (6 bytes).
    Removing delay.o(.rev16_text), (4 bytes).
    Removing delay.o(.revsh_text), (4 bytes).
    Removing delay.o(.rrx_text), (6 bytes).
    Removing delay.o(i.delay_ms), (56 bytes).
    Removing delay.o(i.delay_us), (60 bytes).
    Removing delay.o(i.delay_xms), (60 bytes).
    Removing sys.o(.rev16_text), (4 bytes).
    Removing sys.o(.revsh_text), (4 bytes).
    Removing sys.o(.rrx_text), (6 bytes).
    Removing sys.o(.emb_text), (6 bytes).
    Removing sys.o(i.Ex_NVIC_Config), (180 bytes).
    Removing sys.o(i.GPIO_AF_Set), (64 bytes).
    Removing sys.o(i.GPIO_Set), (222 bytes).
    Removing sys.o(i.INTX_DISABLE), (4 bytes).
    Removing sys.o(i.INTX_ENABLE), (4 bytes).
    Removing sys.o(i.MY_NVIC_Init), (120 bytes).
    Removing sys.o(i.MY_NVIC_PriorityGroupConfig), (40 bytes).
    Removing sys.o(i.Sys_Soft_Reset), (16 bytes).
    Removing sys.o(i.Sys_Standby), (76 bytes).
    Removing sys.o(i.WFI_SET), (4 bytes).
    Removing my_init.o(.rev16_text), (4 bytes).
    Removing my_init.o(.revsh_text), (4 bytes).
    Removing my_init.o(.rrx_text), (6 bytes).
    Removing algorithm.o(i.KalmanFilter), (108 bytes).
    Removing algorithm.o(i.abs), (8 bytes).
    Removing algorithm.o(.data), (8 bytes).
    Removing kinematic.o(i.chassic_test), (216 bytes).
    Removing kinematic.o(i.handle_angle_control), (36 bytes).
    Removing angle_pid.o(i.apid_handle_realize), (124 bytes).
    Removing speed_pid.o(i.vpid_trigger_realize), (72 bytes).
    Removing judge.o(.rev16_text), (4 bytes).
    Removing judge.o(.revsh_text), (4 bytes).
    Removing judge.o(.rrx_text), (6 bytes).
    Removing bsp_debug_usart.o(.rev16_text), (4 bytes).
    Removing bsp_debug_usart.o(.revsh_text), (4 bytes).
    Removing bsp_debug_usart.o(.rrx_text), (6 bytes).
    Removing bsp_debug_usart.o(i.Usart_SendByte), (30 bytes).
    Removing bsp_debug_usart.o(i.Usart_SendString), (42 bytes).
    Removing timer.o(.rev16_text), (4 bytes).
    Removing timer.o(.revsh_text), (4 bytes).
    Removing timer.o(.rrx_text), (6 bytes).
    Removing timer.o(i.TIM4_Int_Init), (92 bytes).
    Removing can.o(.rev16_text), (4 bytes).
    Removing can.o(.revsh_text), (4 bytes).
    Removing can.o(.rrx_text), (6 bytes).
    Removing can.o(i.CAN1_Receive_Msg), (64 bytes).
    Removing can.o(i.CAN1_Send_GIMBAL_Msg), (112 bytes).
    Removing bsp_uart7.o(.rev16_text), (4 bytes).
    Removing bsp_uart7.o(.revsh_text), (4 bytes).
    Removing bsp_uart7.o(.rrx_text), (6 bytes).
    Removing bsp_uart7.o(i.fgetc), (32 bytes).
    Removing bsp_uart7.o(i.fputc), (36 bytes).
    Removing uart5.o(.rev16_text), (4 bytes).
    Removing uart5.o(.revsh_text), (4 bytes).
    Removing uart5.o(.rrx_text), (6 bytes).
    Removing uart5.o(i.UART5_DMA_Init), (112 bytes).
    Removing uart5.o(i.UART5_Init), (220 bytes).
    Removing uart5.o(i.UART5_SendChar), (32 bytes).
    Removing bsp_imu_usart.o(.rev16_text), (4 bytes).
    Removing bsp_imu_usart.o(.revsh_text), (4 bytes).
    Removing bsp_imu_usart.o(.rrx_text), (6 bytes).
    Removing led.o(.rev16_text), (4 bytes).
    Removing led.o(.revsh_text), (4 bytes).
    Removing led.o(.rrx_text), (6 bytes).
    Removing motor.o(.rev16_text), (4 bytes).
    Removing motor.o(.revsh_text), (4 bytes).
    Removing motor.o(.rrx_text), (6 bytes).
    Removing motor.o(i.record_gimbal_callback), (424 bytes).
    Removing power.o(.rev16_text), (4 bytes).
    Removing power.o(.revsh_text), (4 bytes).
    Removing power.o(.rrx_text), (6 bytes).
    Removing power.o(i.power_open_motor), (76 bytes).
    Removing power.o(.data), (8 bytes).
    Removing key.o(.rev16_text), (4 bytes).
    Removing key.o(.revsh_text), (4 bytes).
    Removing key.o(.rrx_text), (6 bytes).
    Removing dji_remote.o(.rev16_text), (4 bytes).
    Removing dji_remote.o(.revsh_text), (4 bytes).
    Removing dji_remote.o(.rrx_text), (6 bytes).
    Removing remote_code.o(.rev16_text), (4 bytes).
    Removing remote_code.o(.revsh_text), (4 bytes).
    Removing remote_code.o(.rrx_text), (6 bytes).
    Removing tim3_events.o(.rev16_text), (4 bytes).
    Removing tim3_events.o(.revsh_text), (4 bytes).
    Removing tim3_events.o(.rrx_text), (6 bytes).
    Removing steering_engine.o(.rev16_text), (4 bytes).
    Removing steering_engine.o(.revsh_text), (4 bytes).
    Removing steering_engine.o(.rrx_text), (6 bytes).
    Removing jansson_config.o(i.seed_from_timestamp_and_pid), (6 bytes).

736 unused section(s) (total 36444 bytes) removed from the image.

==============================================================================

Image Symbol Table

    Local Symbols

    Symbol Name                              Value     Ov Type        Size  Object(Section)

    ../clib/microlib/init/entry.s            0x00000000   Number         0  entry7a.o ABSOLUTE
    ../clib/microlib/init/entry.s            0x00000000   Number         0  entry11b.o ABSOLUTE
    ../clib/microlib/init/entry.s            0x00000000   Number         0  entry11a.o ABSOLUTE
    ../clib/microlib/init/entry.s            0x00000000   Number         0  entry10b.o ABSOLUTE
    ../clib/microlib/init/entry.s            0x00000000   Number         0  entry10a.o ABSOLUTE
    ../clib/microlib/init/entry.s            0x00000000   Number         0  entry9b.o ABSOLUTE
    ../clib/microlib/init/entry.s            0x00000000   Number         0  entry9a.o ABSOLUTE
    ../clib/microlib/init/entry.s            0x00000000   Number         0  entry8b.o ABSOLUTE
    ../clib/microlib/init/entry.s            0x00000000   Number         0  entry8a.o ABSOLUTE
    ../clib/microlib/init/entry.s            0x00000000   Number         0  entry7b.o ABSOLUTE
    ../clib/microlib/init/entry.s            0x00000000   Number         0  entry5.o ABSOLUTE
    ../clib/microlib/init/entry.s            0x00000000   Number         0  entry2.o ABSOLUTE
    ../clib/microlib/init/entry.s            0x00000000   Number         0  entry.o ABSOLUTE
    ../clib/microlib/longlong.c              0x00000000   Number         0  llushr.o ABSOLUTE
    ../clib/microlib/longlong.c              0x00000000   Number         0  llshl.o ABSOLUTE
    ../clib/microlib/string/memset.c         0x00000000   Number         0  memseta.o ABSOLUTE
    ../clib/microlib/stubs.s                 0x00000000   Number         0  iusefp.o ABSOLUTE
    ../fplib/microlib/d2f.c                  0x00000000   Number         0  d2f.o ABSOLUTE
    ../fplib/microlib/f2d.c                  0x00000000   Number         0  f2d.o ABSOLUTE
    ../fplib/microlib/fpdiv.c                0x00000000   Number         0  ddiv.o ABSOLUTE
    ../fplib/microlib/fpepilogue.c           0x00000000   Number         0  fepilogue.o ABSOLUTE
    ../fplib/microlib/fpepilogue.c           0x00000000   Number         0  depilogue.o ABSOLUTE
    ../fplib/microlib/fpfix.c                0x00000000   Number         0  dfixi.o ABSOLUTE
    ../fplib/microlib/fpflt.c                0x00000000   Number         0  dflti.o ABSOLUTE
    ../fplib/microlib/fpflt.c                0x00000000   Number         0  dfltui.o ABSOLUTE
    ../fplib/microlib/fpmul.c                0x00000000   Number         0  dmul.o ABSOLUTE
    ..\APP\angle_pid\angle_pid.c             0x00000000   Number         0  angle_pid.o ABSOLUTE
    ..\APP\judge\judge.c                     0x00000000   Number         0  judge.o ABSOLUTE
    ..\APP\kinematic\kinematic.c             0x00000000   Number         0  kinematic.o ABSOLUTE
    ..\APP\speed_pid\speed_pid.c             0x00000000   Number         0  speed_pid.o ABSOLUTE
    ..\BSP\can\can.c                         0x00000000   Number         0  can.o ABSOLUTE
    ..\BSP\timer\timer.c                     0x00000000   Number         0  timer.o ABSOLUTE
    ..\BSP\usart\bsp_debug_usart.c           0x00000000   Number         0  bsp_debug_usart.o ABSOLUTE
    ..\BSP\usart\bsp_imu_usart.c             0x00000000   Number         0  bsp_imu_usart.o ABSOLUTE
    ..\BSP\usart\bsp_uart7.c                 0x00000000   Number         0  bsp_uart7.o ABSOLUTE
    ..\BSP\usart\uart5.c                     0x00000000   Number         0  uart5.o ABSOLUTE
    ..\Hardware\DJi_remote\DJi_remote.c      0x00000000   Number         0  dji_remote.o ABSOLUTE
    ..\Hardware\LED\LED.c                    0x00000000   Number         0  led.o ABSOLUTE
    ..\Hardware\TIM3_Events\Tim3_Events.c    0x00000000   Number         0  tim3_events.o ABSOLUTE
    ..\Hardware\key\key.c                    0x00000000   Number         0  key.o ABSOLUTE
    ..\Hardware\motor\motor.c                0x00000000   Number         0  motor.o ABSOLUTE
    ..\Hardware\power\power.c                0x00000000   Number         0  power.o ABSOLUTE
    ..\Hardware\remote_code\remote_code.c    0x00000000   Number         0  remote_code.o ABSOLUTE
    ..\Hardware\steering_engine\steering_engine.c 0x00000000   Number         0  steering_engine.o ABSOLUTE
    ..\Libraries\CMSIS\Device\ST\STM32F4xx\Source\Templates\arm\startup_stm32f427_437xx.s 0x00000000   Number         0  startup_stm32f427_437xx.o ABSOLUTE
    ..\Libraries\CMSIS\Device\ST\STM32F4xx\Source\Templates\system_stm32f4xx.c 0x00000000   Number         0  system_stm32f4xx.o ABSOLUTE
    ..\Libraries\STM32F4xx_StdPeriph_Driver\src\misc.c 0x00000000   Number         0  misc.o ABSOLUTE
    ..\Libraries\STM32F4xx_StdPeriph_Driver\src\stm32f4xx_adc.c 0x00000000   Number         0  stm32f4xx_adc.o ABSOLUTE
    ..\Libraries\STM32F4xx_StdPeriph_Driver\src\stm32f4xx_can.c 0x00000000   Number         0  stm32f4xx_can.o ABSOLUTE
    ..\Libraries\STM32F4xx_StdPeriph_Driver\src\stm32f4xx_cryp.c 0x00000000   Number         0  stm32f4xx_cryp.o ABSOLUTE
    ..\Libraries\STM32F4xx_StdPeriph_Driver\src\stm32f4xx_cryp_aes.c 0x00000000   Number         0  stm32f4xx_cryp_aes.o ABSOLUTE
    ..\Libraries\STM32F4xx_StdPeriph_Driver\src\stm32f4xx_cryp_des.c 0x00000000   Number         0  stm32f4xx_cryp_des.o ABSOLUTE
    ..\Libraries\STM32F4xx_StdPeriph_Driver\src\stm32f4xx_cryp_tdes.c 0x00000000   Number         0  stm32f4xx_cryp_tdes.o ABSOLUTE
    ..\Libraries\STM32F4xx_StdPeriph_Driver\src\stm32f4xx_dac.c 0x00000000   Number         0  stm32f4xx_dac.o ABSOLUTE
    ..\Libraries\STM32F4xx_StdPeriph_Driver\src\stm32f4xx_dma.c 0x00000000   Number         0  stm32f4xx_dma.o ABSOLUTE
    ..\Libraries\STM32F4xx_StdPeriph_Driver\src\stm32f4xx_dma2d.c 0x00000000   Number         0  stm32f4xx_dma2d.o ABSOLUTE
    ..\Libraries\STM32F4xx_StdPeriph_Driver\src\stm32f4xx_flash.c 0x00000000   Number         0  stm32f4xx_flash.o ABSOLUTE
    ..\Libraries\STM32F4xx_StdPeriph_Driver\src\stm32f4xx_flash_ramfunc.c 0x00000000   Number         0  stm32f4xx_flash_ramfunc.o ABSOLUTE
    ..\Libraries\STM32F4xx_StdPeriph_Driver\src\stm32f4xx_fmc.c 0x00000000   Number         0  stm32f4xx_fmc.o ABSOLUTE
    ..\Libraries\STM32F4xx_StdPeriph_Driver\src\stm32f4xx_gpio.c 0x00000000   Number         0  stm32f4xx_gpio.o ABSOLUTE
    ..\Libraries\STM32F4xx_StdPeriph_Driver\src\stm32f4xx_hash.c 0x00000000   Number         0  stm32f4xx_hash.o ABSOLUTE
    ..\Libraries\STM32F4xx_StdPeriph_Driver\src\stm32f4xx_hash_md5.c 0x00000000   Number         0  stm32f4xx_hash_md5.o ABSOLUTE
    ..\Libraries\STM32F4xx_StdPeriph_Driver\src\stm32f4xx_i2c.c 0x00000000   Number         0  stm32f4xx_i2c.o ABSOLUTE
    ..\Libraries\STM32F4xx_StdPeriph_Driver\src\stm32f4xx_pwr.c 0x00000000   Number         0  stm32f4xx_pwr.o ABSOLUTE
    ..\Libraries\STM32F4xx_StdPeriph_Driver\src\stm32f4xx_rcc.c 0x00000000   Number         0  stm32f4xx_rcc.o ABSOLUTE
    ..\Libraries\STM32F4xx_StdPeriph_Driver\src\stm32f4xx_rtc.c 0x00000000   Number         0  stm32f4xx_rtc.o ABSOLUTE
    ..\Libraries\STM32F4xx_StdPeriph_Driver\src\stm32f4xx_sdio.c 0x00000000   Number         0  stm32f4xx_sdio.o ABSOLUTE
    ..\Libraries\STM32F4xx_StdPeriph_Driver\src\stm32f4xx_spi.c 0x00000000   Number         0  stm32f4xx_spi.o ABSOLUTE
    ..\Libraries\STM32F4xx_StdPeriph_Driver\src\stm32f4xx_syscfg.c 0x00000000   Number         0  stm32f4xx_syscfg.o ABSOLUTE
    ..\Libraries\STM32F4xx_StdPeriph_Driver\src\stm32f4xx_tim.c 0x00000000   Number         0  stm32f4xx_tim.o ABSOLUTE
    ..\Libraries\STM32F4xx_StdPeriph_Driver\src\stm32f4xx_usart.c 0x00000000   Number         0  stm32f4xx_usart.o ABSOLUTE
    ..\User\Init\My_Init.c                   0x00000000   Number         0  my_init.o ABSOLUTE
    ..\User\algorithm\algorithm.c            0x00000000   Number         0  algorithm.o ABSOLUTE
    ..\User\delay\delay.c                    0x00000000   Number         0  delay.o ABSOLUTE
    ..\User\main.c                           0x00000000   Number         0  main.o ABSOLUTE
    ..\User\stm32f4xx_it.c                   0x00000000   Number         0  stm32f4xx_it.o ABSOLUTE
    ..\User\sys\sys.c                        0x00000000   Number         0  sys.o ABSOLUTE
    ..\\APP\\judge\\judge.c                  0x00000000   Number         0  judge.o ABSOLUTE
    ..\\BSP\\can\\can.c                      0x00000000   Number         0  can.o ABSOLUTE
    ..\\BSP\\timer\\timer.c                  0x00000000   Number         0  timer.o ABSOLUTE
    ..\\BSP\\usart\\bsp_debug_usart.c        0x00000000   Number         0  bsp_debug_usart.o ABSOLUTE
    ..\\BSP\\usart\\bsp_imu_usart.c          0x00000000   Number         0  bsp_imu_usart.o ABSOLUTE
    ..\\BSP\\usart\\bsp_uart7.c              0x00000000   Number         0  bsp_uart7.o ABSOLUTE
    ..\\BSP\\usart\\uart5.c                  0x00000000   Number         0  uart5.o ABSOLUTE
    ..\\Hardware\\DJi_remote\\DJi_remote.c   0x00000000   Number         0  dji_remote.o ABSOLUTE
    ..\\Hardware\\LED\\LED.c                 0x00000000   Number         0  led.o ABSOLUTE
    ..\\Hardware\\TIM3_Events\\Tim3_Events.c 0x00000000   Number         0  tim3_events.o ABSOLUTE
    ..\\Hardware\\key\\key.c                 0x00000000   Number         0  key.o ABSOLUTE
    ..\\Hardware\\motor\\motor.c             0x00000000   Number         0  motor.o ABSOLUTE
    ..\\Hardware\\power\\power.c             0x00000000   Number         0  power.o ABSOLUTE
    ..\\Hardware\\remote_code\\remote_code.c 0x00000000   Number         0  remote_code.o ABSOLUTE
    ..\\Hardware\\steering_engine\\steering_engine.c 0x00000000   Number         0  steering_engine.o ABSOLUTE
    ..\\Libraries\\CMSIS\\Device\\ST\\STM32F4xx\\Source\\Templates\\system_stm32f4xx.c 0x00000000   Number         0  system_stm32f4xx.o ABSOLUTE
    ..\\Libraries\\STM32F4xx_StdPeriph_Driver\\src\\misc.c 0x00000000   Number         0  misc.o ABSOLUTE
    ..\\Libraries\\STM32F4xx_StdPeriph_Driver\\src\\stm32f4xx_adc.c 0x00000000   Number         0  stm32f4xx_adc.o ABSOLUTE
    ..\\Libraries\\STM32F4xx_StdPeriph_Driver\\src\\stm32f4xx_can.c 0x00000000   Number         0  stm32f4xx_can.o ABSOLUTE
    ..\\Libraries\\STM32F4xx_StdPeriph_Driver\\src\\stm32f4xx_cryp.c 0x00000000   Number         0  stm32f4xx_cryp.o ABSOLUTE
    ..\\Libraries\\STM32F4xx_StdPeriph_Driver\\src\\stm32f4xx_cryp_aes.c 0x00000000   Number         0  stm32f4xx_cryp_aes.o ABSOLUTE
    ..\\Libraries\\STM32F4xx_StdPeriph_Driver\\src\\stm32f4xx_cryp_des.c 0x00000000   Number         0  stm32f4xx_cryp_des.o ABSOLUTE
    ..\\Libraries\\STM32F4xx_StdPeriph_Driver\\src\\stm32f4xx_cryp_tdes.c 0x00000000   Number         0  stm32f4xx_cryp_tdes.o ABSOLUTE
    ..\\Libraries\\STM32F4xx_StdPeriph_Driver\\src\\stm32f4xx_dac.c 0x00000000   Number         0  stm32f4xx_dac.o ABSOLUTE
    ..\\Libraries\\STM32F4xx_StdPeriph_Driver\\src\\stm32f4xx_dma.c 0x00000000   Number         0  stm32f4xx_dma.o ABSOLUTE
    ..\\Libraries\\STM32F4xx_StdPeriph_Driver\\src\\stm32f4xx_dma2d.c 0x00000000   Number         0  stm32f4xx_dma2d.o ABSOLUTE
    ..\\Libraries\\STM32F4xx_StdPeriph_Driver\\src\\stm32f4xx_flash.c 0x00000000   Number         0  stm32f4xx_flash.o ABSOLUTE
    ..\\Libraries\\STM32F4xx_StdPeriph_Driver\\src\\stm32f4xx_flash_ramfunc.c 0x00000000   Number         0  stm32f4xx_flash_ramfunc.o ABSOLUTE
    ..\\Libraries\\STM32F4xx_StdPeriph_Driver\\src\\stm32f4xx_fmc.c 0x00000000   Number         0  stm32f4xx_fmc.o ABSOLUTE
    ..\\Libraries\\STM32F4xx_StdPeriph_Driver\\src\\stm32f4xx_gpio.c 0x00000000   Number         0  stm32f4xx_gpio.o ABSOLUTE
    ..\\Libraries\\STM32F4xx_StdPeriph_Driver\\src\\stm32f4xx_hash.c 0x00000000   Number         0  stm32f4xx_hash.o ABSOLUTE
    ..\\Libraries\\STM32F4xx_StdPeriph_Driver\\src\\stm32f4xx_hash_md5.c 0x00000000   Number         0  stm32f4xx_hash_md5.o ABSOLUTE
    ..\\Libraries\\STM32F4xx_StdPeriph_Driver\\src\\stm32f4xx_i2c.c 0x00000000   Number         0  stm32f4xx_i2c.o ABSOLUTE
    ..\\Libraries\\STM32F4xx_StdPeriph_Driver\\src\\stm32f4xx_pwr.c 0x00000000   Number         0  stm32f4xx_pwr.o ABSOLUTE
    ..\\Libraries\\STM32F4xx_StdPeriph_Driver\\src\\stm32f4xx_rcc.c 0x00000000   Number         0  stm32f4xx_rcc.o ABSOLUTE
    ..\\Libraries\\STM32F4xx_StdPeriph_Driver\\src\\stm32f4xx_rtc.c 0x00000000   Number         0  stm32f4xx_rtc.o ABSOLUTE
    ..\\Libraries\\STM32F4xx_StdPeriph_Driver\\src\\stm32f4xx_sdio.c 0x00000000   Number         0  stm32f4xx_sdio.o ABSOLUTE
    ..\\Libraries\\STM32F4xx_StdPeriph_Driver\\src\\stm32f4xx_spi.c 0x00000000   Number         0  stm32f4xx_spi.o ABSOLUTE
    ..\\Libraries\\STM32F4xx_StdPeriph_Driver\\src\\stm32f4xx_syscfg.c 0x00000000   Number         0  stm32f4xx_syscfg.o ABSOLUTE
    ..\\Libraries\\STM32F4xx_StdPeriph_Driver\\src\\stm32f4xx_tim.c 0x00000000   Number         0  stm32f4xx_tim.o ABSOLUTE
    ..\\Libraries\\STM32F4xx_StdPeriph_Driver\\src\\stm32f4xx_usart.c 0x00000000   Number         0  stm32f4xx_usart.o ABSOLUTE
    ..\\User\\Init\\My_Init.c                0x00000000   Number         0  my_init.o ABSOLUTE
    ..\\User\\delay\\delay.c                 0x00000000   Number         0  delay.o ABSOLUTE
    ..\\User\\main.c                         0x00000000   Number         0  main.o ABSOLUTE
    ..\\User\\stm32f4xx_it.c                 0x00000000   Number         0  stm32f4xx_it.o ABSOLUTE
    ..\\User\\sys\\sys.c                     0x00000000   Number         0  sys.o ABSOLUTE
    RTE\Data_Exchange\jansson_config.c       0x00000000   Number         0  jansson_config.o ABSOLUTE
    cdrcmple.s                               0x00000000   Number         0  cdrcmple.o ABSOLUTE
    dc.s                                     0x00000000   Number         0  dc.o ABSOLUTE
    handlers.s                               0x00000000   Number         0  handlers.o ABSOLUTE
    init.s                                   0x00000000   Number         0  init.o ABSOLUTE
    RESET                                    0x08000000   Section      428  startup_stm32f427_437xx.o(RESET)
    .ARM.Collect$$$$00000000                 0x080001ac   Section        0  entry.o(.ARM.Collect$$$$00000000)
    .ARM.Collect$$$$00000001                 0x080001ac   Section        4  entry2.o(.ARM.Collect$$$$00000001)
    .ARM.Collect$$$$00000004                 0x080001b0   Section        4  entry5.o(.ARM.Collect$$$$00000004)
    .ARM.Collect$$$$00000008                 0x080001b4   Section        0  entry7b.o(.ARM.Collect$$$$00000008)
    .ARM.Collect$$$$0000000A                 0x080001b4   Section        0  entry8b.o(.ARM.Collect$$$$0000000A)
    .ARM.Collect$$$$0000000B                 0x080001b4   Section        8  entry9a.o(.ARM.Collect$$$$0000000B)
    .ARM.Collect$$$$0000000D                 0x080001bc   Section        0  entry10a.o(.ARM.Collect$$$$0000000D)
    .ARM.Collect$$$$0000000F                 0x080001bc   Section        0  entry11a.o(.ARM.Collect$$$$0000000F)
    .ARM.Collect$$$$00002712                 0x080001bc   Section        4  entry2.o(.ARM.Collect$$$$00002712)
    __lit__00000000                          0x080001bc   Data           4  entry2.o(.ARM.Collect$$$$00002712)
    .text                                    0x080001c0   Section       36  startup_stm32f427_437xx.o(.text)
    $v0                                      0x080001c0   Number         0  startup_stm32f427_437xx.o(.text)
    .text                                    0x080001e4   Section        0  memseta.o(.text)
    .text                                    0x08000208   Section        0  dmul.o(.text)
    .text                                    0x080002ec   Section        0  ddiv.o(.text)
    .text                                    0x080003ca   Section        0  dflti.o(.text)
    .text                                    0x080003ec   Section        0  dfltui.o(.text)
    .text                                    0x08000406   Section        0  dfixi.o(.text)
    .text                                    0x08000444   Section        0  f2d.o(.text)
    .text                                    0x0800046c   Section       48  cdrcmple.o(.text)
    .text                                    0x0800049c   Section        0  d2f.o(.text)
    .text                                    0x080004d4   Section        0  llushr.o(.text)
    .text                                    0x080004f4   Section        0  fepilogue.o(.text)
    .text                                    0x080004f4   Section        0  iusefp.o(.text)
    .text                                    0x08000562   Section        0  depilogue.o(.text)
    .text                                    0x0800061c   Section       36  init.o(.text)
    .text                                    0x08000640   Section        0  llshl.o(.text)
    i.APID_Init                              0x0800065e   Section        0  angle_pid.o(i.APID_Init)
    i.APID_Init_All                          0x08000674   Section        0  angle_pid.o(i.APID_Init_All)
    i.All_Init                               0x080006b4   Section        0  my_init.o(i.All_Init)
    i.BaseVel_To_WheelVel                    0x08000744   Section        0  kinematic.o(i.BaseVel_To_WheelVel)
    i.BusFault_Handler                       0x0800084c   Section        0  stm32f4xx_it.o(i.BusFault_Handler)
    i.CAN1_Mode_Init                         0x08000850   Section        0  can.o(i.CAN1_Mode_Init)
    i.CAN1_RX0_IRQHandler                    0x08000950   Section        0  stm32f4xx_it.o(i.CAN1_RX0_IRQHandler)
    i.CAN1_Send_CHASSIS_Msg                  0x08000ac0   Section        0  can.o(i.CAN1_Send_CHASSIS_Msg)
    i.CAN1_Send_handle_Msg                   0x08000b30   Section        0  can.o(i.CAN1_Send_handle_Msg)
    i.CAN_FilterInit                         0x08000ba0   Section        0  stm32f4xx_can.o(i.CAN_FilterInit)
    i.CAN_ITConfig                           0x08000ca8   Section        0  stm32f4xx_can.o(i.CAN_ITConfig)
    i.CAN_Init                               0x08000cba   Section        0  stm32f4xx_can.o(i.CAN_Init)
    i.CAN_Receive                            0x08000dce   Section        0  stm32f4xx_can.o(i.CAN_Receive)
    i.CAN_Transmit                           0x08000ebe   Section        0  stm32f4xx_can.o(i.CAN_Transmit)
    i.CAN_TransmitStatus                     0x08000fe4   Section        0  stm32f4xx_can.o(i.CAN_TransmitStatus)
    i.DMA_Cmd                                0x08001084   Section        0  stm32f4xx_dma.o(i.DMA_Cmd)
    i.DMA_DeInit                             0x0800109c   Section        0  stm32f4xx_dma.o(i.DMA_DeInit)
    i.DMA_DoubleBufferModeCmd                0x080011f4   Section        0  stm32f4xx_dma.o(i.DMA_DoubleBufferModeCmd)
    i.DMA_DoubleBufferModeConfig             0x0800120a   Section        0  stm32f4xx_dma.o(i.DMA_DoubleBufferModeConfig)
    i.DMA_GetCurrDataCounter                 0x08001222   Section        0  stm32f4xx_dma.o(i.DMA_GetCurrDataCounter)
    i.DMA_GetCurrentMemoryTarget             0x0800122a   Section        0  stm32f4xx_dma.o(i.DMA_GetCurrentMemoryTarget)
    i.DMA_Init                               0x08001240   Section        0  stm32f4xx_dma.o(i.DMA_Init)
    i.DebugMon_Handler                       0x08001298   Section        0  stm32f4xx_it.o(i.DebugMon_Handler)
    i.Debug_Key                              0x0800129c   Section        0  tim3_events.o(i.Debug_Key)
    i.Debug_USART_Config                     0x080012dc   Section        0  bsp_debug_usart.o(i.Debug_USART_Config)
    i.Dji_Remote_Init                        0x0800139c   Section        0  dji_remote.o(i.Dji_Remote_Init)
    i.GPIO_Init                              0x080014d8   Section        0  stm32f4xx_gpio.o(i.GPIO_Init)
    i.GPIO_PinAFConfig                       0x08001568   Section        0  stm32f4xx_gpio.o(i.GPIO_PinAFConfig)
    i.GPIO_ResetBits                         0x080015ae   Section        0  stm32f4xx_gpio.o(i.GPIO_ResetBits)
    i.GPIO_SetBits                           0x080015b2   Section        0  stm32f4xx_gpio.o(i.GPIO_SetBits)
    i.Get_Base_Velocities                    0x080015b8   Section        0  kinematic.o(i.Get_Base_Velocities)
    i.HardFault_Handler                      0x080016ec   Section        0  stm32f4xx_it.o(i.HardFault_Handler)
    i.JSON_USART_Config                      0x080016f0   Section        0  bsp_uart7.o(i.JSON_USART_Config)
    i.MY_NVIC_SetVectorTable                 0x080017b0   Section        0  sys.o(i.MY_NVIC_SetVectorTable)
    i.MemManage_Handler                      0x080017c0   Section        0  stm32f4xx_it.o(i.MemManage_Handler)
    i.NMI_Handler                            0x080017c4   Section        0  stm32f4xx_it.o(i.NMI_Handler)
    i.NVIC_Init                              0x080017c8   Section        0  misc.o(i.NVIC_Init)
    i.NVIC_PriorityGroupConfig               0x08001840   Section        0  misc.o(i.NVIC_PriorityGroupConfig)
    i.RCC_AHB1PeriphClockCmd                 0x08001854   Section        0  stm32f4xx_rcc.o(i.RCC_AHB1PeriphClockCmd)
    i.RCC_APB1PeriphClockCmd                 0x08001874   Section        0  stm32f4xx_rcc.o(i.RCC_APB1PeriphClockCmd)
    i.RCC_APB1PeriphResetCmd                 0x08001894   Section        0  stm32f4xx_rcc.o(i.RCC_APB1PeriphResetCmd)
    i.RCC_APB2PeriphClockCmd                 0x080018b4   Section        0  stm32f4xx_rcc.o(i.RCC_APB2PeriphClockCmd)
    i.RCC_APB2PeriphResetCmd                 0x080018d4   Section        0  stm32f4xx_rcc.o(i.RCC_APB2PeriphResetCmd)
    i.RCC_GetClocksFreq                      0x080018f4   Section        0  stm32f4xx_rcc.o(i.RCC_GetClocksFreq)
    i.RemoteDataProcess                      0x080019dc   Section        0  dji_remote.o(i.RemoteDataProcess)
    i.Remote_Control                         0x08001a44   Section        0  remote_code.o(i.Remote_Control)
    i.Robo_Move                              0x08001b78   Section        0  tim3_events.o(i.Robo_Move)
    i.SetSysClock                            0x08001c40   Section        0  system_stm32f4xx.o(i.SetSysClock)
    SetSysClock                              0x08001c41   Thumb Code   272  system_stm32f4xx.o(i.SetSysClock)
    i.Stm32_Clock_Init                       0x08001d60   Section        0  sys.o(i.Stm32_Clock_Init)
    i.Sys_Clock_Set                          0x08001dc8   Section        0  sys.o(i.Sys_Clock_Set)
    i.SystemInit                             0x08001ed4   Section        0  system_stm32f4xx.o(i.SystemInit)
    i.TIM3_IRQHandler                        0x08001f3c   Section        0  main.o(i.TIM3_IRQHandler)
    i.TIM3_Int_Init                          0x08001fe4   Section        0  timer.o(i.TIM3_Int_Init)
    i.TIM_ARRPreloadConfig                   0x08002040   Section        0  stm32f4xx_tim.o(i.TIM_ARRPreloadConfig)
    i.TIM_ClearITPendingBit                  0x08002058   Section        0  stm32f4xx_tim.o(i.TIM_ClearITPendingBit)
    i.TIM_Cmd                                0x0800205e   Section        0  stm32f4xx_tim.o(i.TIM_Cmd)
    i.TIM_CtrlPWMOutputs                     0x08002076   Section        0  stm32f4xx_tim.o(i.TIM_CtrlPWMOutputs)
    i.TIM_GetITStatus                        0x08002094   Section        0  stm32f4xx_tim.o(i.TIM_GetITStatus)
    i.TIM_ITConfig                           0x080020b6   Section        0  stm32f4xx_tim.o(i.TIM_ITConfig)
    i.TIM_Left_Steering_Engine_PWM_Init      0x080020c8   Section        0  steering_engine.o(i.TIM_Left_Steering_Engine_PWM_Init)
    i.TIM_OC3Init                            0x08002174   Section        0  stm32f4xx_tim.o(i.TIM_OC3Init)
    i.TIM_OC3PreloadConfig                   0x08002214   Section        0  stm32f4xx_tim.o(i.TIM_OC3PreloadConfig)
    i.TIM_Right_Steering_Engine_PWM_Init     0x08002228   Section        0  steering_engine.o(i.TIM_Right_Steering_Engine_PWM_Init)
    i.TIM_TimeBaseInit                       0x080022d4   Section        0  stm32f4xx_tim.o(i.TIM_TimeBaseInit)
    i.UART5_IRQHandler                       0x08002358   Section        0  uart5.o(i.UART5_IRQHandler)
    i.USART1_IRQHandler                      0x080023ac   Section        0  dji_remote.o(i.USART1_IRQHandler)
    i.USART_ClearITPendingBit                0x08002454   Section        0  stm32f4xx_usart.o(i.USART_ClearITPendingBit)
    i.USART_Cmd                              0x08002472   Section        0  stm32f4xx_usart.o(i.USART_Cmd)
    i.USART_DMACmd                           0x0800248a   Section        0  stm32f4xx_usart.o(i.USART_DMACmd)
    i.USART_DeInit                           0x0800249c   Section        0  stm32f4xx_usart.o(i.USART_DeInit)
    i.USART_GetITStatus                      0x0800258c   Section        0  stm32f4xx_usart.o(i.USART_GetITStatus)
    i.USART_ITConfig                         0x080025e0   Section        0  stm32f4xx_usart.o(i.USART_ITConfig)
    i.USART_Init                             0x0800262c   Section        0  stm32f4xx_usart.o(i.USART_Init)
    i.UsageFault_Handler                     0x08002700   Section        0  stm32f4xx_it.o(i.UsageFault_Handler)
    i.VPID_Init                              0x08002704   Section        0  speed_pid.o(i.VPID_Init)
    i.VPID_Init_All                          0x0800271c   Section        0  speed_pid.o(i.VPID_Init_All)
    i.__scatterload_copy                     0x0800275c   Section       14  handlers.o(i.__scatterload_copy)
    i.__scatterload_null                     0x0800276a   Section        2  handlers.o(i.__scatterload_null)
    i.__scatterload_zeroinit                 0x0800276c   Section       14  handlers.o(i.__scatterload_zeroinit)
    i.apid_chassic_realize                   0x0800277c   Section        0  angle_pid.o(i.apid_chassic_realize)
    i.apid_realize                           0x08002870   Section        0  angle_pid.o(i.apid_realize)
    i.break_jugement                         0x080029c0   Section        0  kinematic.o(i.break_jugement)
    i.bsp_imu_usart_init                     0x080029e8   Section        0  bsp_imu_usart.o(i.bsp_imu_usart_init)
    i.caculate_linear_speed                  0x08002aa4   Section        0  remote_code.o(i.caculate_linear_speed)
    caculate_linear_speed                    0x08002aa5   Thumb Code   228  remote_code.o(i.caculate_linear_speed)
    i.caculate_rotational_speed              0x08002b98   Section        0  remote_code.o(i.caculate_rotational_speed)
    caculate_rotational_speed                0x08002b99   Thumb Code   228  remote_code.o(i.caculate_rotational_speed)
    i.chassic_speed_control                  0x08002c8c   Section        0  kinematic.o(i.chassic_speed_control)
    i.delay_init                             0x08002e80   Section        0  delay.o(i.delay_init)
    i.find_max                               0x08002eb8   Section        0  kinematic.o(i.find_max)
    i.handle_speed_control                   0x08002f44   Section        0  kinematic.o(i.handle_speed_control)
    i.key_init                               0x08002f7c   Section        0  key.o(i.key_init)
    i.key_press                              0x08002fac   Section        0  key.o(i.key_press)
    i.led_init                               0x08002ff0   Section        0  led.o(i.led_init)
    i.main                                   0x08003030   Section        0  main.o(i.main)
    i.motor_init                             0x080030b4   Section        0  motor.o(i.motor_init)
    i.power_close_all                        0x08003150   Section        0  power.o(i.power_close_all)
    i.power_close_motor                      0x08003160   Section        0  power.o(i.power_close_motor)
    i.power_init                             0x080031ac   Section        0  power.o(i.power_init)
    i.power_open_all                         0x08003224   Section        0  power.o(i.power_open_all)
    i.record_motor_callback                  0x08003234   Section        0  motor.o(i.record_motor_callback)
    i.set_chassis_current                    0x080032d8   Section        0  motor.o(i.set_chassis_current)
    i.set_handle_current                     0x08003364   Section        0  motor.o(i.set_handle_current)
    i.step_motor_init                        0x080033b0   Section        0  led.o(i.step_motor_init)
    i.stop_chassis_motor                     0x08003490   Section        0  motor.o(i.stop_chassis_motor)
    i.stop_trigger_motor                     0x080034f8   Section        0  motor.o(i.stop_trigger_motor)
    i.trigger_control                        0x08003514   Section        0  kinematic.o(i.trigger_control)
    i.vpid_chassic_realize                   0x08003580   Section        0  speed_pid.o(i.vpid_chassic_realize)
    i.vpid_handle_realize                    0x08003638   Section        0  speed_pid.o(i.vpid_handle_realize)
    i.vpid_realize                           0x080036a4   Section        0  speed_pid.o(i.vpid_realize)
    .data                                    0x20000000   Section       16  stm32f4xx_rcc.o(.data)
    APBAHBPrescTable                         0x20000000   Data          16  stm32f4xx_rcc.o(.data)
    .data                                    0x20000010   Section        4  main.o(.data)
    time_count                               0x20000010   Data           4  main.o(.data)
    .data                                    0x20000014   Section        2  stm32f4xx_it.o(.data)
    .data                                    0x20000016   Section        4  delay.o(.data)
    fac_us                                   0x20000016   Data           1  delay.o(.data)
    fac_ms                                   0x20000018   Data           2  delay.o(.data)
    .data                                    0x2000001c   Section       24  kinematic.o(.data)
    .data                                    0x20000034   Section        4  angle_pid.o(.data)
    .data                                    0x20000038   Section       20  speed_pid.o(.data)
    .data                                    0x2000004c   Section        4  uart5.o(.data)
    .data                                    0x20000050   Section       56  motor.o(.data)
    temp_speed1                              0x20000060   Data           4  motor.o(.data)
    temp_speed2                              0x20000064   Data           4  motor.o(.data)
    temp_speed3                              0x20000068   Data           4  motor.o(.data)
    temp_angle1                              0x2000006c   Data           4  motor.o(.data)
    temp_angle2                              0x20000070   Data           4  motor.o(.data)
    temp_angle3                              0x20000074   Data           4  motor.o(.data)
    maxangle                                 0x20000078   Data           4  motor.o(.data)
    minangle                                 0x2000007c   Data           4  motor.o(.data)
    maxspeed                                 0x20000080   Data           4  motor.o(.data)
    minspeed                                 0x20000084   Data           4  motor.o(.data)
    .data                                    0x20000088   Section        2  key.o(.data)
    key_state                                0x20000088   Data           1  key.o(.data)
    key_last_state                           0x20000089   Data           1  key.o(.data)
    .data                                    0x2000008c   Section       36  remote_code.o(.data)
    .data                                    0x200000b0   Section        8  tim3_events.o(.data)
    key_flag                                 0x200000b4   Data           4  tim3_events.o(.data)
    .bss                                     0x200000b8   Section       16  my_init.o(.bss)
    .bss                                     0x200000c8   Section      184  kinematic.o(.bss)
    .bss                                     0x20000180   Section       72  speed_pid.o(.bss)
    .bss                                     0x200001c8   Section      260  uart5.o(.bss)
    .bss                                     0x200002cc   Section      744  motor.o(.bss)
    .bss                                     0x200005b4   Section       46  dji_remote.o(.bss)
    STACK                                    0x200005e8   Section     4096  startup_stm32f427_437xx.o(STACK)

    Global Symbols

    Symbol Name                              Value     Ov Type        Size  Object(Section)

    BuildAttributes$$THM_ISAv4$E$P$D$K$B$S$7EM$VFPi3$EXTD16$VFPS$VFMA$PE$A:L22UL41UL21$X:L11$S22US41US21$IEEE1$IW$USESV6$~STKCKD$USESV7$~SHL$OTIME$ROPI$EBA8$MICROLIB$REQ8$PRES8$EABIv2 0x00000000   Number         0  anon$$obj.o ABSOLUTE
    __ARM_use_no_argv                        0x00000000   Number         0  main.o ABSOLUTE
    __cpp_initialize__aeabi_                  - Undefined Weak Reference
    __cxa_finalize                            - Undefined Weak Reference
    __decompress                              - Undefined Weak Reference
    _clock_init                               - Undefined Weak Reference
    _microlib_exit                            - Undefined Weak Reference
    __Vectors_Size                           0x000001ac   Number         0  startup_stm32f427_437xx.o ABSOLUTE
    __Vectors                                0x08000000   Data           4  startup_stm32f427_437xx.o(RESET)
    __Vectors_End                            0x080001ac   Data           0  startup_stm32f427_437xx.o(RESET)
    __main                                   0x080001ad   Thumb Code     0  entry.o(.ARM.Collect$$$$00000000)
    _main_stk                                0x080001ad   Thumb Code     0  entry2.o(.ARM.Collect$$$$00000001)
    _main_scatterload                        0x080001b1   Thumb Code     0  entry5.o(.ARM.Collect$$$$00000004)
    __main_after_scatterload                 0x080001b5   Thumb Code     0  entry5.o(.ARM.Collect$$$$00000004)
    _main_clock                              0x080001b5   Thumb Code     0  entry7b.o(.ARM.Collect$$$$00000008)
    _main_cpp_init                           0x080001b5   Thumb Code     0  entry8b.o(.ARM.Collect$$$$0000000A)
    _main_init                               0x080001b5   Thumb Code     0  entry9a.o(.ARM.Collect$$$$0000000B)
    __rt_final_cpp                           0x080001bd   Thumb Code     0  entry10a.o(.ARM.Collect$$$$0000000D)
    __rt_final_exit                          0x080001bd   Thumb Code     0  entry11a.o(.ARM.Collect$$$$0000000F)
    Reset_Handler                            0x080001c1   Thumb Code     8  startup_stm32f427_437xx.o(.text)
    SVC_Handler                              0x080001d3   Thumb Code     2  startup_stm32f427_437xx.o(.text)
    PendSV_Handler                           0x080001d7   Thumb Code     2  startup_stm32f427_437xx.o(.text)
    SysTick_Handler                          0x080001d9   Thumb Code     2  startup_stm32f427_437xx.o(.text)
    ADC_IRQHandler                           0x080001db   Thumb Code     0  startup_stm32f427_437xx.o(.text)
    CAN1_RX1_IRQHandler                      0x080001db   Thumb Code     0  startup_stm32f427_437xx.o(.text)
    CAN1_SCE_IRQHandler                      0x080001db   Thumb Code     0  startup_stm32f427_437xx.o(.text)
    CAN1_TX_IRQHandler                       0x080001db   Thumb Code     0  startup_stm32f427_437xx.o(.text)
    CAN2_RX0_IRQHandler                      0x080001db   Thumb Code     0  startup_stm32f427_437xx.o(.text)
    CAN2_RX1_IRQHandler                      0x080001db   Thumb Code     0  startup_stm32f427_437xx.o(.text)
    CAN2_SCE_IRQHandler                      0x080001db   Thumb Code     0  startup_stm32f427_437xx.o(.text)
    CAN2_TX_IRQHandler                       0x080001db   Thumb Code     0  startup_stm32f427_437xx.o(.text)
    CRYP_IRQHandler                          0x080001db   Thumb Code     0  startup_stm32f427_437xx.o(.text)
    DCMI_IRQHandler                          0x080001db   Thumb Code     0  startup_stm32f427_437xx.o(.text)
    DMA1_Stream0_IRQHandler                  0x080001db   Thumb Code     0  startup_stm32f427_437xx.o(.text)
    DMA1_Stream1_IRQHandler                  0x080001db   Thumb Code     0  startup_stm32f427_437xx.o(.text)
    DMA1_Stream2_IRQHandler                  0x080001db   Thumb Code     0  startup_stm32f427_437xx.o(.text)
    DMA1_Stream3_IRQHandler                  0x080001db   Thumb Code     0  startup_stm32f427_437xx.o(.text)
    DMA1_Stream4_IRQHandler                  0x080001db   Thumb Code     0  startup_stm32f427_437xx.o(.text)
    DMA1_Stream5_IRQHandler                  0x080001db   Thumb Code     0  startup_stm32f427_437xx.o(.text)
    DMA1_Stream6_IRQHandler                  0x080001db   Thumb Code     0  startup_stm32f427_437xx.o(.text)
    DMA1_Stream7_IRQHandler                  0x080001db   Thumb Code     0  startup_stm32f427_437xx.o(.text)
    DMA2D_IRQHandler                         0x080001db   Thumb Code     0  startup_stm32f427_437xx.o(.text)
    DMA2_Stream0_IRQHandler                  0x080001db   Thumb Code     0  startup_stm32f427_437xx.o(.text)
    DMA2_Stream1_IRQHandler                  0x080001db   Thumb Code     0  startup_stm32f427_437xx.o(.text)
    DMA2_Stream2_IRQHandler                  0x080001db   Thumb Code     0  startup_stm32f427_437xx.o(.text)
    DMA2_Stream3_IRQHandler                  0x080001db   Thumb Code     0  startup_stm32f427_437xx.o(.text)
    DMA2_Stream4_IRQHandler                  0x080001db   Thumb Code     0  startup_stm32f427_437xx.o(.text)
    DMA2_Stream5_IRQHandler                  0x080001db   Thumb Code     0  startup_stm32f427_437xx.o(.text)
    DMA2_Stream6_IRQHandler                  0x080001db   Thumb Code     0  startup_stm32f427_437xx.o(.text)
    DMA2_Stream7_IRQHandler                  0x080001db   Thumb Code     0  startup_stm32f427_437xx.o(.text)
    ETH_IRQHandler                           0x080001db   Thumb Code     0  startup_stm32f427_437xx.o(.text)
    ETH_WKUP_IRQHandler                      0x080001db   Thumb Code     0  startup_stm32f427_437xx.o(.text)
    EXTI0_IRQHandler                         0x080001db   Thumb Code     0  startup_stm32f427_437xx.o(.text)
    EXTI15_10_IRQHandler                     0x080001db   Thumb Code     0  startup_stm32f427_437xx.o(.text)
    EXTI1_IRQHandler                         0x080001db   Thumb Code     0  startup_stm32f427_437xx.o(.text)
    EXTI2_IRQHandler                         0x080001db   Thumb Code     0  startup_stm32f427_437xx.o(.text)
    EXTI3_IRQHandler                         0x080001db   Thumb Code     0  startup_stm32f427_437xx.o(.text)
    EXTI4_IRQHandler                         0x080001db   Thumb Code     0  startup_stm32f427_437xx.o(.text)
    EXTI9_5_IRQHandler                       0x080001db   Thumb Code     0  startup_stm32f427_437xx.o(.text)
    FLASH_IRQHandler                         0x080001db   Thumb Code     0  startup_stm32f427_437xx.o(.text)
    FMC_IRQHandler                           0x080001db   Thumb Code     0  startup_stm32f427_437xx.o(.text)
    FPU_IRQHandler                           0x080001db   Thumb Code     0  startup_stm32f427_437xx.o(.text)
    HASH_RNG_IRQHandler                      0x080001db   Thumb Code     0  startup_stm32f427_437xx.o(.text)
    I2C1_ER_IRQHandler                       0x080001db   Thumb Code     0  startup_stm32f427_437xx.o(.text)
    I2C1_EV_IRQHandler                       0x080001db   Thumb Code     0  startup_stm32f427_437xx.o(.text)
    I2C2_ER_IRQHandler                       0x080001db   Thumb Code     0  startup_stm32f427_437xx.o(.text)
    I2C2_EV_IRQHandler                       0x080001db   Thumb Code     0  startup_stm32f427_437xx.o(.text)
    I2C3_ER_IRQHandler                       0x080001db   Thumb Code     0  startup_stm32f427_437xx.o(.text)
    I2C3_EV_IRQHandler                       0x080001db   Thumb Code     0  startup_stm32f427_437xx.o(.text)
    OTG_FS_IRQHandler                        0x080001db   Thumb Code     0  startup_stm32f427_437xx.o(.text)
    OTG_FS_WKUP_IRQHandler                   0x080001db   Thumb Code     0  startup_stm32f427_437xx.o(.text)
    OTG_HS_EP1_IN_IRQHandler                 0x080001db   Thumb Code     0  startup_stm32f427_437xx.o(.text)
    OTG_HS_EP1_OUT_IRQHandler                0x080001db   Thumb Code     0  startup_stm32f427_437xx.o(.text)
    OTG_HS_IRQHandler                        0x080001db   Thumb Code     0  startup_stm32f427_437xx.o(.text)
    OTG_HS_WKUP_IRQHandler                   0x080001db   Thumb Code     0  startup_stm32f427_437xx.o(.text)
    PVD_IRQHandler                           0x080001db   Thumb Code     0  startup_stm32f427_437xx.o(.text)
    RCC_IRQHandler                           0x080001db   Thumb Code     0  startup_stm32f427_437xx.o(.text)
    RTC_Alarm_IRQHandler                     0x080001db   Thumb Code     0  startup_stm32f427_437xx.o(.text)
    RTC_WKUP_IRQHandler                      0x080001db   Thumb Code     0  startup_stm32f427_437xx.o(.text)
    SAI1_IRQHandler                          0x080001db   Thumb Code     0  startup_stm32f427_437xx.o(.text)
    SDIO_IRQHandler                          0x080001db   Thumb Code     0  startup_stm32f427_437xx.o(.text)
    SPI1_IRQHandler                          0x080001db   Thumb Code     0  startup_stm32f427_437xx.o(.text)
    SPI2_IRQHandler                          0x080001db   Thumb Code     0  startup_stm32f427_437xx.o(.text)
    SPI3_IRQHandler                          0x080001db   Thumb Code     0  startup_stm32f427_437xx.o(.text)
    SPI4_IRQHandler                          0x080001db   Thumb Code     0  startup_stm32f427_437xx.o(.text)
    SPI5_IRQHandler                          0x080001db   Thumb Code     0  startup_stm32f427_437xx.o(.text)
    SPI6_IRQHandler                          0x080001db   Thumb Code     0  startup_stm32f427_437xx.o(.text)
    TAMP_STAMP_IRQHandler                    0x080001db   Thumb Code     0  startup_stm32f427_437xx.o(.text)
    TIM1_BRK_TIM9_IRQHandler                 0x080001db   Thumb Code     0  startup_stm32f427_437xx.o(.text)
    TIM1_CC_IRQHandler                       0x080001db   Thumb Code     0  startup_stm32f427_437xx.o(.text)
    TIM1_TRG_COM_TIM11_IRQHandler            0x080001db   Thumb Code     0  startup_stm32f427_437xx.o(.text)
    TIM1_UP_TIM10_IRQHandler                 0x080001db   Thumb Code     0  startup_stm32f427_437xx.o(.text)
    TIM2_IRQHandler                          0x080001db   Thumb Code     0  startup_stm32f427_437xx.o(.text)
    TIM4_IRQHandler                          0x080001db   Thumb Code     0  startup_stm32f427_437xx.o(.text)
    TIM5_IRQHandler                          0x080001db   Thumb Code     0  startup_stm32f427_437xx.o(.text)
    TIM6_DAC_IRQHandler                      0x080001db   Thumb Code     0  startup_stm32f427_437xx.o(.text)
    TIM7_IRQHandler                          0x080001db   Thumb Code     0  startup_stm32f427_437xx.o(.text)
    TIM8_BRK_TIM12_IRQHandler                0x080001db   Thumb Code     0  startup_stm32f427_437xx.o(.text)
    TIM8_CC_IRQHandler                       0x080001db   Thumb Code     0  startup_stm32f427_437xx.o(.text)
    TIM8_TRG_COM_TIM14_IRQHandler            0x080001db   Thumb Code     0  startup_stm32f427_437xx.o(.text)
    TIM8_UP_TIM13_IRQHandler                 0x080001db   Thumb Code     0  startup_stm32f427_437xx.o(.text)
    UART4_IRQHandler                         0x080001db   Thumb Code     0  startup_stm32f427_437xx.o(.text)
    UART7_IRQHandler                         0x080001db   Thumb Code     0  startup_stm32f427_437xx.o(.text)
    UART8_IRQHandler                         0x080001db   Thumb Code     0  startup_stm32f427_437xx.o(.text)
    USART2_IRQHandler                        0x080001db   Thumb Code     0  startup_stm32f427_437xx.o(.text)
    USART3_IRQHandler                        0x080001db   Thumb Code     0  startup_stm32f427_437xx.o(.text)
    USART6_IRQHandler                        0x080001db   Thumb Code     0  startup_stm32f427_437xx.o(.text)
    WWDG_IRQHandler                          0x080001db   Thumb Code     0  startup_stm32f427_437xx.o(.text)
    __aeabi_memset                           0x080001e5   Thumb Code    14  memseta.o(.text)
    __aeabi_memset4                          0x080001e5   Thumb Code     0  memseta.o(.text)
    __aeabi_memset8                          0x080001e5   Thumb Code     0  memseta.o(.text)
    __aeabi_memclr                           0x080001f3   Thumb Code     4  memseta.o(.text)
    __aeabi_memclr4                          0x080001f3   Thumb Code     0  memseta.o(.text)
    __aeabi_memclr8                          0x080001f3   Thumb Code     0  memseta.o(.text)
    _memset$wrapper                          0x080001f7   Thumb Code    18  memseta.o(.text)
    __aeabi_dmul                             0x08000209   Thumb Code   228  dmul.o(.text)
    __aeabi_ddiv                             0x080002ed   Thumb Code   222  ddiv.o(.text)
    __aeabi_i2d                              0x080003cb   Thumb Code    34  dflti.o(.text)
    __aeabi_ui2d                             0x080003ed   Thumb Code    26  dfltui.o(.text)
    __aeabi_d2iz                             0x08000407   Thumb Code    62  dfixi.o(.text)
    __aeabi_f2d                              0x08000445   Thumb Code    38  f2d.o(.text)
    __aeabi_cdrcmple                         0x0800046d   Thumb Code    48  cdrcmple.o(.text)
    __aeabi_d2f                              0x0800049d   Thumb Code    56  d2f.o(.text)
    __aeabi_llsr                             0x080004d5   Thumb Code    32  llushr.o(.text)
    _ll_ushift_r                             0x080004d5   Thumb Code     0  llushr.o(.text)
    __I$use$fp                               0x080004f5   Thumb Code     0  iusefp.o(.text)
    _float_round                             0x080004f5   Thumb Code    18  fepilogue.o(.text)
    _float_epilogue                          0x08000507   Thumb Code    92  fepilogue.o(.text)
    _double_round                            0x08000563   Thumb Code    30  depilogue.o(.text)
    _double_epilogue                         0x08000581   Thumb Code   156  depilogue.o(.text)
    __scatterload                            0x0800061d   Thumb Code    28  init.o(.text)
    __scatterload_rt2                        0x0800061d   Thumb Code     0  init.o(.text)
    __aeabi_llsl                             0x08000641   Thumb Code    30  llshl.o(.text)
    _ll_shift_l                              0x08000641   Thumb Code     0  llshl.o(.text)
    APID_Init                                0x0800065f   Thumb Code    22  angle_pid.o(i.APID_Init)
    APID_Init_All                            0x08000675   Thumb Code    40  angle_pid.o(i.APID_Init_All)
    All_Init                                 0x080006b5   Thumb Code   134  my_init.o(i.All_Init)
    BaseVel_To_WheelVel                      0x08000745   Thumb Code   234  kinematic.o(i.BaseVel_To_WheelVel)
    BusFault_Handler                         0x0800084d   Thumb Code     4  stm32f4xx_it.o(i.BusFault_Handler)
    CAN1_Mode_Init                           0x08000851   Thumb Code   246  can.o(i.CAN1_Mode_Init)
    CAN1_RX0_IRQHandler                      0x08000951   Thumb Code   332  stm32f4xx_it.o(i.CAN1_RX0_IRQHandler)
    CAN1_Send_CHASSIS_Msg                    0x08000ac1   Thumb Code   106  can.o(i.CAN1_Send_CHASSIS_Msg)
    CAN1_Send_handle_Msg                     0x08000b31   Thumb Code   106  can.o(i.CAN1_Send_handle_Msg)
    CAN_FilterInit                           0x08000ba1   Thumb Code   258  stm32f4xx_can.o(i.CAN_FilterInit)
    CAN_ITConfig                             0x08000ca9   Thumb Code    18  stm32f4xx_can.o(i.CAN_ITConfig)
    CAN_Init                                 0x08000cbb   Thumb Code   276  stm32f4xx_can.o(i.CAN_Init)
    CAN_Receive                              0x08000dcf   Thumb Code   240  stm32f4xx_can.o(i.CAN_Receive)
    CAN_Transmit                             0x08000ebf   Thumb Code   294  stm32f4xx_can.o(i.CAN_Transmit)
    CAN_TransmitStatus                       0x08000fe5   Thumb Code   138  stm32f4xx_can.o(i.CAN_TransmitStatus)
    DMA_Cmd                                  0x08001085   Thumb Code    22  stm32f4xx_dma.o(i.DMA_Cmd)
    DMA_DeInit                               0x0800109d   Thumb Code   324  stm32f4xx_dma.o(i.DMA_DeInit)
    DMA_DoubleBufferModeCmd                  0x080011f5   Thumb Code    22  stm32f4xx_dma.o(i.DMA_DoubleBufferModeCmd)
    DMA_DoubleBufferModeConfig               0x0800120b   Thumb Code    24  stm32f4xx_dma.o(i.DMA_DoubleBufferModeConfig)
    DMA_GetCurrDataCounter                   0x08001223   Thumb Code     8  stm32f4xx_dma.o(i.DMA_GetCurrDataCounter)
    DMA_GetCurrentMemoryTarget               0x0800122b   Thumb Code    20  stm32f4xx_dma.o(i.DMA_GetCurrentMemoryTarget)
    DMA_Init                                 0x08001241   Thumb Code    82  stm32f4xx_dma.o(i.DMA_Init)
    DebugMon_Handler                         0x08001299   Thumb Code     2  stm32f4xx_it.o(i.DebugMon_Handler)
    Debug_Key                                0x0800129d   Thumb Code    54  tim3_events.o(i.Debug_Key)
    Debug_USART_Config                       0x080012dd   Thumb Code   182  bsp_debug_usart.o(i.Debug_USART_Config)
    Dji_Remote_Init                          0x0800139d   Thumb Code   292  dji_remote.o(i.Dji_Remote_Init)
    GPIO_Init                                0x080014d9   Thumb Code   144  stm32f4xx_gpio.o(i.GPIO_Init)
    GPIO_PinAFConfig                         0x08001569   Thumb Code    70  stm32f4xx_gpio.o(i.GPIO_PinAFConfig)
    GPIO_ResetBits                           0x080015af   Thumb Code     4  stm32f4xx_gpio.o(i.GPIO_ResetBits)
    GPIO_SetBits                             0x080015b3   Thumb Code     4  stm32f4xx_gpio.o(i.GPIO_SetBits)
    Get_Base_Velocities                      0x080015b9   Thumb Code   278  kinematic.o(i.Get_Base_Velocities)
    HardFault_Handler                        0x080016ed   Thumb Code     4  stm32f4xx_it.o(i.HardFault_Handler)
    JSON_USART_Config                        0x080016f1   Thumb Code   182  bsp_uart7.o(i.JSON_USART_Config)
    MY_NVIC_SetVectorTable                   0x080017b1   Thumb Code    12  sys.o(i.MY_NVIC_SetVectorTable)
    MemManage_Handler                        0x080017c1   Thumb Code     4  stm32f4xx_it.o(i.MemManage_Handler)
    NMI_Handler                              0x080017c5   Thumb Code     2  stm32f4xx_it.o(i.NMI_Handler)
    NVIC_Init                                0x080017c9   Thumb Code   106  misc.o(i.NVIC_Init)
    NVIC_PriorityGroupConfig                 0x08001841   Thumb Code    10  misc.o(i.NVIC_PriorityGroupConfig)
    RCC_AHB1PeriphClockCmd                   0x08001855   Thumb Code    26  stm32f4xx_rcc.o(i.RCC_AHB1PeriphClockCmd)
    RCC_APB1PeriphClockCmd                   0x08001875   Thumb Code    26  stm32f4xx_rcc.o(i.RCC_APB1PeriphClockCmd)
    RCC_APB1PeriphResetCmd                   0x08001895   Thumb Code    26  stm32f4xx_rcc.o(i.RCC_APB1PeriphResetCmd)
    RCC_APB2PeriphClockCmd                   0x080018b5   Thumb Code    26  stm32f4xx_rcc.o(i.RCC_APB2PeriphClockCmd)
    RCC_APB2PeriphResetCmd                   0x080018d5   Thumb Code    26  stm32f4xx_rcc.o(i.RCC_APB2PeriphResetCmd)
    RCC_GetClocksFreq                        0x080018f5   Thumb Code   214  stm32f4xx_rcc.o(i.RCC_GetClocksFreq)
    RemoteDataProcess                        0x080019dd   Thumb Code   100  dji_remote.o(i.RemoteDataProcess)
    Remote_Control                           0x08001a45   Thumb Code   270  remote_code.o(i.Remote_Control)
    Robo_Move                                0x08001b79   Thumb Code   168  tim3_events.o(i.Robo_Move)
    Stm32_Clock_Init                         0x08001d61   Thumb Code    90  sys.o(i.Stm32_Clock_Init)
    Sys_Clock_Set                            0x08001dc9   Thumb Code   254  sys.o(i.Sys_Clock_Set)
    SystemInit                               0x08001ed5   Thumb Code    88  system_stm32f4xx.o(i.SystemInit)
    TIM3_IRQHandler                          0x08001f3d   Thumb Code   156  main.o(i.TIM3_IRQHandler)
    TIM3_Int_Init                            0x08001fe5   Thumb Code    86  timer.o(i.TIM3_Int_Init)
    TIM_ARRPreloadConfig                     0x08002041   Thumb Code    24  stm32f4xx_tim.o(i.TIM_ARRPreloadConfig)
    TIM_ClearITPendingBit                    0x08002059   Thumb Code     6  stm32f4xx_tim.o(i.TIM_ClearITPendingBit)
    TIM_Cmd                                  0x0800205f   Thumb Code    24  stm32f4xx_tim.o(i.TIM_Cmd)
    TIM_CtrlPWMOutputs                       0x08002077   Thumb Code    30  stm32f4xx_tim.o(i.TIM_CtrlPWMOutputs)
    TIM_GetITStatus                          0x08002095   Thumb Code    34  stm32f4xx_tim.o(i.TIM_GetITStatus)
    TIM_ITConfig                             0x080020b7   Thumb Code    18  stm32f4xx_tim.o(i.TIM_ITConfig)
    TIM_Left_Steering_Engine_PWM_Init        0x080020c9   Thumb Code   166  steering_engine.o(i.TIM_Left_Steering_Engine_PWM_Init)
    TIM_OC3Init                              0x08002175   Thumb Code   150  stm32f4xx_tim.o(i.TIM_OC3Init)
    TIM_OC3PreloadConfig                     0x08002215   Thumb Code    18  stm32f4xx_tim.o(i.TIM_OC3PreloadConfig)
    TIM_Right_Steering_Engine_PWM_Init       0x08002229   Thumb Code   162  steering_engine.o(i.TIM_Right_Steering_Engine_PWM_Init)
    TIM_TimeBaseInit                         0x080022d5   Thumb Code   104  stm32f4xx_tim.o(i.TIM_TimeBaseInit)
    UART5_IRQHandler                         0x08002359   Thumb Code    68  uart5.o(i.UART5_IRQHandler)
    USART1_IRQHandler                        0x080023ad   Thumb Code   154  dji_remote.o(i.USART1_IRQHandler)
    USART_ClearITPendingBit                  0x08002455   Thumb Code    30  stm32f4xx_usart.o(i.USART_ClearITPendingBit)
    USART_Cmd                                0x08002473   Thumb Code    24  stm32f4xx_usart.o(i.USART_Cmd)
    USART_DMACmd                             0x0800248b   Thumb Code    18  stm32f4xx_usart.o(i.USART_DMACmd)
    USART_DeInit                             0x0800249d   Thumb Code   206  stm32f4xx_usart.o(i.USART_DeInit)
    USART_GetITStatus                        0x0800258d   Thumb Code    84  stm32f4xx_usart.o(i.USART_GetITStatus)
    USART_ITConfig                           0x080025e1   Thumb Code    74  stm32f4xx_usart.o(i.USART_ITConfig)
    USART_Init                               0x0800262d   Thumb Code   204  stm32f4xx_usart.o(i.USART_Init)
    UsageFault_Handler                       0x08002701   Thumb Code     4  stm32f4xx_it.o(i.UsageFault_Handler)
    VPID_Init                                0x08002705   Thumb Code    22  speed_pid.o(i.VPID_Init)
    VPID_Init_All                            0x0800271d   Thumb Code    40  speed_pid.o(i.VPID_Init_All)
    __scatterload_copy                       0x0800275d   Thumb Code    14  handlers.o(i.__scatterload_copy)
    __scatterload_null                       0x0800276b   Thumb Code     2  handlers.o(i.__scatterload_null)
    __scatterload_zeroinit                   0x0800276d   Thumb Code    14  handlers.o(i.__scatterload_zeroinit)
    apid_chassic_realize                     0x0800277d   Thumb Code   224  angle_pid.o(i.apid_chassic_realize)
    apid_realize                             0x08002871   Thumb Code   328  angle_pid.o(i.apid_realize)
    break_jugement                           0x080029c1   Thumb Code    28  kinematic.o(i.break_jugement)
    bsp_imu_usart_init                       0x080029e9   Thumb Code   178  bsp_imu_usart.o(i.bsp_imu_usart_init)
    chassic_speed_control                    0x08002c8d   Thumb Code   466  kinematic.o(i.chassic_speed_control)
    delay_init                               0x08002e81   Thumb Code    46  delay.o(i.delay_init)
    find_max                                 0x08002eb9   Thumb Code   122  kinematic.o(i.find_max)
    handle_speed_control                     0x08002f45   Thumb Code    46  kinematic.o(i.handle_speed_control)
    key_init                                 0x08002f7d   Thumb Code    42  key.o(i.key_init)
    key_press                                0x08002fad   Thumb Code    56  key.o(i.key_press)
    led_init                                 0x08002ff1   Thumb Code    60  led.o(i.led_init)
    main                                     0x08003031   Thumb Code   110  main.o(i.main)
    motor_init                               0x080030b5   Thumb Code   136  motor.o(i.motor_init)
    power_close_all                          0x08003151   Thumb Code    12  power.o(i.power_close_all)
    power_close_motor                        0x08003161   Thumb Code    72  power.o(i.power_close_motor)
    power_init                               0x080031ad   Thumb Code   112  power.o(i.power_init)
    power_open_all                           0x08003225   Thumb Code    12  power.o(i.power_open_all)
    record_motor_callback                    0x08003235   Thumb Code   156  motor.o(i.record_motor_callback)
    set_chassis_current                      0x080032d9   Thumb Code   122  motor.o(i.set_chassis_current)
    set_handle_current                       0x08003365   Thumb Code    66  motor.o(i.set_handle_current)
    step_motor_init                          0x080033b1   Thumb Code   210  led.o(i.step_motor_init)
    stop_chassis_motor                       0x08003491   Thumb Code    86  motor.o(i.stop_chassis_motor)
    stop_trigger_motor                       0x080034f9   Thumb Code    24  motor.o(i.stop_trigger_motor)
    trigger_control                          0x08003515   Thumb Code    96  kinematic.o(i.trigger_control)
    vpid_chassic_realize                     0x08003581   Thumb Code   164  speed_pid.o(i.vpid_chassic_realize)
    vpid_handle_realize                      0x08003639   Thumb Code    96  speed_pid.o(i.vpid_handle_realize)
    vpid_realize                             0x080036a5   Thumb Code   522  speed_pid.o(i.vpid_realize)
    Region$$Table$$Base                      0x080038cc   Number         0  anon$$obj.o(Region$$Table)
    Region$$Table$$Limit                     0x080038ec   Number         0  anon$$obj.o(Region$$Table)
    tmp                                      0x20000014   Data           2  stm32f4xx_it.o(.data)
    stop_flag_1                              0x2000001c   Data           4  kinematic.o(.data)
    stop_flag_4                              0x20000020   Data           4  kinematic.o(.data)
    test_flag                                0x20000024   Data           4  kinematic.o(.data)
    handle_test_flag                         0x20000028   Data           4  kinematic.o(.data)
    stop_flag_2                              0x2000002c   Data           4  kinematic.o(.data)
    stop_flag_3                              0x20000030   Data           4  kinematic.o(.data)
    ap_pid_flag                              0x20000034   Data           4  angle_pid.o(.data)
    switch_flag                              0x20000038   Data           1  speed_pid.o(.data)
    pid_target_speed                         0x2000003c   Data           4  speed_pid.o(.data)
    pid_target_angle                         0x20000040   Data           4  speed_pid.o(.data)
    pid_flag_start                           0x20000044   Data           4  speed_pid.o(.data)
    pid_flag_end                             0x20000048   Data           4  speed_pid.o(.data)
    Usart5_Clean_IDLE_Flag                   0x2000004c   Data           4  uart5.o(.data)
    max_motor_speed                          0x20000050   Data           4  motor.o(.data)
    max_base_linear_speed                    0x20000054   Data           4  motor.o(.data)
    max_base_rotational_speed                0x20000058   Data           4  motor.o(.data)
    callback_flag                            0x2000005c   Data           4  motor.o(.data)
    Control_Mode                             0x2000008c   Data           1  remote_code.o(.data)
    x_speed                                  0x20000090   Data           4  remote_code.o(.data)
    y_speed                                  0x20000094   Data           4  remote_code.o(.data)
    r_speed                                  0x20000098   Data           4  remote_code.o(.data)
    trigger_speed                            0x2000009c   Data           4  remote_code.o(.data)
    theta                                    0x200000a0   Data           4  remote_code.o(.data)
    cx_speed                                 0x200000a4   Data           4  remote_code.o(.data)
    cy_speed                                 0x200000a8   Data           4  remote_code.o(.data)
    flag                                     0x200000ac   Data           4  remote_code.o(.data)
    flag_1                                   0x200000b0   Data           4  tim3_events.o(.data)
    get_rcc_clock                            0x200000b8   Data          16  my_init.o(.bss)
    Kinematics                               0x200000c8   Data         184  kinematic.o(.bss)
    pid_t                                    0x20000180   Data          72  speed_pid.o(.bss)
    Judge_Buffer                             0x200001c8   Data         200  uart5.o(.bss)
    xCom5DMAInit                             0x20000290   Data          60  uart5.o(.bss)
    motor1                                   0x200002cc   Data         120  motor.o(.bss)
    motor2                                   0x20000344   Data         120  motor.o(.bss)
    motor3                                   0x200003bc   Data         120  motor.o(.bss)
    motor4                                   0x20000434   Data         120  motor.o(.bss)
    motor5                                   0x200004ac   Data         120  motor.o(.bss)
    motor6                                   0x20000524   Data         120  motor.o(.bss)
    loopback                                 0x2000059c   Data          24  motor.o(.bss)
    rc                                       0x200005b4   Data          10  dji_remote.o(.bss)
    sbus_rx_buffer                           0x200005be   Data          36  dji_remote.o(.bss)
    __initial_sp                             0x200015e8   Data           0  startup_stm32f427_437xx.o(STACK)



==============================================================================

Memory Map of the image

  Image Entry point : 0x080001ad

  Load Region LR_IROM1 (Base: 0x08000000, Size: 0x000039a4, Max: 0x00200000, ABSOLUTE)

    Execution Region ER_IROM1 (Exec base: 0x08000000, Load base: 0x08000000, Size: 0x000038ec, Max: 0x00200000, ABSOLUTE)

    Exec Addr    Load Addr    Size         Type   Attr      Idx    E Section Name        Object

    0x08000000   0x08000000   0x000001ac   Data   RO            3    RESET               startup_stm32f427_437xx.o
    0x080001ac   0x080001ac   0x00000000   Code   RO         5346  * .ARM.Collect$$$$00000000  mc_w.l(entry.o)
    0x080001ac   0x080001ac   0x00000004   Code   RO         5367    .ARM.Collect$$$$00000001  mc_w.l(entry2.o)
    0x080001b0   0x080001b0   0x00000004   Code   RO         5370    .ARM.Collect$$$$00000004  mc_w.l(entry5.o)
    0x080001b4   0x080001b4   0x00000000   Code   RO         5372    .ARM.Collect$$$$00000008  mc_w.l(entry7b.o)
    0x080001b4   0x080001b4   0x00000000   Code   RO         5374    .ARM.Collect$$$$0000000A  mc_w.l(entry8b.o)
    0x080001b4   0x080001b4   0x00000008   Code   RO         5375    .ARM.Collect$$$$0000000B  mc_w.l(entry9a.o)
    0x080001bc   0x080001bc   0x00000000   Code   RO         5377    .ARM.Collect$$$$0000000D  mc_w.l(entry10a.o)
    0x080001bc   0x080001bc   0x00000000   Code   RO         5379    .ARM.Collect$$$$0000000F  mc_w.l(entry11a.o)
    0x080001bc   0x080001bc   0x00000004   Code   RO         5368    .ARM.Collect$$$$00002712  mc_w.l(entry2.o)
    0x080001c0   0x080001c0   0x00000024   Code   RO            4    .text               startup_stm32f427_437xx.o
    0x080001e4   0x080001e4   0x00000024   Code   RO         5349    .text               mc_w.l(memseta.o)
    0x08000208   0x08000208   0x000000e4   Code   RO         5351    .text               mf_w.l(dmul.o)
    0x080002ec   0x080002ec   0x000000de   Code   RO         5353    .text               mf_w.l(ddiv.o)
    0x080003ca   0x080003ca   0x00000022   Code   RO         5355    .text               mf_w.l(dflti.o)
    0x080003ec   0x080003ec   0x0000001a   Code   RO         5357    .text               mf_w.l(dfltui.o)
    0x08000406   0x08000406   0x0000003e   Code   RO         5359    .text               mf_w.l(dfixi.o)
    0x08000444   0x08000444   0x00000026   Code   RO         5361    .text               mf_w.l(f2d.o)
    0x0800046a   0x0800046a   0x00000002   PAD
    0x0800046c   0x0800046c   0x00000030   Code   RO         5363    .text               mf_w.l(cdrcmple.o)
    0x0800049c   0x0800049c   0x00000038   Code   RO         5365    .text               mf_w.l(d2f.o)
    0x080004d4   0x080004d4   0x00000020   Code   RO         5381    .text               mc_w.l(llushr.o)
    0x080004f4   0x080004f4   0x00000000   Code   RO         5383    .text               mc_w.l(iusefp.o)
    0x080004f4   0x080004f4   0x0000006e   Code   RO         5384    .text               mf_w.l(fepilogue.o)
    0x08000562   0x08000562   0x000000ba   Code   RO         5386    .text               mf_w.l(depilogue.o)
    0x0800061c   0x0800061c   0x00000024   Code   RO         5388    .text               mc_w.l(init.o)
    0x08000640   0x08000640   0x0000001e   Code   RO         5390    .text               mc_w.l(llshl.o)
    0x0800065e   0x0800065e   0x00000016   Code   RO         4651    i.APID_Init         angle_pid.o
    0x08000674   0x08000674   0x00000040   Code   RO         4652    i.APID_Init_All     angle_pid.o
    0x080006b4   0x080006b4   0x00000090   Code   RO         4520    i.All_Init          my_init.o
    0x08000744   0x08000744   0x00000108   Code   RO         4579    i.BaseVel_To_WheelVel  kinematic.o
    0x0800084c   0x0800084c   0x00000004   Code   RO         4302    i.BusFault_Handler  stm32f4xx_it.o
    0x08000850   0x08000850   0x00000100   Code   RO         4850    i.CAN1_Mode_Init    can.o
    0x08000950   0x08000950   0x00000170   Code   RO         4303    i.CAN1_RX0_IRQHandler  stm32f4xx_it.o
    0x08000ac0   0x08000ac0   0x00000070   Code   RO         4852    i.CAN1_Send_CHASSIS_Msg  can.o
    0x08000b30   0x08000b30   0x00000070   Code   RO         4854    i.CAN1_Send_handle_Msg  can.o
    0x08000ba0   0x08000ba0   0x00000108   Code   RO          465    i.CAN_FilterInit    stm32f4xx_can.o
    0x08000ca8   0x08000ca8   0x00000012   Code   RO          471    i.CAN_ITConfig      stm32f4xx_can.o
    0x08000cba   0x08000cba   0x00000114   Code   RO          472    i.CAN_Init          stm32f4xx_can.o
    0x08000dce   0x08000dce   0x000000f0   Code   RO          475    i.CAN_Receive       stm32f4xx_can.o
    0x08000ebe   0x08000ebe   0x00000126   Code   RO          480    i.CAN_Transmit      stm32f4xx_can.o
    0x08000fe4   0x08000fe4   0x000000a0   Code   RO          481    i.CAN_TransmitStatus  stm32f4xx_can.o
    0x08001084   0x08001084   0x00000016   Code   RO          856    i.DMA_Cmd           stm32f4xx_dma.o
    0x0800109a   0x0800109a   0x00000002   PAD
    0x0800109c   0x0800109c   0x00000158   Code   RO          857    i.DMA_DeInit        stm32f4xx_dma.o
    0x080011f4   0x080011f4   0x00000016   Code   RO          858    i.DMA_DoubleBufferModeCmd  stm32f4xx_dma.o
    0x0800120a   0x0800120a   0x00000018   Code   RO          859    i.DMA_DoubleBufferModeConfig  stm32f4xx_dma.o
    0x08001222   0x08001222   0x00000008   Code   RO          862    i.DMA_GetCurrDataCounter  stm32f4xx_dma.o
    0x0800122a   0x0800122a   0x00000014   Code   RO          863    i.DMA_GetCurrentMemoryTarget  stm32f4xx_dma.o
    0x0800123e   0x0800123e   0x00000002   PAD
    0x08001240   0x08001240   0x00000058   Code   RO          868    i.DMA_Init          stm32f4xx_dma.o
    0x08001298   0x08001298   0x00000002   Code   RO         4304    i.DebugMon_Handler  stm32f4xx_it.o
    0x0800129a   0x0800129a   0x00000002   PAD
    0x0800129c   0x0800129c   0x00000040   Code   RO         5274    i.Debug_Key         tim3_events.o
    0x080012dc   0x080012dc   0x000000c0   Code   RO         4784    i.Debug_USART_Config  bsp_debug_usart.o
    0x0800139c   0x0800139c   0x0000013c   Code   RO         5192    i.Dji_Remote_Init   dji_remote.o
    0x080014d8   0x080014d8   0x00000090   Code   RO         1593    i.GPIO_Init         stm32f4xx_gpio.o
    0x08001568   0x08001568   0x00000046   Code   RO         1594    i.GPIO_PinAFConfig  stm32f4xx_gpio.o
    0x080015ae   0x080015ae   0x00000004   Code   RO         1600    i.GPIO_ResetBits    stm32f4xx_gpio.o
    0x080015b2   0x080015b2   0x00000004   Code   RO         1601    i.GPIO_SetBits      stm32f4xx_gpio.o
    0x080015b6   0x080015b6   0x00000002   PAD
    0x080015b8   0x080015b8   0x00000134   Code   RO         4580    i.Get_Base_Velocities  kinematic.o
    0x080016ec   0x080016ec   0x00000004   Code   RO         4305    i.HardFault_Handler  stm32f4xx_it.o
    0x080016f0   0x080016f0   0x000000c0   Code   RO         4898    i.JSON_USART_Config  bsp_uart7.o
    0x080017b0   0x080017b0   0x00000010   Code   RO         4428    i.MY_NVIC_SetVectorTable  sys.o
    0x080017c0   0x080017c0   0x00000004   Code   RO         4306    i.MemManage_Handler  stm32f4xx_it.o
    0x080017c4   0x080017c4   0x00000002   Code   RO         4307    i.NMI_Handler       stm32f4xx_it.o
    0x080017c6   0x080017c6   0x00000002   PAD
    0x080017c8   0x080017c8   0x00000078   Code   RO          161    i.NVIC_Init         misc.o
    0x08001840   0x08001840   0x00000014   Code   RO          162    i.NVIC_PriorityGroupConfig  misc.o
    0x08001854   0x08001854   0x00000020   Code   RO         2078    i.RCC_AHB1PeriphClockCmd  stm32f4xx_rcc.o
    0x08001874   0x08001874   0x00000020   Code   RO         2087    i.RCC_APB1PeriphClockCmd  stm32f4xx_rcc.o
    0x08001894   0x08001894   0x00000020   Code   RO         2089    i.RCC_APB1PeriphResetCmd  stm32f4xx_rcc.o
    0x080018b4   0x080018b4   0x00000020   Code   RO         2090    i.RCC_APB2PeriphClockCmd  stm32f4xx_rcc.o
    0x080018d4   0x080018d4   0x00000020   Code   RO         2092    i.RCC_APB2PeriphResetCmd  stm32f4xx_rcc.o
    0x080018f4   0x080018f4   0x000000e8   Code   RO         2099    i.RCC_GetClocksFreq  stm32f4xx_rcc.o
    0x080019dc   0x080019dc   0x00000068   Code   RO         5193    i.RemoteDataProcess  dji_remote.o
    0x08001a44   0x08001a44   0x00000134   Code   RO         5234    i.Remote_Control    remote_code.o
    0x08001b78   0x08001b78   0x000000c8   Code   RO         5275    i.Robo_Move         tim3_events.o
    0x08001c40   0x08001c40   0x00000120   Code   RO           13    i.SetSysClock       system_stm32f4xx.o
    0x08001d60   0x08001d60   0x00000068   Code   RO         4429    i.Stm32_Clock_Init  sys.o
    0x08001dc8   0x08001dc8   0x0000010c   Code   RO         4430    i.Sys_Clock_Set     sys.o
    0x08001ed4   0x08001ed4   0x00000068   Code   RO           15    i.SystemInit        system_stm32f4xx.o
    0x08001f3c   0x08001f3c   0x000000a8   Code   RO         4216    i.TIM3_IRQHandler   main.o
    0x08001fe4   0x08001fe4   0x0000005c   Code   RO         4820    i.TIM3_Int_Init     timer.o
    0x08002040   0x08002040   0x00000018   Code   RO         3204    i.TIM_ARRPreloadConfig  stm32f4xx_tim.o
    0x08002058   0x08002058   0x00000006   Code   RO         3211    i.TIM_ClearITPendingBit  stm32f4xx_tim.o
    0x0800205e   0x0800205e   0x00000018   Code   RO         3216    i.TIM_Cmd           stm32f4xx_tim.o
    0x08002076   0x08002076   0x0000001e   Code   RO         3218    i.TIM_CtrlPWMOutputs  stm32f4xx_tim.o
    0x08002094   0x08002094   0x00000022   Code   RO         3237    i.TIM_GetITStatus   stm32f4xx_tim.o
    0x080020b6   0x080020b6   0x00000012   Code   RO         3241    i.TIM_ITConfig      stm32f4xx_tim.o
    0x080020c8   0x080020c8   0x000000ac   Code   RO         5307    i.TIM_Left_Steering_Engine_PWM_Init  steering_engine.o
    0x08002174   0x08002174   0x000000a0   Code   RO         3255    i.TIM_OC3Init       stm32f4xx_tim.o
    0x08002214   0x08002214   0x00000012   Code   RO         3258    i.TIM_OC3PreloadConfig  stm32f4xx_tim.o
    0x08002226   0x08002226   0x00000002   PAD
    0x08002228   0x08002228   0x000000ac   Code   RO         5308    i.TIM_Right_Steering_Engine_PWM_Init  steering_engine.o
    0x080022d4   0x080022d4   0x00000084   Code   RO         3288    i.TIM_TimeBaseInit  stm32f4xx_tim.o
    0x08002358   0x08002358   0x00000054   Code   RO         4935    i.UART5_IRQHandler  uart5.o
    0x080023ac   0x080023ac   0x000000a8   Code   RO         5194    i.USART1_IRQHandler  dji_remote.o
    0x08002454   0x08002454   0x0000001e   Code   RO         3767    i.USART_ClearITPendingBit  stm32f4xx_usart.o
    0x08002472   0x08002472   0x00000018   Code   RO         3770    i.USART_Cmd         stm32f4xx_usart.o
    0x0800248a   0x0800248a   0x00000012   Code   RO         3771    i.USART_DMACmd      stm32f4xx_usart.o
    0x0800249c   0x0800249c   0x000000f0   Code   RO         3772    i.USART_DeInit      stm32f4xx_usart.o
    0x0800258c   0x0800258c   0x00000054   Code   RO         3774    i.USART_GetITStatus  stm32f4xx_usart.o
    0x080025e0   0x080025e0   0x0000004a   Code   RO         3776    i.USART_ITConfig    stm32f4xx_usart.o
    0x0800262a   0x0800262a   0x00000002   PAD
    0x0800262c   0x0800262c   0x000000d4   Code   RO         3777    i.USART_Init        stm32f4xx_usart.o
    0x08002700   0x08002700   0x00000004   Code   RO         4308    i.UsageFault_Handler  stm32f4xx_it.o
    0x08002704   0x08002704   0x00000016   Code   RO         4697    i.VPID_Init         speed_pid.o
    0x0800271a   0x0800271a   0x00000002   PAD
    0x0800271c   0x0800271c   0x00000040   Code   RO         4698    i.VPID_Init_All     speed_pid.o
    0x0800275c   0x0800275c   0x0000000e   Code   RO         5394    i.__scatterload_copy  mc_w.l(handlers.o)
    0x0800276a   0x0800276a   0x00000002   Code   RO         5395    i.__scatterload_null  mc_w.l(handlers.o)
    0x0800276c   0x0800276c   0x0000000e   Code   RO         5396    i.__scatterload_zeroinit  mc_w.l(handlers.o)
    0x0800277a   0x0800277a   0x00000002   PAD
    0x0800277c   0x0800277c   0x000000f4   Code   RO         4653    i.apid_chassic_realize  angle_pid.o
    0x08002870   0x08002870   0x00000150   Code   RO         4655    i.apid_realize      angle_pid.o
    0x080029c0   0x080029c0   0x00000028   Code   RO         4581    i.break_jugement    kinematic.o
    0x080029e8   0x080029e8   0x000000bc   Code   RO         4983    i.bsp_imu_usart_init  bsp_imu_usart.o
    0x08002aa4   0x08002aa4   0x000000f4   Code   RO         5235    i.caculate_linear_speed  remote_code.o
    0x08002b98   0x08002b98   0x000000f4   Code   RO         5236    i.caculate_rotational_speed  remote_code.o
    0x08002c8c   0x08002c8c   0x000001f4   Code   RO         4582    i.chassic_speed_control  kinematic.o
    0x08002e80   0x08002e80   0x00000038   Code   RO         4376    i.delay_init        delay.o
    0x08002eb8   0x08002eb8   0x0000008c   Code   RO         4584    i.find_max          kinematic.o
    0x08002f44   0x08002f44   0x00000038   Code   RO         4586    i.handle_speed_control  kinematic.o
    0x08002f7c   0x08002f7c   0x00000030   Code   RO         5161    i.key_init          key.o
    0x08002fac   0x08002fac   0x00000044   Code   RO         5162    i.key_press         key.o
    0x08002ff0   0x08002ff0   0x00000040   Code   RO         5007    i.led_init          led.o
    0x08003030   0x08003030   0x00000084   Code   RO         4217    i.main              main.o
    0x080030b4   0x080030b4   0x0000009c   Code   RO         5040    i.motor_init        motor.o
    0x08003150   0x08003150   0x00000010   Code   RO         5107    i.power_close_all   power.o
    0x08003160   0x08003160   0x0000004c   Code   RO         5108    i.power_close_motor  power.o
    0x080031ac   0x080031ac   0x00000078   Code   RO         5109    i.power_init        power.o
    0x08003224   0x08003224   0x00000010   Code   RO         5110    i.power_open_all    power.o
    0x08003234   0x08003234   0x000000a4   Code   RO         5042    i.record_motor_callback  motor.o
    0x080032d8   0x080032d8   0x0000008c   Code   RO         5043    i.set_chassis_current  motor.o
    0x08003364   0x08003364   0x0000004c   Code   RO         5044    i.set_handle_current  motor.o
    0x080033b0   0x080033b0   0x000000e0   Code   RO         5008    i.step_motor_init   led.o
    0x08003490   0x08003490   0x00000068   Code   RO         5045    i.stop_chassis_motor  motor.o
    0x080034f8   0x080034f8   0x0000001c   Code   RO         5046    i.stop_trigger_motor  motor.o
    0x08003514   0x08003514   0x0000006c   Code   RO         4587    i.trigger_control   kinematic.o
    0x08003580   0x08003580   0x000000b8   Code   RO         4699    i.vpid_chassic_realize  speed_pid.o
    0x08003638   0x08003638   0x0000006c   Code   RO         4700    i.vpid_handle_realize  speed_pid.o
    0x080036a4   0x080036a4   0x00000228   Code   RO         4701    i.vpid_realize      speed_pid.o
    0x080038cc   0x080038cc   0x00000020   Data   RO         5392    Region$$Table       anon$$obj.o


    Execution Region RW_IRAM1 (Exec base: 0x20000000, Load base: 0x080038ec, Size: 0x000015e8, Max: 0x00030000, ABSOLUTE)

    Exec Addr    Load Addr    Size         Type   Attr      Idx    E Section Name        Object

    0x20000000   0x080038ec   0x00000010   Data   RW         2131    .data               stm32f4xx_rcc.o
    0x20000010   0x080038fc   0x00000004   Data   RW         4218    .data               main.o
    0x20000014   0x08003900   0x00000002   Data   RW         4309    .data               stm32f4xx_it.o
    0x20000016   0x08003902   0x00000004   Data   RW         4380    .data               delay.o
    0x2000001a   0x08003906   0x00000002   PAD
    0x2000001c   0x08003908   0x00000018   Data   RW         4589    .data               kinematic.o
    0x20000034   0x08003920   0x00000004   Data   RW         4656    .data               angle_pid.o
    0x20000038   0x08003924   0x00000014   Data   RW         4704    .data               speed_pid.o
    0x2000004c   0x08003938   0x00000004   Data   RW         4939    .data               uart5.o
    0x20000050   0x0800393c   0x00000038   Data   RW         5048    .data               motor.o
    0x20000088   0x08003974   0x00000002   Data   RW         5163    .data               key.o
    0x2000008a   0x08003976   0x00000002   PAD
    0x2000008c   0x08003978   0x00000024   Data   RW         5237    .data               remote_code.o
    0x200000b0   0x0800399c   0x00000008   Data   RW         5276    .data               tim3_events.o
    0x200000b8        -       0x00000010   Zero   RW         4521    .bss                my_init.o
    0x200000c8        -       0x000000b8   Zero   RW         4588    .bss                kinematic.o
    0x20000180        -       0x00000048   Zero   RW         4703    .bss                speed_pid.o
    0x200001c8        -       0x00000104   Zero   RW         4938    .bss                uart5.o
    0x200002cc        -       0x000002e8   Zero   RW         5047    .bss                motor.o
    0x200005b4        -       0x0000002e   Zero   RW         5195    .bss                dji_remote.o
    0x200005e2   0x080039a4   0x00000006   PAD
    0x200005e8        -       0x00001000   Zero   RW            1    STACK               startup_stm32f427_437xx.o


==============================================================================

Image component sizes


      Code (inc. data)   RO Data    RW Data    ZI Data      Debug   Object Name

       666         52          0          4          0       3356   angle_pid.o
       192         10          0          0          0        753   bsp_debug_usart.o
       188         10          0          0          0        749   bsp_imu_usart.o
       192         10          0          0          0        740   bsp_uart7.o
       480         22          0          0          0       3124   can.o
        56         10          0          4          0        741   delay.o
       588         42          0          0         46       3526   dji_remote.o
       116         18          0          2          0       1147   key.o
      1416        146          0         24        184       6779   kinematic.o
       288         18          0          0          0       1209   led.o
       300         34          0          4          0       2710   main.o
       140         24          0          0          0       1795   misc.o
       668         78          0         56        744       6806   motor.o
       144         10          0          0         16        827   my_init.o
       228         20          0          0          0       2276   power.o
       796         70          0         36          0       2939   remote_code.o
       930         86          0         20         72       6162   speed_pid.o
        36          8        428          0       4096        992   startup_stm32f427_437xx.o
       344         16          0          0          0       1633   steering_engine.o
      1252         28          0          0          0       5725   stm32f4xx_can.o
       528         26          0          0          0       6155   stm32f4xx_dma.o
       222          0          0          0          0       3291   stm32f4xx_gpio.o
       388         44          0          2          0       4541   stm32f4xx_it.o
       392         48          0         16          0       6405   stm32f4xx_rcc.o
       446         38          0          0          0       6951   stm32f4xx_tim.o
       682         42          0          0          0       6278   stm32f4xx_usart.o
       388         32          0          0          0       2116   sys.o
       392         32          0          0          0     317565   system_stm32f4xx.o
       264         42          0          8          0       1421   tim3_events.o
        92          6          0          0          0        708   timer.o
        84         16          0          4        260       1502   uart5.o

    ----------------------------------------------------------------------
     12914       1038        460        184       5424     410922   Object Totals
         0          0         32          0          0          0   (incl. Generated)
        16          0          0          4          6          0   (incl. Padding)

    ----------------------------------------------------------------------

      Code (inc. data)   RO Data    RW Data    ZI Data      Debug   Library Member Name

         0          0          0          0          0          0   entry.o
         0          0          0          0          0          0   entry10a.o
         0          0          0          0          0          0   entry11a.o
         8          4          0          0          0          0   entry2.o
         4          0          0          0          0          0   entry5.o
         0          0          0          0          0          0   entry7b.o
         0          0          0          0          0          0   entry8b.o
         8          4          0          0          0          0   entry9a.o
        30          0          0          0          0          0   handlers.o
        36          8          0          0          0         68   init.o
         0          0          0          0          0          0   iusefp.o
        30          0          0          0          0         68   llshl.o
        32          0          0          0          0         68   llushr.o
        36          0          0          0          0        108   memseta.o
        48          0          0          0          0         68   cdrcmple.o
        56          0          0          0          0         88   d2f.o
       222          0          0          0          0        100   ddiv.o
       186          0          0          0          0        176   depilogue.o
        62          0          0          0          0         80   dfixi.o
        34          0          0          0          0         76   dflti.o
        26          0          0          0          0         76   dfltui.o
       228          0          0          0          0         96   dmul.o
        38          0          0          0          0         68   f2d.o
       110          0          0          0          0        168   fepilogue.o

    ----------------------------------------------------------------------
      1198         16          0          0          0       1308   Library Totals
         4          0          0          0          0          0   (incl. Padding)

    ----------------------------------------------------------------------

      Code (inc. data)   RO Data    RW Data    ZI Data      Debug   Library Name

       184         16          0          0          0        312   mc_w.l
      1010          0          0          0          0        996   mf_w.l

    ----------------------------------------------------------------------
      1198         16          0          0          0       1308   Library Totals

    ----------------------------------------------------------------------

==============================================================================


      Code (inc. data)   RO Data    RW Data    ZI Data      Debug   

     14112       1054        460        184       5424     402462   Grand Totals
     14112       1054        460        184       5424     402462   ELF Image Totals
     14112       1054        460        184          0          0   ROM Totals

==============================================================================

    Total RO  Size (Code + RO Data)                14572 (  14.23kB)
    Total RW  Size (RW Data + ZI Data)              5608 (   5.48kB)
    Total ROM Size (Code + RO Data + RW Data)      14756 (  14.41kB)

==============================================================================

