<html>
<body>
<pre>
<h1>礦ision Build Log</h1>
<h2>Tool Versions:</h2>
IDE-Version: μVision V5.25.3.0
Copyright (C) 2018 ARM Ltd and ARM Germany GmbH. All rights reserved.
License Information: 软件安装管家 Microsoft, Microsoft, LIC=Q7GJJ-UYZ6T-045SQ-NHKTL-0AQNF-KDDI6
 
Tool Versions:
Toolchain:       MDK-ARM Professional  Version: 5.18
Toolchain Path:  D:\Keil5\ARM\ARMCC\Bin
C Compiler:      Armcc.exe V5.06 update 1 (build 61)
Assembler:       Armasm.exe V5.06 update 1 (build 61)
Linker/Locator:  ArmLink.exe V5.06 update 1 (build 61)
Library Manager: ArmAr.exe V5.06 update 1 (build 61)
Hex Converter:   FromElf.exe V5.06 update 1 (build 61)
CPU DLL:         SARMCM3.DLL V5.18
Dialog DLL:      DCM.DLL V1.13.6.0
Target DLL:      Segger\JL2CM3.dll V2.99.18.0
Dialog DLL:      TCM.DLL V1.14.8.0
 
<h2>Project:</h2>
D:\工作\robomaster\步兵1.6\步兵\down\Project\RM-F427.uvprojx
Project File Date:  03/25/2021

<h2>Output:</h2>
*** Using Compiler 'V5.06 update 1 (build 61)', folder: 'D:\Keil5\ARM\ARMCC\Bin'
Rebuild target '底盘'
assembling startup_stm32f427_437xx.s...
compiling system_stm32f4xx.c...
compiling misc.c...
compiling stm32f4xx_dac.c...
compiling stm32f4xx_adc.c...
compiling stm32f4xx_dma.c...
compiling stm32f4xx_cryp_tdes.c...
compiling stm32f4xx_dma2d.c...
compiling stm32f4xx_can.c...
compiling stm32f4xx_cryp_des.c...
compiling stm32f4xx_flash.c...
compiling stm32f4xx_cryp_aes.c...
compiling stm32f4xx_hash_md5.c...
compiling stm32f4xx_gpio.c...
compiling stm32f4xx_flash_ramfunc.c...
compiling stm32f4xx_sdio.c...
compiling stm32f4xx_fmc.c...
compiling stm32f4xx_i2c.c...
compiling stm32f4xx_spi.c...
compiling stm32f4xx_pwr.c...
compiling stm32f4xx_syscfg.c...
compiling stm32f4xx_rcc.c...
compiling stm32f4xx_rtc.c...
compiling algorithm.c...
compiling kinematic.c...
compiling angle_pid.c...
compiling speed_pid.c...
compiling stm32f4xx_usart.c...
compiling stm32f4xx_hash.c...
compiling stm32f4xx_cryp.c...
compiling stm32f4xx_tim.c...
compiling delay.c...
compiling sys.c...
compiling My_Init.c...
compiling stm32f4xx_it.c...
compiling main.c...
..\User\main.c(28): warning:  #174-D: expression has no effect
  	Init_Referee_Struct_Data;         //??始化????系统?卮???
..\User\main.c: 1 warning, 0 errors
compiling mode.c...
compiling json.c...
compiling shoot.c...
compiling judge.c...
compiling bsp_debug_usart.c...
compiling encoder.c...
..\APP\encoder\encoder.c(104): warning:  #111-D: statement is unreachable
  	   break;
..\APP\encoder\encoder.c(110): warning:  #111-D: statement is unreachable
       break;		 
..\APP\encoder\encoder.c(113): warning:  #940-D: missing return statement at end of non-void function "get_light_speed"
  }
..\APP\encoder\encoder.c(275): warning:  #111-D: statement is unreachable
       break; 
..\APP\encoder\encoder.c(287): warning:  #111-D: statement is unreachable
       break; 
..\APP\encoder\encoder.c(290): warning:  #940-D: missing return statement at end of non-void function "Read_Encoder"
  }
..\APP\encoder\encoder.c: 6 warnings, 0 errors
compiling timer.c...
compiling referee.c...
compiling bsp_uart7.c...
compiling uart5.c...
compiling can.c...
compiling bsp_imu_usart.c...
compiling buzzer.c...
compiling LED.c...
compiling bsp_referee_usart.c...
compiling motor.c...
compiling myflash.c...
compiling power.c...
compiling stmflash.c...
compiling DJi_remote.c...
compiling power_limitation.c...
compiling key.c...
compiling remote_code.c...
compiling Tim3_Events.c...
compiling jansson_config.c...
compiling fric.c...
compiling gimbal.c...
compiling imuReader.c...
linking...
Program Size: Code=38796 RO-data=1028 RW-data=344 ZI-data=12360  
FromELF: creating hex file...
"..\Output\RM_typeA.axf" - 0 Error(s), 7 Warning(s).

<h2>Software Packages used:</h2>

Package Vendor: Keil
                http://www.keil.com/pack/Keil.Jansson.1.0.0.pack
                Keil.Jansson.1.0.0
                Jansson is a C library for encoding, decoding and manipulating JSON data
   * Component: Jansson Version: 2.7.0

Package Vendor: Keil
                http://www.keil.com/pack/Keil.STM32F4xx_DFP.2.13.0.pack
                Keil.STM32F4xx_DFP.2.13.0
                STMicroelectronics STM32F4 Series Device Support, Drivers and Examples

<h2>Collection of Component include folders:</h2>
  .\RTE\_____
  D:\Keil5\ARM\PACK\Keil\Jansson\1.0.0\src
  D:\Keil5\ARM\PACK\Keil\STM32F4xx_DFP\2.13.0\Drivers\CMSIS\Device\ST\STM32F4xx\Include

<h2>Collection of Component Files used:</h2>

   * Component: Keil::Data Exchange:JSON:Jansson:2.7.0
      Include file:  src\jansson.h
      Library file:  lib\jansson_CM3LE.lib
      Source file:   src\jansson_config.c
Build Time Elapsed:  00:00:10
</pre>
</body>
</html>
