Component: ARM Compiler 5.06 update 6 (build 750) Tool: armlink [4d35ed]

==============================================================================

Section Cross References

    startup_stm32f427_437xx.o(RESET) refers to startup_stm32f427_437xx.o(STACK) for __initial_sp
    startup_stm32f427_437xx.o(RESET) refers to startup_stm32f427_437xx.o(.text) for Reset_Handler
    startup_stm32f427_437xx.o(RESET) refers to stm32f4xx_it.o(i.NMI_Handler) for NMI_Handler
    startup_stm32f427_437xx.o(RESET) refers to stm32f4xx_it.o(i.HardFault_Handler) for HardFault_Handler
    startup_stm32f427_437xx.o(RESET) refers to stm32f4xx_it.o(i.MemManage_Handler) for MemManage_Handler
    startup_stm32f427_437xx.o(RESET) refers to stm32f4xx_it.o(i.BusFault_Handler) for BusFault_Handler
    startup_stm32f427_437xx.o(RESET) refers to stm32f4xx_it.o(i.UsageFault_Handler) for UsageFault_Handler
    startup_stm32f427_437xx.o(RESET) refers to stm32f4xx_it.o(i.DebugMon_Handler) for DebugMon_Handler
    startup_stm32f427_437xx.o(RESET) refers to stm32f4xx_it.o(i.CAN1_RX0_IRQHandler) for CAN1_RX0_IRQHandler
    startup_stm32f427_437xx.o(RESET) refers to main.o(i.TIM3_IRQHandler) for TIM3_IRQHandler
    startup_stm32f427_437xx.o(RESET) refers to dji_remote.o(i.USART1_IRQHandler) for USART1_IRQHandler
    startup_stm32f427_437xx.o(RESET) refers to fs_remote.o(i.TIM5_IRQHandler) for TIM5_IRQHandler
    startup_stm32f427_437xx.o(RESET) refers to uart5.o(i.UART5_IRQHandler) for UART5_IRQHandler
    startup_stm32f427_437xx.o(RESET) refers to stm32f4xx_it.o(i.USART6_IRQHandler) for USART6_IRQHandler
    startup_stm32f427_437xx.o(RESET) refers to stm32f4xx_it.o(i.UART7_IRQHandler) for UART7_IRQHandler
    startup_stm32f427_437xx.o(.text) refers to system_stm32f4xx.o(i.SystemInit) for SystemInit
    startup_stm32f427_437xx.o(.text) refers to entry.o(.ARM.Collect$$$$00000000) for __main
    system_stm32f4xx.o(i.SystemCoreClockUpdate) refers to system_stm32f4xx.o(.data) for SystemCoreClock
    system_stm32f4xx.o(i.SystemInit) refers to system_stm32f4xx.o(i.SetSysClock) for SetSysClock
    stm32f4xx_adc.o(i.ADC_DeInit) refers to stm32f4xx_rcc.o(i.RCC_APB2PeriphResetCmd) for RCC_APB2PeriphResetCmd
    stm32f4xx_can.o(i.CAN_DeInit) refers to stm32f4xx_rcc.o(i.RCC_APB1PeriphResetCmd) for RCC_APB1PeriphResetCmd
    stm32f4xx_can.o(i.CAN_GetITStatus) refers to stm32f4xx_can.o(i.CheckITStatus) for CheckITStatus
    stm32f4xx_cryp_aes.o(i.CRYP_AES_CBC) refers to stm32f4xx_cryp.o(i.CRYP_KeyStructInit) for CRYP_KeyStructInit
    stm32f4xx_cryp_aes.o(i.CRYP_AES_CBC) refers to stm32f4xx_cryp.o(i.CRYP_FIFOFlush) for CRYP_FIFOFlush
    stm32f4xx_cryp_aes.o(i.CRYP_AES_CBC) refers to stm32f4xx_cryp.o(i.CRYP_Init) for CRYP_Init
    stm32f4xx_cryp_aes.o(i.CRYP_AES_CBC) refers to stm32f4xx_cryp.o(i.CRYP_KeyInit) for CRYP_KeyInit
    stm32f4xx_cryp_aes.o(i.CRYP_AES_CBC) refers to stm32f4xx_cryp.o(i.CRYP_Cmd) for CRYP_Cmd
    stm32f4xx_cryp_aes.o(i.CRYP_AES_CBC) refers to stm32f4xx_cryp.o(i.CRYP_GetFlagStatus) for CRYP_GetFlagStatus
    stm32f4xx_cryp_aes.o(i.CRYP_AES_CBC) refers to stm32f4xx_cryp.o(i.CRYP_IVInit) for CRYP_IVInit
    stm32f4xx_cryp_aes.o(i.CRYP_AES_CBC) refers to stm32f4xx_cryp.o(i.CRYP_GetCmdStatus) for CRYP_GetCmdStatus
    stm32f4xx_cryp_aes.o(i.CRYP_AES_CBC) refers to stm32f4xx_cryp.o(i.CRYP_DataIn) for CRYP_DataIn
    stm32f4xx_cryp_aes.o(i.CRYP_AES_CBC) refers to stm32f4xx_cryp.o(i.CRYP_DataOut) for CRYP_DataOut
    stm32f4xx_cryp_aes.o(i.CRYP_AES_CCM) refers to stm32f4xx_cryp.o(i.CRYP_KeyStructInit) for CRYP_KeyStructInit
    stm32f4xx_cryp_aes.o(i.CRYP_AES_CCM) refers to stm32f4xx_cryp.o(i.CRYP_FIFOFlush) for CRYP_FIFOFlush
    stm32f4xx_cryp_aes.o(i.CRYP_AES_CCM) refers to stm32f4xx_cryp.o(i.CRYP_KeyInit) for CRYP_KeyInit
    stm32f4xx_cryp_aes.o(i.CRYP_AES_CCM) refers to stm32f4xx_cryp.o(i.CRYP_IVInit) for CRYP_IVInit
    stm32f4xx_cryp_aes.o(i.CRYP_AES_CCM) refers to stm32f4xx_cryp.o(i.CRYP_Init) for CRYP_Init
    stm32f4xx_cryp_aes.o(i.CRYP_AES_CCM) refers to stm32f4xx_cryp.o(i.CRYP_PhaseConfig) for CRYP_PhaseConfig
    stm32f4xx_cryp_aes.o(i.CRYP_AES_CCM) refers to stm32f4xx_cryp.o(i.CRYP_DataIn) for CRYP_DataIn
    stm32f4xx_cryp_aes.o(i.CRYP_AES_CCM) refers to stm32f4xx_cryp.o(i.CRYP_Cmd) for CRYP_Cmd
    stm32f4xx_cryp_aes.o(i.CRYP_AES_CCM) refers to stm32f4xx_cryp.o(i.CRYP_GetCmdStatus) for CRYP_GetCmdStatus
    stm32f4xx_cryp_aes.o(i.CRYP_AES_CCM) refers to stm32f4xx_cryp.o(i.CRYP_GetFlagStatus) for CRYP_GetFlagStatus
    stm32f4xx_cryp_aes.o(i.CRYP_AES_CCM) refers to stm32f4xx_cryp.o(i.CRYP_DataOut) for CRYP_DataOut
    stm32f4xx_cryp_aes.o(i.CRYP_AES_CTR) refers to stm32f4xx_cryp.o(i.CRYP_KeyStructInit) for CRYP_KeyStructInit
    stm32f4xx_cryp_aes.o(i.CRYP_AES_CTR) refers to stm32f4xx_cryp.o(i.CRYP_KeyInit) for CRYP_KeyInit
    stm32f4xx_cryp_aes.o(i.CRYP_AES_CTR) refers to stm32f4xx_cryp.o(i.CRYP_Init) for CRYP_Init
    stm32f4xx_cryp_aes.o(i.CRYP_AES_CTR) refers to stm32f4xx_cryp.o(i.CRYP_IVInit) for CRYP_IVInit
[...]
    __aeabi_memclr                           0x080002fb   Thumb Code     4  memseta.o(.text)
    __aeabi_memclr4                          0x080002fb   Thumb Code     0  memseta.o(.text)
    __aeabi_memclr8                          0x080002fb   Thumb Code     0  memseta.o(.text)
    _memset$wrapper                          0x080002ff   Thumb Code    18  memseta.o(.text)
    strchr                                   0x08000311   Thumb Code    20  strchr.o(.text)
    strlen                                   0x08000325   Thumb Code    14  strlen.o(.text)
    strcmp                                   0x08000333   Thumb Code    28  strcmp.o(.text)
    memchr                                   0x0800034f   Thumb Code    20  memchr.o(.text)
    strcpy                                   0x08000363   Thumb Code    18  strcpy.o(.text)
    strtoll                                  0x08000375   Thumb Code     4  strtoll.o(.text)
    __aeabi_dadd                             0x08000379   Thumb Code   322  dadd.o(.text)
    __aeabi_dsub                             0x080004bb   Thumb Code     6  dadd.o(.text)
    __aeabi_drsub                            0x080004c1   Thumb Code     6  dadd.o(.text)
    __aeabi_dmul                             0x080004c7   Thumb Code   228  dmul.o(.text)
    __aeabi_ddiv                             0x080005ab   Thumb Code   222  ddiv.o(.text)
    __aeabi_l2f                              0x08000689   Thumb Code    44  ffltl.o(.text)
    __aeabi_i2d                              0x080006b5   Thumb Code    34  dflti.o(.text)
    __aeabi_d2iz                             0x080006d7   Thumb Code    62  dfixi.o(.text)
    __aeabi_f2d                              0x08000715   Thumb Code    38  f2d.o(.text)
    __aeabi_cdcmpeq                          0x0800073d   Thumb Code     0  cdcmple.o(.text)
    __aeabi_cdcmple                          0x0800073d   Thumb Code    48  cdcmple.o(.text)
    __aeabi_cdrcmple                         0x0800076d   Thumb Code    48  cdrcmple.o(.text)
    __aeabi_d2f                              0x0800079d   Thumb Code    56  d2f.o(.text)
    __aeabi_uldivmod                         0x080007d5   Thumb Code    98  uldiv.o(.text)
    __aeabi_llsl                             0x08000837   Thumb Code    30  llshl.o(.text)
    _ll_shift_l                              0x08000837   Thumb Code     0  llshl.o(.text)
    __aeabi_llsr                             0x08000855   Thumb Code    32  llushr.o(.text)
    _ll_ushift_r                             0x08000855   Thumb Code     0  llushr.o(.text)
    __aeabi_lasr                             0x08000875   Thumb Code    36  llsshr.o(.text)
    _ll_sshift_r                             0x08000875   Thumb Code     0  llsshr.o(.text)
    __strtod_int                             0x080008cf   Thumb Code    90  strtod.o(.text)
    __strtoll                                0x08000935   Thumb Code   144  __strtoll.o(.text)
    __I$use$fp                               0x080009c5   Thumb Code     0  iusefp.o(.text)
    _float_round                             0x080009c5   Thumb Code    18  fepilogue.o(.text)
    _float_epilogue                          0x080009d7   Thumb Code    92  fepilogue.o(.text)
    _double_round                            0x08000a33   Thumb Code    30  depilogue.o(.text)
    _double_epilogue                         0x08000a51   Thumb Code   156  depilogue.o(.text)
    __ARM_scalbn                             0x08000aed   Thumb Code    46  dscalb.o(.text)
    scalbn                                   0x08000aed   Thumb Code     0  dscalb.o(.text)
    __aeabi_d2ulz                            0x08000b1b   Thumb Code    48  dfixul.o(.text)
    __scatterload                            0x08000b4d   Thumb Code    28  init.o(.text)
    __scatterload_rt2                        0x08000b4d   Thumb Code     0  init.o(.text)
    __rt_ctype_table                         0x08000b71   Thumb Code     4  ctype_o.o(.text)
    isspace                                  0x08000b79   Thumb Code    18  isspace_o.o(.text)
    _scanf_real                              0x08000cb5   Thumb Code     0  scanf_fp.o(.text)
    _scanf_really_real                       0x08000cb5   Thumb Code   556  scanf_fp.o(.text)
    _sgetc                                   0x08000eed   Thumb Code    30  _sgetc.o(.text)
    _sbackspace                              0x08000f0b   Thumb Code    34  _sgetc.o(.text)
    _strtoull                                0x08000f2d   Thumb Code   194  _strtoull.o(.text)
    _dsqrt                                   0x08000fef   Thumb Code   162  dsqrt.o(.text)
    __aeabi_ui2d                             0x08001091   Thumb Code    26  dfltui.o(.text)
    _chval                                   0x080010ab   Thumb Code    28  _chval.o(.text)
    __aeabi_ul2d                             0x080010c7   Thumb Code    24  dfltul.o(.text)
    APID_Init                                0x080010df   Thumb Code    22  angle_pid.o(i.APID_Init)
    APID_Init_All                            0x080010f5   Thumb Code    46  angle_pid.o(i.APID_Init_All)
    All_Init                                 0x08001141   Thumb Code   144  my_init.o(i.All_Init)
    BaseVel_To_WheelVel                      0x080011dd   Thumb Code   234  kinematic.o(i.BaseVel_To_WheelVel)
    BusFault_Handler                         0x080012e5   Thumb Code     4  stm32f4xx_it.o(i.BusFault_Handler)
    CAN1_Mode_Init                           0x080012e9   Thumb Code   246  can.o(i.CAN1_Mode_Init)
    CAN1_RX0_IRQHandler                      0x080013e9   Thumb Code   352  stm32f4xx_it.o(i.CAN1_RX0_IRQHandler)
    CAN1_Send_CHASSIS_Msg                    0x08001571   Thumb Code   102  can.o(i.CAN1_Send_CHASSIS_Msg)
    CAN1_Send_GIMBAL_Msg                     0x080015dd   Thumb Code   106  can.o(i.CAN1_Send_GIMBAL_Msg)
    CAN1_Send_Trigger_Msg                    0x0800164d   Thumb Code   106  can.o(i.CAN1_Send_Trigger_Msg)
    CAN_FilterInit                           0x080016bd   Thumb Code   258  stm32f4xx_can.o(i.CAN_FilterInit)
    CAN_ITConfig                             0x080017c5   Thumb Code    18  stm32f4xx_can.o(i.CAN_ITConfig)
    CAN_Init                                 0x080017d7   Thumb Code   276  stm32f4xx_can.o(i.CAN_Init)
    CAN_Receive                              0x080018eb   Thumb Code   240  stm32f4xx_can.o(i.CAN_Receive)
    CAN_Transmit                             0x080019db   Thumb Code   294  stm32f4xx_can.o(i.CAN_Transmit)
    CAN_TransmitStatus                       0x08001b01   Thumb Code   138  stm32f4xx_can.o(i.CAN_TransmitStatus)
    DMA_Cmd                                  0x08001ba1   Thumb Code    22  stm32f4xx_dma.o(i.DMA_Cmd)
    DMA_DeInit                               0x08001bb9   Thumb Code   324  stm32f4xx_dma.o(i.DMA_DeInit)
    DMA_DoubleBufferModeCmd                  0x08001d11   Thumb Code    22  stm32f4xx_dma.o(i.DMA_DoubleBufferModeCmd)
    DMA_DoubleBufferModeConfig               0x08001d27   Thumb Code    24  stm32f4xx_dma.o(i.DMA_DoubleBufferModeConfig)
    DMA_GetCurrDataCounter                   0x08001d3f   Thumb Code     8  stm32f4xx_dma.o(i.DMA_GetCurrDataCounter)
    DMA_GetCurrentMemoryTarget               0x08001d47   Thumb Code    20  stm32f4xx_dma.o(i.DMA_GetCurrentMemoryTarget)
    DMA_Init                                 0x08001d5d   Thumb Code    82  stm32f4xx_dma.o(i.DMA_Init)
    DebugMon_Handler                         0x08001db5   Thumb Code     2  stm32f4xx_it.o(i.DebugMon_Handler)
    Debug_Key                                0x08001db9   Thumb Code    54  tim3_events.o(i.Debug_Key)
    Debug_USART_Config                       0x08001df9   Thumb Code   182  bsp_debug_usart.o(i.Debug_USART_Config)
    Dji_Remote_Init                          0x08001eb9   Thumb Code   292  dji_remote.o(i.Dji_Remote_Init)
    FS_Remote_Init                           0x08001ff5   Thumb Code   184  fs_remote.o(i.FS_Remote_Init)
    GPIO_Init                                0x080020b5   Thumb Code   144  stm32f4xx_gpio.o(i.GPIO_Init)
    GPIO_PinAFConfig                         0x08002145   Thumb Code    70  stm32f4xx_gpio.o(i.GPIO_PinAFConfig)
    GPIO_ResetBits                           0x0800218b   Thumb Code     4  stm32f4xx_gpio.o(i.GPIO_ResetBits)
    GPIO_SetBits                             0x0800218f   Thumb Code     4  stm32f4xx_gpio.o(i.GPIO_SetBits)
    Get_Base_Velocities                      0x08002195   Thumb Code   278  kinematic.o(i.Get_Base_Velocities)
    HardFault_Handler                        0x080022c9   Thumb Code     4  stm32f4xx_it.o(i.HardFault_Handler)
    JSON_USART_Config                        0x080022cd   Thumb Code   182  bsp_uart7.o(i.JSON_USART_Config)
    MY_NVIC_SetVectorTable                   0x0800238d   Thumb Code    12  sys.o(i.MY_NVIC_SetVectorTable)
    MemManage_Handler                        0x0800239d   Thumb Code     4  stm32f4xx_it.o(i.MemManage_Handler)
    NMI_Handler                              0x080023a1   Thumb Code     2  stm32f4xx_it.o(i.NMI_Handler)
    NVIC_Init                                0x080023a5   Thumb Code   106  misc.o(i.NVIC_Init)
    NVIC_PriorityGroupConfig                 0x0800241d   Thumb Code    10  misc.o(i.NVIC_PriorityGroupConfig)
    Pulse_Width_Init                         0x08002431   Thumb Code    22  fs_remote.o(i.Pulse_Width_Init)
    RCC_AHB1PeriphClockCmd                   0x0800244d   Thumb Code    26  stm32f4xx_rcc.o(i.RCC_AHB1PeriphClockCmd)
    RCC_APB1PeriphClockCmd                   0x0800246d   Thumb Code    26  stm32f4xx_rcc.o(i.RCC_APB1PeriphClockCmd)
    RCC_APB1PeriphResetCmd                   0x0800248d   Thumb Code    26  stm32f4xx_rcc.o(i.RCC_APB1PeriphResetCmd)
    RCC_APB2PeriphClockCmd                   0x080024ad   Thumb Code    26  stm32f4xx_rcc.o(i.RCC_APB2PeriphClockCmd)
    RCC_APB2PeriphResetCmd                   0x080024cd   Thumb Code    26  stm32f4xx_rcc.o(i.RCC_APB2PeriphResetCmd)
    RCC_GetClocksFreq                        0x080024ed   Thumb Code   214  stm32f4xx_rcc.o(i.RCC_GetClocksFreq)
    Record_Pulse_Width                       0x080025d5   Thumb Code   106  fs_remote.o(i.Record_Pulse_Width)
    RemoteDataProcess                        0x0800264d   Thumb Code   100  dji_remote.o(i.RemoteDataProcess)
    Remote_Control                           0x080026b5   Thumb Code  1704  remote_code.o(i.Remote_Control)
    Robo_Move                                0x08002d89   Thumb Code   266  tim3_events.o(i.Robo_Move)
    Stm32_Clock_Init                         0x08002fe1   Thumb Code    90  sys.o(i.Stm32_Clock_Init)
    Sys_Clock_Set                            0x08003049   Thumb Code   254  sys.o(i.Sys_Clock_Set)
    SystemInit                               0x08003155   Thumb Code    88  system_stm32f4xx.o(i.SystemInit)
    TIM1_GIMBAL_Init                         0x080032e1   Thumb Code   256  gimbal.o(i.TIM1_GIMBAL_Init)
    TIM3_IRQHandler                          0x080033e9   Thumb Code   264  main.o(i.TIM3_IRQHandler)
    TIM3_Int_Init                            0x08003515   Thumb Code    86  timer.o(i.TIM3_Int_Init)
    TIM5_IRQHandler                          0x08003571   Thumb Code   234  fs_remote.o(i.TIM5_IRQHandler)
    TIM_ARRPreloadConfig                     0x08003671   Thumb Code    24  stm32f4xx_tim.o(i.TIM_ARRPreloadConfig)
    TIM_ClearITPendingBit                    0x08003689   Thumb Code     6  stm32f4xx_tim.o(i.TIM_ClearITPendingBit)
    TIM_Cmd                                  0x0800368f   Thumb Code    24  stm32f4xx_tim.o(i.TIM_Cmd)
    TIM_CtrlPWMOutputs                       0x080036a7   Thumb Code    30  stm32f4xx_tim.o(i.TIM_CtrlPWMOutputs)
    TIM_GetCapture1                          0x080036c5   Thumb Code     6  stm32f4xx_tim.o(i.TIM_GetCapture1)
    TIM_GetITStatus                          0x080036cb   Thumb Code    34  stm32f4xx_tim.o(i.TIM_GetITStatus)
    TIM_ICInit                               0x080036ed   Thumb Code   110  stm32f4xx_tim.o(i.TIM_ICInit)
    TIM_ITConfig                             0x0800375b   Thumb Code    18  stm32f4xx_tim.o(i.TIM_ITConfig)
    TIM_OC1Init                              0x0800376d   Thumb Code   114  stm32f4xx_tim.o(i.TIM_OC1Init)
    TIM_OC1PolarityConfig                    0x080037e9   Thumb Code    18  stm32f4xx_tim.o(i.TIM_OC1PolarityConfig)
    TIM_OC1PreloadConfig                     0x080037fb   Thumb Code    18  stm32f4xx_tim.o(i.TIM_OC1PreloadConfig)
    TIM_OC2Init                              0x0800380d   Thumb Code   154  stm32f4xx_tim.o(i.TIM_OC2Init)
    TIM_OC2PreloadConfig                     0x080038b1   Thumb Code    26  stm32f4xx_tim.o(i.TIM_OC2PreloadConfig)
    TIM_OC3Init                              0x080038cd   Thumb Code   150  stm32f4xx_tim.o(i.TIM_OC3Init)
    TIM_OC3PreloadConfig                     0x0800396d   Thumb Code    18  stm32f4xx_tim.o(i.TIM_OC3PreloadConfig)
    TIM_OC4Init                              0x08003981   Thumb Code   112  stm32f4xx_tim.o(i.TIM_OC4Init)
    TIM_OC4PreloadConfig                     0x080039f9   Thumb Code    26  stm32f4xx_tim.o(i.TIM_OC4PreloadConfig)
    TIM_SetCompare1                          0x08003a13   Thumb Code     4  stm32f4xx_tim.o(i.TIM_SetCompare1)
    TIM_SetCompare2                          0x08003a17   Thumb Code     4  stm32f4xx_tim.o(i.TIM_SetCompare2)
    TIM_SetCompare3                          0x08003a1b   Thumb Code     4  stm32f4xx_tim.o(i.TIM_SetCompare3)
    TIM_SetCompare4                          0x08003a1f   Thumb Code     4  stm32f4xx_tim.o(i.TIM_SetCompare4)
    TIM_SetCounter                           0x08003a23   Thumb Code     4  stm32f4xx_tim.o(i.TIM_SetCounter)
    TIM_SetIC1Prescaler                      0x08003a27   Thumb Code    18  stm32f4xx_tim.o(i.TIM_SetIC1Prescaler)
    TIM_SetIC2Prescaler                      0x08003a39   Thumb Code    26  stm32f4xx_tim.o(i.TIM_SetIC2Prescaler)
    TIM_SetIC3Prescaler                      0x08003a53   Thumb Code    18  stm32f4xx_tim.o(i.TIM_SetIC3Prescaler)
    TIM_SetIC4Prescaler                      0x08003a65   Thumb Code    26  stm32f4xx_tim.o(i.TIM_SetIC4Prescaler)
    TIM_TimeBaseInit                         0x08003a81   Thumb Code   104  stm32f4xx_tim.o(i.TIM_TimeBaseInit)
    UART5_IRQHandler                         0x08003b05   Thumb Code    68  uart5.o(i.UART5_IRQHandler)
    UART7_IRQHandler                         0x08003b59   Thumb Code   498  stm32f4xx_it.o(i.UART7_IRQHandler)
    USART1_IRQHandler                        0x08003d79   Thumb Code   154  dji_remote.o(i.USART1_IRQHandler)
    USART6_IRQHandler                        0x08003e21   Thumb Code   508  stm32f4xx_it.o(i.USART6_IRQHandler)
    USART_ClearITPendingBit                  0x08004055   Thumb Code    30  stm32f4xx_usart.o(i.USART_ClearITPendingBit)
    USART_Cmd                                0x08004073   Thumb Code    24  stm32f4xx_usart.o(i.USART_Cmd)
    USART_DMACmd                             0x0800408b   Thumb Code    18  stm32f4xx_usart.o(i.USART_DMACmd)
    USART_DeInit                             0x0800409d   Thumb Code   206  stm32f4xx_usart.o(i.USART_DeInit)
    USART_GetFlagStatus                      0x0800418d   Thumb Code    26  stm32f4xx_usart.o(i.USART_GetFlagStatus)
    USART_GetITStatus                        0x080041a7   Thumb Code    84  stm32f4xx_usart.o(i.USART_GetITStatus)
    USART_ITConfig                           0x080041fb   Thumb Code    74  stm32f4xx_usart.o(i.USART_ITConfig)
    USART_Init                               0x08004245   Thumb Code   204  stm32f4xx_usart.o(i.USART_Init)
    USART_ReceiveData                        0x08004319   Thumb Code    10  stm32f4xx_usart.o(i.USART_ReceiveData)
    USART_SendData                           0x08004323   Thumb Code     8  stm32f4xx_usart.o(i.USART_SendData)
    UsageFault_Handler                       0x0800432b   Thumb Code     4  stm32f4xx_it.o(i.UsageFault_Handler)
    VPID_Init                                0x0800432f   Thumb Code    22  speed_pid.o(i.VPID_Init)
    VPID_Init_All                            0x08004345   Thumb Code    46  speed_pid.o(i.VPID_Init_All)
    __0printf                                0x08004391   Thumb Code    22  printfa.o(i.__0printf)
    __1printf                                0x08004391   Thumb Code     0  printfa.o(i.__0printf)
    __2printf                                0x08004391   Thumb Code     0  printfa.o(i.__0printf)
    __c89printf                              0x08004391   Thumb Code     0  printfa.o(i.__0printf)
    printf                                   0x08004391   Thumb Code     0  printfa.o(i.__0printf)
    __0snprintf                              0x080043b1   Thumb Code    44  printfa.o(i.__0snprintf)
    __1snprintf                              0x080043b1   Thumb Code     0  printfa.o(i.__0snprintf)
    __2snprintf                              0x080043b1   Thumb Code     0  printfa.o(i.__0snprintf)
    __c89snprintf                            0x080043b1   Thumb Code     0  printfa.o(i.__0snprintf)
    snprintf                                 0x080043b1   Thumb Code     0  printfa.o(i.__0snprintf)
    __0sprintf                               0x080043e1   Thumb Code    34  printfa.o(i.__0sprintf)
    __1sprintf                               0x080043e1   Thumb Code     0  printfa.o(i.__0sprintf)
    __2sprintf                               0x080043e1   Thumb Code     0  printfa.o(i.__0sprintf)
    __c89sprintf                             0x080043e1   Thumb Code     0  printfa.o(i.__0sprintf)
    sprintf                                  0x080043e1   Thumb Code     0  printfa.o(i.__0sprintf)
    __0vsnprintf                             0x08004409   Thumb Code    40  printfa.o(i.__0vsnprintf)
    __1vsnprintf                             0x08004409   Thumb Code     0  printfa.o(i.__0vsnprintf)
    __2vsnprintf                             0x08004409   Thumb Code     0  printfa.o(i.__0vsnprintf)
    __c89vsnprintf                           0x08004409   Thumb Code     0  printfa.o(i.__0vsnprintf)
    vsnprintf                                0x08004409   Thumb Code     0  printfa.o(i.__0vsnprintf)
    __ARM_common_switch8                     0x08004435   Thumb Code    26  dump.o(i.__ARM_common_switch8)
    __ARM_fpclassify                         0x0800444f   Thumb Code    48  fpclassify.o(i.__ARM_fpclassify)
    __ARM_isinf                              0x0800447f   Thumb Code    22  value.o(i.__ARM_isinf)
    __ARM_isnan                              0x08004495   Thumb Code    20  value.o(i.__ARM_isnan)
    __aeabi_errno_addr                       0x080044ad   Thumb Code     4  errno.o(i.__aeabi_errno_addr)
    __rt_errno_addr                          0x080044ad   Thumb Code     0  errno.o(i.__aeabi_errno_addr)
    __hardfp_cos                             0x080044b9   Thumb Code   180  cos.o(i.__hardfp_cos)
    __hardfp_pow                             0x08004581   Thumb Code  3072  pow.o(i.__hardfp_pow)
    __hardfp_sin                             0x080051d1   Thumb Code   180  sin.o(i.__hardfp_sin)
    __ieee754_rem_pio2                       0x08005299   Thumb Code   938  rred.o(i.__ieee754_rem_pio2)
    __kernel_cos                             0x080056d1   Thumb Code   322  cos_i.o(i.__kernel_cos)
    __kernel_poly                            0x08005841   Thumb Code   248  poly.o(i.__kernel_poly)
    __kernel_sin                             0x08005939   Thumb Code   280  sin_i.o(i.__kernel_sin)
    __mathlib_dbl_divzero                    0x08005a69   Thumb Code    28  dunder.o(i.__mathlib_dbl_divzero)
    __mathlib_dbl_infnan                     0x08005a99   Thumb Code    20  dunder.o(i.__mathlib_dbl_infnan)
    __mathlib_dbl_infnan2                    0x08005aad   Thumb Code    20  dunder.o(i.__mathlib_dbl_infnan2)
    __mathlib_dbl_invalid                    0x08005ac1   Thumb Code    24  dunder.o(i.__mathlib_dbl_invalid)
    __mathlib_dbl_overflow                   0x08005ae1   Thumb Code    24  dunder.o(i.__mathlib_dbl_overflow)
    __mathlib_dbl_underflow                  0x08005b01   Thumb Code    24  dunder.o(i.__mathlib_dbl_underflow)
    __scatterload_copy                       0x08005b21   Thumb Code    14  handlers.o(i.__scatterload_copy)
    __scatterload_null                       0x08005b2f   Thumb Code     2  handlers.o(i.__scatterload_null)
    __scatterload_zeroinit                   0x08005b31   Thumb Code    14  handlers.o(i.__scatterload_zeroinit)
    __set_errno                              0x08005b41   Thumb Code     6  errno.o(i.__set_errno)
    _is_digit                                0x08005cd1   Thumb Code    14  scanf_fp.o(i._is_digit)
    apid_chassic_realize                     0x08006431   Thumb Code   224  angle_pid.o(i.apid_chassic_realize)
    apid_realize                             0x08006525   Thumb Code   328  angle_pid.o(i.apid_realize)
    break_jugement                           0x0800668d   Thumb Code    28  kinematic.o(i.break_jugement)
    bsp_imu_usart_init                       0x080066b5   Thumb Code   178  bsp_imu_usart.o(i.bsp_imu_usart_init)
    chassic_speed_control                    0x08006da9   Thumb Code   466  kinematic.o(i.chassic_speed_control)
    delay_init                               0x08006fe9   Thumb Code    46  delay.o(i.delay_init)
    delay_ms                                 0x08007021   Thumb Code    56  delay.o(i.delay_ms)
    delay_xms                                0x08007059   Thumb Code    56  delay.o(i.delay_xms)
    fabs                                     0x080076a5   Thumb Code    24  fabs.o(i.fabs)
    find_max                                 0x080076bd   Thumb Code   122  kinematic.o(i.find_max)
    fputc                                    0x08007749   Thumb Code    32  bsp_uart7.o(i.fputc)
    free                                     0x0800776d   Thumb Code    76  malloc.o(i.free)
    fric1_on                                 0x080077bd   Thumb Code    14  fric.o(i.fric1_on)
    fric2_on                                 0x080077d1   Thumb Code    14  fric.o(i.fric2_on)
    fric_PWM_configuration                   0x080077e5   Thumb Code   288  fric.o(i.fric_PWM_configuration)
    gimbal_speed_control                     0x08007911   Thumb Code    42  kinematic.o(i.gimbal_speed_control)
    hashtable_close                          0x08007a89   Thumb Code    16  hashtable.o(i.hashtable_close)
    hashtable_get                            0x08007b6d   Thumb Code    58  hashtable.o(i.hashtable_get)
    hashtable_init                           0x08007bad   Thumb Code    72  hashtable.o(i.hashtable_init)
    hashtable_iter                           0x08007bf5   Thumb Code    12  hashtable.o(i.hashtable_iter)
    hashtable_iter_key                       0x08007c01   Thumb Code     4  hashtable.o(i.hashtable_iter_key)
    hashtable_iter_next                      0x08007c05   Thumb Code    14  hashtable.o(i.hashtable_iter_next)
    hashtable_iter_serial                    0x08007c13   Thumb Code     4  hashtable.o(i.hashtable_iter_serial)
    hashtable_iter_value                     0x08007c17   Thumb Code     4  hashtable.o(i.hashtable_iter_value)
    hashtable_set                            0x08007c1d   Thumb Code   168  hashtable.o(i.hashtable_set)
    json_array                               0x08007cf3   Thumb Code    54  value.o(i.json_array)
    json_array_append_new                    0x08007d29   Thumb Code    68  value.o(i.json_array_append_new)
    json_array_get                           0x08007d71   Thumb Code    28  value.o(i.json_array_get)
    json_array_size                          0x08007dd9   Thumb Code    18  value.o(i.json_array_size)
    json_delete                              0x08007e67   Thumb Code    84  value.o(i.json_delete)
    json_dump_callback                       0x08007ebb   Thumb Code    42  dump.o(i.json_dump_callback)
    json_dumps                               0x08007ee5   Thumb Code    62  dump.o(i.json_dumps)
    json_false                               0x08007f29   Thumb Code     4  value.o(i.json_false)
    json_integer                             0x08007f51   Thumb Code    28  value.o(i.json_integer)
    json_integer_value                       0x08007f6d   Thumb Code    24  value.o(i.json_integer_value)
    json_loads                               0x08007f85   Thumb Code    82  load.o(i.json_loads)
    json_null                                0x08007ff9   Thumb Code     4  value.o(i.json_null)
    json_object                              0x08008001   Thumb Code    70  value.o(i.json_object)
    json_object_get                          0x0800804d   Thumb Code    28  value.o(i.json_object_get)
    json_object_iter                         0x08008069   Thumb Code    24  value.o(i.json_object_iter)
    json_object_iter_key                     0x08008081   Thumb Code    12  value.o(i.json_object_iter_key)
    json_object_iter_next                    0x0800808d   Thumb Code    28  value.o(i.json_object_iter_next)
    json_object_iter_value                   0x080080a9   Thumb Code    12  value.o(i.json_object_iter_value)
    json_object_seed                         0x080080b5   Thumb Code    34  hashtable_seed.o(i.json_object_seed)
    json_object_set_new_nocheck              0x080080dd   Thumb Code    58  value.o(i.json_object_set_new_nocheck)
    json_object_size                         0x0800811d   Thumb Code    18  value.o(i.json_object_size)
    json_pack                                0x0800812f   Thumb Code    24  pack_unpack.o(i.json_pack)
    json_real                                0x08008147   Thumb Code    52  value.o(i.json_real)
    json_real_value                          0x0800817b   Thumb Code    24  value.o(i.json_real_value)
    json_string_length                       0x08008193   Thumb Code    18  value.o(i.json_string_length)
    json_string_value                        0x080081a5   Thumb Code    18  value.o(i.json_string_value)
    json_stringn_nocheck                     0x080081b7   Thumb Code    10  value.o(i.json_stringn_nocheck)
    json_true                                0x080081c1   Thumb Code     4  value.o(i.json_true)
    json_vpack_ex                            0x080081c9   Thumb Code   128  pack_unpack.o(i.json_vpack_ex)
    jsonp_dtostr                             0x0800828d   Thumb Code   150  strconv.o(i.jsonp_dtostr)
    jsonp_error_init                         0x0800832d   Thumb Code    34  error.o(i.jsonp_error_init)
    jsonp_error_set                          0x0800834f   Thumb Code    16  error.o(i.jsonp_error_set)
    jsonp_error_set_source                   0x08008361   Thumb Code    56  error.o(i.jsonp_error_set_source)
    jsonp_error_vset                         0x0800839d   Thumb Code    44  error.o(i.jsonp_error_vset)
    jsonp_free                               0x080083c9   Thumb Code    12  memory.o(i.jsonp_free)
    jsonp_malloc                             0x080083d9   Thumb Code    12  memory.o(i.jsonp_malloc)
    jsonp_strdup                             0x080083e9   Thumb Code    18  memory.o(i.jsonp_strdup)
    jsonp_stringn_nocheck_own                0x080083fb   Thumb Code    10  value.o(i.jsonp_stringn_nocheck_own)
    jsonp_strndup                            0x08008405   Thumb Code    36  memory.o(i.jsonp_strndup)
    jsonp_strtod                             0x08008429   Thumb Code    90  strconv.o(i.jsonp_strtod)
    key_init                                 0x0800848d   Thumb Code    42  key.o(i.key_init)
    key_press                                0x080084bd   Thumb Code    56  key.o(i.key_press)
    led_init                                 0x08008501   Thumb Code    60  led.o(i.led_init)
    main                                     0x08008b51   Thumb Code   182  main.o(i.main)
    malloc                                   0x08008c21   Thumb Code    92  malloc.o(i.malloc)
    motor_init                               0x08008c8d   Thumb Code   204  motor.o(i.motor_init)
    power_init                               0x080094fd   Thumb Code   112  power.o(i.power_init)
    power_open_all                           0x08009575   Thumb Code    12  power.o(i.power_open_all)
    record_gimbal_callback                   0x080096f5   Thumb Code   378  motor.o(i.record_gimbal_callback)
    record_motor_callback                    0x0800989d   Thumb Code   156  motor.o(i.record_motor_callback)
    resolve_json_gimbal_speed_command        0x08009941   Thumb Code    92  json.o(i.resolve_json_gimbal_speed_command)
    seed_from_timestamp_and_pid              0x080099d9   Thumb Code     6  jansson_config.o(i.seed_from_timestamp_and_pid)
    send_chassis_info_by_json                0x080099e1   Thumb Code   322  json.o(i.send_chassis_info_by_json)
    set_chassis_current                      0x08009b8d   Thumb Code   122  motor.o(i.set_chassis_current)
    set_gimbal_current                       0x08009c45   Thumb Code    38  motor.o(i.set_gimbal_current)
    set_trigger_current                      0x08009c71   Thumb Code    38  motor.o(i.set_trigger_current)
    sqrt                                     0x08009c9d   Thumb Code   110  sqrt.o(i.sqrt)
    stop_chassis_motor                       0x08009d0d   Thumb Code    86  motor.o(i.stop_chassis_motor)
    stop_trigger_motor                       0x08009d75   Thumb Code    24  motor.o(i.stop_trigger_motor)
    strbuffer_append_byte                    0x08009d91   Thumb Code    12  strbuffer.o(i.strbuffer_append_byte)
    strbuffer_append_bytes                   0x08009d9d   Thumb Code   108  strbuffer.o(i.strbuffer_append_bytes)
    strbuffer_clear                          0x08009e0d   Thumb Code    10  strbuffer.o(i.strbuffer_clear)
    strbuffer_close                          0x08009e17   Thumb Code    24  strbuffer.o(i.strbuffer_close)
    strbuffer_init                           0x08009e2f   Thumb Code    34  strbuffer.o(i.strbuffer_init)
    strbuffer_pop                            0x08009e51   Thumb Code    24  strbuffer.o(i.strbuffer_pop)
    strbuffer_steal_value                    0x08009e69   Thumb Code    10  strbuffer.o(i.strbuffer_steal_value)
    strbuffer_value                          0x08009e73   Thumb Code     4  strbuffer.o(i.strbuffer_value)
    strtod                                   0x0800a001   Thumb Code    34  strtod.o(i.strtod)
    trigger_control                          0x0800a031   Thumb Code    96  kinematic.o(i.trigger_control)
    utf8_check_first                         0x0800a09d   Thumb Code    60  utf.o(i.utf8_check_first)
    utf8_check_full                          0x0800a0d9   Thumb Code   126  utf.o(i.utf8_check_full)
    utf8_check_string                        0x0800a161   Thumb Code    62  utf.o(i.utf8_check_string)
    utf8_encode                              0x0800a1a1   Thumb Code   120  utf.o(i.utf8_encode)
    utf8_iterate                             0x0800a21d   Thumb Code    64  utf.o(i.utf8_iterate)
    vpid_chassic_realize                     0x0800a25d   Thumb Code   164  speed_pid.o(i.vpid_chassic_realize)
    vpid_gimbal_realize                      0x0800a315   Thumb Code    96  speed_pid.o(i.vpid_gimbal_realize)
    vpid_realize                             0x0800a381   Thumb Code   522  speed_pid.o(i.vpid_realize)
    vpid_trigger_realize                     0x0800a5a9   Thumb Code    62  speed_pid.o(i.vpid_trigger_realize)
    yawRead                                  0x0800a5f1   Thumb Code     8  imureader.o(i.yawRead)
    yaw_angularRead                          0x0800a5fd   Thumb Code     8  imureader.o(i.yaw_angularRead)
    __mathlib_zero                           0x0800a6e8   Data           8  qnan.o(.constdata)
    __ctype_table                            0x0800a7e0   Data         129  ctype_o.o(.constdata)
    Region$$Table$$Base                      0x0800a868   Number         0  anon$$obj.o(Region$$Table)
    Region$$Table$$Limit                     0x0800a888   Number         0  anon$$obj.o(Region$$Table)
    flag_json_recieve                        0x20000014   Data           1  stm32f4xx_it.o(.data)
    flag_command_recieved                    0x20000015   Data           1  stm32f4xx_it.o(.data)
    flag_command_recieved1                   0x20000016   Data           1  stm32f4xx_it.o(.data)
    flag_command_recieved2                   0x20000017   Data           1  stm32f4xx_it.o(.data)
    flag_command_recieved3                   0x20000018   Data           1  stm32f4xx_it.o(.data)
    flag_command_recieved4                   0x20000019   Data           1  stm32f4xx_it.o(.data)
    flag_command_recieved5                   0x2000001a   Data           1  stm32f4xx_it.o(.data)
    tmp                                      0x2000001c   Data           2  stm32f4xx_it.o(.data)
    stop_flag_1                              0x20000024   Data           4  kinematic.o(.data)
    stop_flag_4                              0x20000028   Data           4  kinematic.o(.data)
    stop_flag_2                              0x2000002c   Data           4  kinematic.o(.data)
    stop_flag_3                              0x20000030   Data           4  kinematic.o(.data)
    ap_pid_flag                              0x20000034   Data           4  angle_pid.o(.data)
    switch_flag                              0x20000038   Data           1  speed_pid.o(.data)
    pid_target_speed                         0x2000003c   Data           4  speed_pid.o(.data)
    pid_target_angle                         0x20000040   Data           4  speed_pid.o(.data)
    pid_flag_start                           0x20000044   Data           4  speed_pid.o(.data)
    pid_flag_end                             0x20000048   Data           4  speed_pid.o(.data)
    chassis_modes                            0x2000004c   Data           1  mode.o(.data)
    gimbal_modes                             0x2000004d   Data           1  mode.o(.data)
    fric_modes                               0x2000004e   Data           1  mode.o(.data)
    Usart5_Clean_IDLE_Flag                   0x20000050   Data           4  uart5.o(.data)
    max_motor_speed                          0x20000054   Data           4  motor.o(.data)
    max_base_linear_speed                    0x20000058   Data           4  motor.o(.data)
    max_base_rotational_speed                0x2000005c   Data           4  motor.o(.data)
    callback_flag                            0x20000060   Data           4  motor.o(.data)
    debug_int                                0x20000090   Data           4  fs_remote.o(.data)
    TIM5CH1_CAPTURE_STA                      0x20000094   Data           1  fs_remote.o(.data)
    TIM5CH1_CAPTURE_VAL                      0x20000098   Data           4  fs_remote.o(.data)
    CH                                       0x2000009c   Data           1  fs_remote.o(.data)
    Control_Mode                             0x200000a0   Data           1  remote_code.o(.data)
    x_speed                                  0x200000a4   Data           4  remote_code.o(.data)
    y_speed                                  0x200000a8   Data           4  remote_code.o(.data)
    r_speed                                  0x200000ac   Data           4  remote_code.o(.data)
    trigger_speed                            0x200000b0   Data           4  remote_code.o(.data)
    theta                                    0x200000b4   Data           4  remote_code.o(.data)
    cx_speed                                 0x200000b8   Data           4  remote_code.o(.data)
    cy_speed                                 0x200000bc   Data           4  remote_code.o(.data)
    flag                                     0x200000c0   Data           4  remote_code.o(.data)
    pwm_pulse_p                              0x200000e0   Data           4  gimbal.o(.data)
    pwm_pulse_y                              0x200000e4   Data           4  gimbal.o(.data)
    hashtable_seed                           0x20000108   Data           4  hashtable_seed.o(.data)
    __stdout                                 0x20000110   Data           4  stdout.o(.data)
    __microlib_freelist                      0x20000114   Data           4  mvars.o(.data)
    __microlib_freelist_initialised          0x20000118   Data           4  mvars.o(.data)
    receiveBuffer                            0x2000011c   Data         150  stm32f4xx_it.o(.bss)
    json_Buffer                              0x200001b2   Data         150  stm32f4xx_it.o(.bss)
    get_rcc_clock                            0x20000344   Data          16  my_init.o(.bss)
    Kinematics                               0x20000354   Data         152  kinematic.o(.bss)
    pid_t                                    0x200003ec   Data          96  speed_pid.o(.bss)
    Judge_Buffer                             0x2000044c   Data         200  uart5.o(.bss)
    xCom5DMAInit                             0x20000514   Data          60  uart5.o(.bss)
    motor1                                   0x20000550   Data         120  motor.o(.bss)
    motor2                                   0x200005c8   Data         120  motor.o(.bss)
    motor3                                   0x20000640   Data         120  motor.o(.bss)
    motor4                                   0x200006b8   Data         120  motor.o(.bss)
    motor5                                   0x20000730   Data         120  motor.o(.bss)
    motor6                                   0x200007a8   Data         120  motor.o(.bss)
    gimbal_y                                 0x20000820   Data         120  motor.o(.bss)
    gimbal_p                                 0x20000898   Data         120  motor.o(.bss)
    loopback                                 0x20000910   Data          32  motor.o(.bss)
    rc                                       0x20000930   Data          10  dji_remote.o(.bss)
    sbus_rx_buffer                           0x2000093a   Data          36  dji_remote.o(.bss)
    Pulse_Width                              0x20000960   Data          32  fs_remote.o(.bss)
    imu_data                                 0x20000980   Data          40  imureader.o(.bss)
    __heap_base                              0x200009a8   Data           0  startup_stm32f427_437xx.o(HEAP)
    __heap_limit                             0x200019a8   Data           0  startup_stm32f427_437xx.o(HEAP)
    __initial_sp                             0x200029a8   Data           0  startup_stm32f427_437xx.o(STACK)



==============================================================================

Memory Map of the image

  Image Entry point : 0x080001ad

  Load Region LR_IROM1 (Base: 0x08000000, Size: 0x0000a9a4, Max: 0x00200000, ABSOLUTE)

    Execution Region ER_IROM1 (Exec base: 0x08000000, Load base: 0x08000000, Size: 0x0000a888, Max: 0x00200000, ABSOLUTE)

    Exec Addr    Load Addr    Size         Type   Attr      Idx    E Section Name        Object

    0x08000000   0x08000000   0x000001ac   Data   RO            3    RESET               startup_stm32f427_437xx.o
    0x080001ac   0x080001ac   0x00000000   Code   RO         7178  * .ARM.Collect$$$$00000000  mc_w.l(entry.o)
    0x080001ac   0x080001ac   0x00000004   Code   RO         7591    .ARM.Collect$$$$00000001  mc_w.l(entry2.o)
    0x080001b0   0x080001b0   0x00000004   Code   RO         7594    .ARM.Collect$$$$00000004  mc_w.l(entry5.o)
    0x080001b4   0x080001b4   0x00000000   Code   RO         7596    .ARM.Collect$$$$00000008  mc_w.l(entry7b.o)
    0x080001b4   0x080001b4   0x00000000   Code   RO         7598    .ARM.Collect$$$$0000000A  mc_w.l(entry8b.o)
    0x080001b4   0x080001b4   0x00000008   Code   RO         7599    .ARM.Collect$$$$0000000B  mc_w.l(entry9a.o)
    0x080001bc   0x080001bc   0x00000000   Code   RO         7601    .ARM.Collect$$$$0000000D  mc_w.l(entry10a.o)
    0x080001bc   0x080001bc   0x00000000   Code   RO         7603    .ARM.Collect$$$$0000000F  mc_w.l(entry11a.o)
    0x080001bc   0x080001bc   0x00000004   Code   RO         7592    .ARM.Collect$$$$00002712  mc_w.l(entry2.o)
    0x080001c0   0x080001c0   0x00000024   Code   RO            4    .text               startup_stm32f427_437xx.o
    0x080001e4   0x080001e4   0x0000002c   Code   RO         7190    .text               mc_w.l(uidiv.o)
    0x08000210   0x08000210   0x0000009c   Code   RO         7192    .text               mc_w.l(qsort.o)
    0x080002ac   0x080002ac   0x00000040   Code   RO         7198    .text               mc_w.l(memmovea.o)
    0x080002ec   0x080002ec   0x00000024   Code   RO         7200    .text               mc_w.l(memseta.o)
    0x08000310   0x08000310   0x00000014   Code   RO         7202    .text               mc_w.l(strchr.o)
    0x08000324   0x08000324   0x0000000e   Code   RO         7204    .text               mc_w.l(strlen.o)
    0x08000332   0x08000332   0x0000001c   Code   RO         7206    .text               mc_w.l(strcmp.o)
    0x0800034e   0x0800034e   0x00000014   Code   RO         7208    .text               mc_w.l(memchr.o)
    0x08000362   0x08000362   0x00000012   Code   RO         7212    .text               mc_w.l(strcpy.o)
    0x08000374   0x08000374   0x00000004   Code   RO         7516    .text               mc_w.l(strtoll.o)
    0x08000378   0x08000378   0x0000014e   Code   RO         7518    .text               mf_w.l(dadd.o)
    0x080004c6   0x080004c6   0x000000e4   Code   RO         7520    .text               mf_w.l(dmul.o)
    0x080005aa   0x080005aa   0x000000de   Code   RO         7522    .text               mf_w.l(ddiv.o)
    0x08000688   0x08000688   0x0000002c   Code   RO         7524    .text               mf_w.l(ffltl.o)
    0x080006b4   0x080006b4   0x00000022   Code   RO         7526    .text               mf_w.l(dflti.o)
    0x080006d6   0x080006d6   0x0000003e   Code   RO         7530    .text               mf_w.l(dfixi.o)
    0x08000714   0x08000714   0x00000026   Code   RO         7532    .text               mf_w.l(f2d.o)
    0x0800073a   0x0800073a   0x00000002   PAD
    0x0800073c   0x0800073c   0x00000030   Code   RO         7534    .text               mf_w.l(cdcmple.o)
    0x0800076c   0x0800076c   0x00000030   Code   RO         7536    .text               mf_w.l(cdrcmple.o)
    0x0800079c   0x0800079c   0x00000038   Code   RO         7538    .text               mf_w.l(d2f.o)
    0x080007d4   0x080007d4   0x00000062   Code   RO         7606    .text               mc_w.l(uldiv.o)
    0x08000836   0x08000836   0x0000001e   Code   RO         7608    .text               mc_w.l(llshl.o)
    0x08000854   0x08000854   0x00000020   Code   RO         7610    .text               mc_w.l(llushr.o)
    0x08000874   0x08000874   0x00000024   Code   RO         7612    .text               mc_w.l(llsshr.o)
    0x08000898   0x08000898   0x0000009c   Code   RO         7616    .text               mc_w.l(strtod.o)
    0x08000934   0x08000934   0x00000090   Code   RO         7618    .text               mc_w.l(__strtoll.o)
    0x080009c4   0x080009c4   0x00000000   Code   RO         7620    .text               mc_w.l(iusefp.o)
    0x080009c4   0x080009c4   0x0000006e   Code   RO         7621    .text               mf_w.l(fepilogue.o)
    0x08000a32   0x08000a32   0x000000ba   Code   RO         7623    .text               mf_w.l(depilogue.o)
    0x08000aec   0x08000aec   0x0000002e   Code   RO         7627    .text               mf_w.l(dscalb.o)
    0x08000b1a   0x08000b1a   0x00000030   Code   RO         7629    .text               mf_w.l(dfixul.o)
    0x08000b4a   0x08000b4a   0x00000002   PAD
    0x08000b4c   0x08000b4c   0x00000024   Code   RO         7631    .text               mc_w.l(init.o)
    0x08000b70   0x08000b70   0x00000008   Code   RO         7635    .text               mc_w.l(ctype_o.o)
    0x08000b78   0x08000b78   0x00000012   Code   RO         7657    .text               mc_w.l(isspace_o.o)
    0x08000b8a   0x08000b8a   0x00000002   PAD
    0x08000b8c   0x08000b8c   0x00000360   Code   RO         7663    .text               mc_w.l(scanf_fp.o)
    0x08000eec   0x08000eec   0x00000040   Code   RO         7667    .text               mc_w.l(_sgetc.o)
    0x08000f2c   0x08000f2c   0x000000c2   Code   RO         7669    .text               mc_w.l(_strtoull.o)
    0x08000fee   0x08000fee   0x000000a2   Code   RO         7671    .text               mf_w.l(dsqrt.o)
    0x08001090   0x08001090   0x0000001a   Code   RO         7673    .text               mf_w.l(dfltui.o)
    0x080010aa   0x080010aa   0x0000001c   Code   RO         7678    .text               mc_w.l(_chval.o)
    0x080010c6   0x080010c6   0x00000018   Code   RO         7680    .text               mf_w.l(dfltul.o)
    0x080010de   0x080010de   0x00000016   Code   RO         4693    i.APID_Init         angle_pid.o
    0x080010f4   0x080010f4   0x0000004c   Code   RO         4694    i.APID_Init_All     angle_pid.o
    0x08001140   0x08001140   0x0000009c   Code   RO         4563    i.All_Init          my_init.o
    0x080011dc   0x080011dc   0x00000108   Code   RO         4627    i.BaseVel_To_WheelVel  kinematic.o
    0x080012e4   0x080012e4   0x00000004   Code   RO         4328    i.BusFault_Handler  stm32f4xx_it.o
    0x080012e8   0x080012e8   0x00000100   Code   RO         5057    i.CAN1_Mode_Init    can.o
    0x080013e8   0x080013e8   0x00000188   Code   RO         4329    i.CAN1_RX0_IRQHandler  stm32f4xx_it.o
    0x08001570   0x08001570   0x0000006c   Code   RO         5059    i.CAN1_Send_CHASSIS_Msg  can.o
    0x080015dc   0x080015dc   0x00000070   Code   RO         5060    i.CAN1_Send_GIMBAL_Msg  can.o
    0x0800164c   0x0800164c   0x00000070   Code   RO         5061    i.CAN1_Send_Trigger_Msg  can.o
    0x080016bc   0x080016bc   0x00000108   Code   RO          465    i.CAN_FilterInit    stm32f4xx_can.o
    0x080017c4   0x080017c4   0x00000012   Code   RO          471    i.CAN_ITConfig      stm32f4xx_can.o
    0x080017d6   0x080017d6   0x00000114   Code   RO          472    i.CAN_Init          stm32f4xx_can.o
    0x080018ea   0x080018ea   0x000000f0   Code   RO          475    i.CAN_Receive       stm32f4xx_can.o
    0x080019da   0x080019da   0x00000126   Code   RO          480    i.CAN_Transmit      stm32f4xx_can.o
    0x08001b00   0x08001b00   0x000000a0   Code   RO          481    i.CAN_TransmitStatus  stm32f4xx_can.o
    0x08001ba0   0x08001ba0   0x00000016   Code   RO          856    i.DMA_Cmd           stm32f4xx_dma.o
    0x08001bb6   0x08001bb6   0x00000002   PAD
    0x08001bb8   0x08001bb8   0x00000158   Code   RO          857    i.DMA_DeInit        stm32f4xx_dma.o
    0x08001d10   0x08001d10   0x00000016   Code   RO          858    i.DMA_DoubleBufferModeCmd  stm32f4xx_dma.o
    0x08001d26   0x08001d26   0x00000018   Code   RO          859    i.DMA_DoubleBufferModeConfig  stm32f4xx_dma.o
    0x08001d3e   0x08001d3e   0x00000008   Code   RO          862    i.DMA_GetCurrDataCounter  stm32f4xx_dma.o
    0x08001d46   0x08001d46   0x00000014   Code   RO          863    i.DMA_GetCurrentMemoryTarget  stm32f4xx_dma.o
    0x08001d5a   0x08001d5a   0x00000002   PAD
    0x08001d5c   0x08001d5c   0x00000058   Code   RO          868    i.DMA_Init          stm32f4xx_dma.o
    0x08001db4   0x08001db4   0x00000002   Code   RO         4330    i.DebugMon_Handler  stm32f4xx_it.o
    0x08001db6   0x08001db6   0x00000002   PAD
    0x08001db8   0x08001db8   0x00000040   Code   RO         5616    i.Debug_Key         tim3_events.o
    0x08001df8   0x08001df8   0x000000c0   Code   RO         4997    i.Debug_USART_Config  bsp_debug_usart.o
    0x08001eb8   0x08001eb8   0x0000013c   Code   RO         5475    i.Dji_Remote_Init   dji_remote.o
    0x08001ff4   0x08001ff4   0x000000c0   Code   RO         5517    i.FS_Remote_Init    fs_remote.o
    0x080020b4   0x080020b4   0x00000090   Code   RO         1593    i.GPIO_Init         stm32f4xx_gpio.o
    0x08002144   0x08002144   0x00000046   Code   RO         1594    i.GPIO_PinAFConfig  stm32f4xx_gpio.o
    0x0800218a   0x0800218a   0x00000004   Code   RO         1600    i.GPIO_ResetBits    stm32f4xx_gpio.o
    0x0800218e   0x0800218e   0x00000004   Code   RO         1601    i.GPIO_SetBits      stm32f4xx_gpio.o
    0x08002192   0x08002192   0x00000002   PAD
    0x08002194   0x08002194   0x00000134   Code   RO         4628    i.Get_Base_Velocities  kinematic.o
    0x080022c8   0x080022c8   0x00000004   Code   RO         4331    i.HardFault_Handler  stm32f4xx_it.o
    0x080022cc   0x080022cc   0x000000c0   Code   RO         5105    i.JSON_USART_Config  bsp_uart7.o
    0x0800238c   0x0800238c   0x00000010   Code   RO         4471    i.MY_NVIC_SetVectorTable  sys.o
    0x0800239c   0x0800239c   0x00000004   Code   RO         4332    i.MemManage_Handler  stm32f4xx_it.o
    0x080023a0   0x080023a0   0x00000002   Code   RO         4333    i.NMI_Handler       stm32f4xx_it.o
    0x080023a2   0x080023a2   0x00000002   PAD
    0x080023a4   0x080023a4   0x00000078   Code   RO          161    i.NVIC_Init         misc.o
    0x0800241c   0x0800241c   0x00000014   Code   RO          162    i.NVIC_PriorityGroupConfig  misc.o
    0x08002430   0x08002430   0x0000001c   Code   RO         5518    i.Pulse_Width_Init  fs_remote.o
    0x0800244c   0x0800244c   0x00000020   Code   RO         2078    i.RCC_AHB1PeriphClockCmd  stm32f4xx_rcc.o
    0x0800246c   0x0800246c   0x00000020   Code   RO         2087    i.RCC_APB1PeriphClockCmd  stm32f4xx_rcc.o
    0x0800248c   0x0800248c   0x00000020   Code   RO         2089    i.RCC_APB1PeriphResetCmd  stm32f4xx_rcc.o
    0x080024ac   0x080024ac   0x00000020   Code   RO         2090    i.RCC_APB2PeriphClockCmd  stm32f4xx_rcc.o
    0x080024cc   0x080024cc   0x00000020   Code   RO         2092    i.RCC_APB2PeriphResetCmd  stm32f4xx_rcc.o
    0x080024ec   0x080024ec   0x000000e8   Code   RO         2099    i.RCC_GetClocksFreq  stm32f4xx_rcc.o
    0x080025d4   0x080025d4   0x00000078   Code   RO         5519    i.Record_Pulse_Width  fs_remote.o
    0x0800264c   0x0800264c   0x00000068   Code   RO         5476    i.RemoteDataProcess  dji_remote.o
    0x080026b4   0x080026b4   0x000006d4   Code   RO         5566    i.Remote_Control    remote_code.o
    0x08002d88   0x08002d88   0x00000138   Code   RO         5617    i.Robo_Move         tim3_events.o
    0x08002ec0   0x08002ec0   0x00000120   Code   RO           13    i.SetSysClock       system_stm32f4xx.o
    0x08002fe0   0x08002fe0   0x00000068   Code   RO         4472    i.Stm32_Clock_Init  sys.o
    0x08003048   0x08003048   0x0000010c   Code   RO         4473    i.Sys_Clock_Set     sys.o
    0x08003154   0x08003154   0x00000068   Code   RO           15    i.SystemInit        system_stm32f4xx.o
    0x080031bc   0x080031bc   0x0000003a   Code   RO         3200    i.TI1_Config        stm32f4xx_tim.o
    0x080031f6   0x080031f6   0x00000050   Code   RO         3201    i.TI2_Config        stm32f4xx_tim.o
    0x08003246   0x08003246   0x00000048   Code   RO         3202    i.TI3_Config        stm32f4xx_tim.o
    0x0800328e   0x0800328e   0x00000050   Code   RO         3203    i.TI4_Config        stm32f4xx_tim.o
    0x080032de   0x080032de   0x00000002   PAD
    0x080032e0   0x080032e0   0x00000108   Code   RO         5784    i.TIM1_GIMBAL_Init  gimbal.o
    0x080033e8   0x080033e8   0x0000012c   Code   RO         4216    i.TIM3_IRQHandler   main.o
    0x08003514   0x08003514   0x0000005c   Code   RO         5033    i.TIM3_Int_Init     timer.o
    0x08003570   0x08003570   0x00000100   Code   RO         5520    i.TIM5_IRQHandler   fs_remote.o
    0x08003670   0x08003670   0x00000018   Code   RO         3204    i.TIM_ARRPreloadConfig  stm32f4xx_tim.o
    0x08003688   0x08003688   0x00000006   Code   RO         3211    i.TIM_ClearITPendingBit  stm32f4xx_tim.o
    0x0800368e   0x0800368e   0x00000018   Code   RO         3216    i.TIM_Cmd           stm32f4xx_tim.o
    0x080036a6   0x080036a6   0x0000001e   Code   RO         3218    i.TIM_CtrlPWMOutputs  stm32f4xx_tim.o
    0x080036c4   0x080036c4   0x00000006   Code   RO         3231    i.TIM_GetCapture1   stm32f4xx_tim.o
    0x080036ca   0x080036ca   0x00000022   Code   RO         3237    i.TIM_GetITStatus   stm32f4xx_tim.o
    0x080036ec   0x080036ec   0x0000006e   Code   RO         3239    i.TIM_ICInit        stm32f4xx_tim.o
    0x0800375a   0x0800375a   0x00000012   Code   RO         3241    i.TIM_ITConfig      stm32f4xx_tim.o
    0x0800376c   0x0800376c   0x0000007c   Code   RO         3245    i.TIM_OC1Init       stm32f4xx_tim.o
    0x080037e8   0x080037e8   0x00000012   Code   RO         3247    i.TIM_OC1PolarityConfig  stm32f4xx_tim.o
    0x080037fa   0x080037fa   0x00000012   Code   RO         3248    i.TIM_OC1PreloadConfig  stm32f4xx_tim.o
    0x0800380c   0x0800380c   0x000000a4   Code   RO         3250    i.TIM_OC2Init       stm32f4xx_tim.o
    0x080038b0   0x080038b0   0x0000001a   Code   RO         3253    i.TIM_OC2PreloadConfig  stm32f4xx_tim.o
    0x080038ca   0x080038ca   0x00000002   PAD
    0x080038cc   0x080038cc   0x000000a0   Code   RO         3255    i.TIM_OC3Init       stm32f4xx_tim.o
    0x0800396c   0x0800396c   0x00000012   Code   RO         3258    i.TIM_OC3PreloadConfig  stm32f4xx_tim.o
    0x0800397e   0x0800397e   0x00000002   PAD
    0x08003980   0x08003980   0x00000078   Code   RO         3260    i.TIM_OC4Init       stm32f4xx_tim.o
    0x080039f8   0x080039f8   0x0000001a   Code   RO         3262    i.TIM_OC4PreloadConfig  stm32f4xx_tim.o
    0x08003a12   0x08003a12   0x00000004   Code   RO         3278    i.TIM_SetCompare1   stm32f4xx_tim.o
    0x08003a16   0x08003a16   0x00000004   Code   RO         3279    i.TIM_SetCompare2   stm32f4xx_tim.o
    0x08003a1a   0x08003a1a   0x00000004   Code   RO         3280    i.TIM_SetCompare3   stm32f4xx_tim.o
    0x08003a1e   0x08003a1e   0x00000004   Code   RO         3281    i.TIM_SetCompare4   stm32f4xx_tim.o
    0x08003a22   0x08003a22   0x00000004   Code   RO         3282    i.TIM_SetCounter    stm32f4xx_tim.o
    0x08003a26   0x08003a26   0x00000012   Code   RO         3283    i.TIM_SetIC1Prescaler  stm32f4xx_tim.o
    0x08003a38   0x08003a38   0x0000001a   Code   RO         3284    i.TIM_SetIC2Prescaler  stm32f4xx_tim.o
    0x08003a52   0x08003a52   0x00000012   Code   RO         3285    i.TIM_SetIC3Prescaler  stm32f4xx_tim.o
    0x08003a64   0x08003a64   0x0000001a   Code   RO         3286    i.TIM_SetIC4Prescaler  stm32f4xx_tim.o
    0x08003a7e   0x08003a7e   0x00000002   PAD
    0x08003a80   0x08003a80   0x00000084   Code   RO         3288    i.TIM_TimeBaseInit  stm32f4xx_tim.o
    0x08003b04   0x08003b04   0x00000054   Code   RO         5142    i.UART5_IRQHandler  uart5.o
    0x08003b58   0x08003b58   0x00000220   Code   RO         4334    i.UART7_IRQHandler  stm32f4xx_it.o
    0x08003d78   0x08003d78   0x000000a8   Code   RO         5477    i.USART1_IRQHandler  dji_remote.o
    0x08003e20   0x08003e20   0x00000234   Code   RO         4335    i.USART6_IRQHandler  stm32f4xx_it.o
    0x08004054   0x08004054   0x0000001e   Code   RO         3767    i.USART_ClearITPendingBit  stm32f4xx_usart.o
    0x08004072   0x08004072   0x00000018   Code   RO         3770    i.USART_Cmd         stm32f4xx_usart.o
    0x0800408a   0x0800408a   0x00000012   Code   RO         3771    i.USART_DMACmd      stm32f4xx_usart.o
    0x0800409c   0x0800409c   0x000000f0   Code   RO         3772    i.USART_DeInit      stm32f4xx_usart.o
    0x0800418c   0x0800418c   0x0000001a   Code   RO         3773    i.USART_GetFlagStatus  stm32f4xx_usart.o
    0x080041a6   0x080041a6   0x00000054   Code   RO         3774    i.USART_GetITStatus  stm32f4xx_usart.o
    0x080041fa   0x080041fa   0x0000004a   Code   RO         3776    i.USART_ITConfig    stm32f4xx_usart.o
    0x08004244   0x08004244   0x000000d4   Code   RO         3777    i.USART_Init        stm32f4xx_usart.o
    0x08004318   0x08004318   0x0000000a   Code   RO         3784    i.USART_ReceiveData  stm32f4xx_usart.o
    0x08004322   0x08004322   0x00000008   Code   RO         3787    i.USART_SendData    stm32f4xx_usart.o
    0x0800432a   0x0800432a   0x00000004   Code   RO         4336    i.UsageFault_Handler  stm32f4xx_it.o
    0x0800432e   0x0800432e   0x00000016   Code   RO         4739    i.VPID_Init         speed_pid.o
    0x08004344   0x08004344   0x0000004c   Code   RO         4740    i.VPID_Init_All     speed_pid.o
    0x08004390   0x08004390   0x00000020   Code   RO         7453    i.__0printf         mc_w.l(printfa.o)
    0x080043b0   0x080043b0   0x00000030   Code   RO         7454    i.__0snprintf       mc_w.l(printfa.o)
    0x080043e0   0x080043e0   0x00000028   Code   RO         7455    i.__0sprintf        mc_w.l(printfa.o)
    0x08004408   0x08004408   0x0000002c   Code   RO         7458    i.__0vsnprintf      mc_w.l(printfa.o)
    0x08004434   0x08004434   0x0000001a   Code   RO         6002    i.__ARM_common_switch8  jansson_CM3LE.lib(dump.o)
    0x0800444e   0x0800444e   0x00000030   Code   RO         7563    i.__ARM_fpclassify  m_wm.l(fpclassify.o)
    0x0800447e   0x0800447e   0x00000016   Code   RO         6695    i.__ARM_isinf       jansson_CM3LE.lib(value.o)
    0x08004494   0x08004494   0x00000018   Code   RO         6700    i.__ARM_isnan       jansson_CM3LE.lib(value.o)
    0x080044ac   0x080044ac   0x00000008   Code   RO         7509    i.__aeabi_errno_addr  mc_w.l(errno.o)
    0x080044b4   0x080044b4   0x00000004   PAD
    0x080044b8   0x080044b8   0x000000c8   Code   RO         7134    i.__hardfp_cos      m_wm.l(cos.o)
    0x08004580   0x08004580   0x00000c50   Code   RO         7146    i.__hardfp_pow      m_wm.l(pow.o)
    0x080051d0   0x080051d0   0x000000c8   Code   RO         7160    i.__hardfp_sin      m_wm.l(sin.o)
    0x08005298   0x08005298   0x00000438   Code   RO         7568    i.__ieee754_rem_pio2  m_wm.l(rred.o)
    0x080056d0   0x080056d0   0x00000170   Code   RO         7540    i.__kernel_cos      m_wm.l(cos_i.o)
    0x08005840   0x08005840   0x000000f8   Code   RO         7565    i.__kernel_poly     m_wm.l(poly.o)
    0x08005938   0x08005938   0x00000130   Code   RO         7573    i.__kernel_sin      m_wm.l(sin_i.o)
    0x08005a68   0x08005a68   0x00000030   Code   RO         7543    i.__mathlib_dbl_divzero  m_wm.l(dunder.o)
    0x08005a98   0x08005a98   0x00000014   Code   RO         7544    i.__mathlib_dbl_infnan  m_wm.l(dunder.o)
    0x08005aac   0x08005aac   0x00000014   Code   RO         7545    i.__mathlib_dbl_infnan2  m_wm.l(dunder.o)
    0x08005ac0   0x08005ac0   0x00000020   Code   RO         7546    i.__mathlib_dbl_invalid  m_wm.l(dunder.o)
    0x08005ae0   0x08005ae0   0x00000020   Code   RO         7547    i.__mathlib_dbl_overflow  m_wm.l(dunder.o)
    0x08005b00   0x08005b00   0x00000020   Code   RO         7549    i.__mathlib_dbl_underflow  m_wm.l(dunder.o)
    0x08005b20   0x08005b20   0x0000000e   Code   RO         7684    i.__scatterload_copy  mc_w.l(handlers.o)
    0x08005b2e   0x08005b2e   0x00000002   Code   RO         7685    i.__scatterload_null  mc_w.l(handlers.o)
    0x08005b30   0x08005b30   0x0000000e   Code   RO         7686    i.__scatterload_zeroinit  mc_w.l(handlers.o)
    0x08005b3e   0x08005b3e   0x00000002   PAD
    0x08005b40   0x08005b40   0x0000000c   Code   RO         7511    i.__set_errno       mc_w.l(errno.o)
    0x08005b4c   0x08005b4c   0x00000184   Code   RO         7460    i._fp_digits        mc_w.l(printfa.o)
    0x08005cd0   0x08005cd0   0x0000000e   Code   RO         7665    i._is_digit         mc_w.l(scanf_fp.o)
    0x08005cde   0x08005cde   0x00000002   PAD
    0x08005ce0   0x08005ce0   0x000006dc   Code   RO         7461    i._printf_core      mc_w.l(printfa.o)
    0x080063bc   0x080063bc   0x00000024   Code   RO         7462    i._printf_post_padding  mc_w.l(printfa.o)
    0x080063e0   0x080063e0   0x0000002e   Code   RO         7463    i._printf_pre_padding  mc_w.l(printfa.o)
    0x0800640e   0x0800640e   0x00000016   Code   RO         7464    i._snputc           mc_w.l(printfa.o)
    0x08006424   0x08006424   0x0000000a   Code   RO         7465    i._sputc            mc_w.l(printfa.o)
    0x0800642e   0x0800642e   0x00000002   PAD
    0x08006430   0x08006430   0x000000f4   Code   RO         4695    i.apid_chassic_realize  angle_pid.o
    0x08006524   0x08006524   0x00000150   Code   RO         4697    i.apid_realize      angle_pid.o
    0x08006674   0x08006674   0x00000018   Code   RO         6349    i.array_copy        jansson_CM3LE.lib(value.o)
    0x0800668c   0x0800668c   0x00000028   Code   RO         4629    i.break_jugement    kinematic.o
    0x080066b4   0x080066b4   0x000000bc   Code   RO         5190    i.bsp_imu_usart_init  bsp_imu_usart.o
    0x08006770   0x08006770   0x00000016   Code   RO         6789    i.bucket_is_empty   jansson_CM3LE.lib(hashtable.o)
    0x08006786   0x08006786   0x00000002   PAD
    0x08006788   0x08006788   0x00000224   Code   RO         5567    i.caculate_gimbal_pitch_angle  remote_code.o
    0x080069ac   0x080069ac   0x00000214   Code   RO         5568    i.caculate_gimbal_yaw_angle  remote_code.o
    0x08006bc0   0x08006bc0   0x000000f4   Code   RO         5569    i.caculate_linear_speed  remote_code.o
    0x08006cb4   0x08006cb4   0x000000f4   Code   RO         5570    i.caculate_rotational_speed  remote_code.o
    0x08006da8   0x08006da8   0x000001f4   Code   RO         4630    i.chassic_speed_control  kinematic.o
    0x08006f9c   0x08006f9c   0x0000004c   Code   RO         6050    i.decode_unicode_escape  jansson_CM3LE.lib(load.o)
    0x08006fe8   0x08006fe8   0x00000038   Code   RO         4419    i.delay_init        delay.o
    0x08007020   0x08007020   0x00000038   Code   RO         4420    i.delay_ms          delay.o
    0x08007058   0x08007058   0x0000003c   Code   RO         4422    i.delay_xms         delay.o
    0x08007094   0x08007094   0x00000394   Code   RO         5940    i.do_dump           jansson_CM3LE.lib(dump.o)
    0x08007428   0x08007428   0x00000060   Code   RO         5941    i.dump_indent       jansson_CM3LE.lib(dump.o)
    0x08007488   0x08007488   0x0000014c   Code   RO         5942    i.dump_string       jansson_CM3LE.lib(dump.o)
    0x080075d4   0x080075d4   0x00000010   Code   RO         5944    i.dump_to_strbuffer  jansson_CM3LE.lib(dump.o)
    0x080075e4   0x080075e4   0x000000c0   Code   RO         6051    i.error_set         jansson_CM3LE.lib(load.o)
    0x080076a4   0x080076a4   0x00000018   Code   RO         7559    i.fabs              m_wm.l(fabs.o)
    0x080076bc   0x080076bc   0x0000008c   Code   RO         4631    i.find_max          kinematic.o
    0x08007748   0x08007748   0x00000024   Code   RO         5107    i.fputc             bsp_uart7.o
    0x0800776c   0x0800776c   0x00000050   Code   RO         7481    i.free              mc_w.l(malloc.o)
    0x080077bc   0x080077bc   0x00000014   Code   RO         5652    i.fric1_on          fric.o
    0x080077d0   0x080077d0   0x00000014   Code   RO         5653    i.fric2_on          fric.o
    0x080077e4   0x080077e4   0x0000012c   Code   RO         5654    i.fric_PWM_configuration  fric.o
    0x08007910   0x08007910   0x00000034   Code   RO         4633    i.gimbal_speed_control  kinematic.o
    0x08007944   0x08007944   0x00000144   Code   RO         6790    i.hashlittle        jansson_CM3LE.lib(hashtable.o)
    0x08007a88   0x08007a88   0x00000010   Code   RO         6792    i.hashtable_close   jansson_CM3LE.lib(hashtable.o)
    0x08007a98   0x08007a98   0x00000022   Code   RO         6794    i.hashtable_do_clear  jansson_CM3LE.lib(hashtable.o)
    0x08007aba   0x08007aba   0x00000076   Code   RO         6796    i.hashtable_do_rehash  jansson_CM3LE.lib(hashtable.o)
    0x08007b30   0x08007b30   0x0000003c   Code   RO         6797    i.hashtable_find_pair  jansson_CM3LE.lib(hashtable.o)
    0x08007b6c   0x08007b6c   0x00000040   Code   RO         6798    i.hashtable_get     jansson_CM3LE.lib(hashtable.o)
    0x08007bac   0x08007bac   0x00000048   Code   RO         6799    i.hashtable_init    jansson_CM3LE.lib(hashtable.o)
    0x08007bf4   0x08007bf4   0x0000000c   Code   RO         6800    i.hashtable_iter    jansson_CM3LE.lib(hashtable.o)
    0x08007c00   0x08007c00   0x00000004   Code   RO         6802    i.hashtable_iter_key  jansson_CM3LE.lib(hashtable.o)
    0x08007c04   0x08007c04   0x0000000e   Code   RO         6803    i.hashtable_iter_next  jansson_CM3LE.lib(hashtable.o)
    0x08007c12   0x08007c12   0x00000004   Code   RO         6804    i.hashtable_iter_serial  jansson_CM3LE.lib(hashtable.o)
    0x08007c16   0x08007c16   0x00000004   Code   RO         6806    i.hashtable_iter_value  jansson_CM3LE.lib(hashtable.o)
    0x08007c1a   0x08007c1a   0x00000002   PAD
    0x08007c1c   0x08007c1c   0x000000ac   Code   RO         6807    i.hashtable_set     jansson_CM3LE.lib(hashtable.o)
    0x08007cc8   0x08007cc8   0x0000002a   Code   RO         6808    i.insert_to_bucket  jansson_CM3LE.lib(hashtable.o)
    0x08007cf2   0x08007cf2   0x00000036   Code   RO         6351    i.json_array        jansson_CM3LE.lib(value.o)
    0x08007d28   0x08007d28   0x00000048   Code   RO         6352    i.json_array_append_new  jansson_CM3LE.lib(value.o)
    0x08007d70   0x08007d70   0x0000001c   Code   RO         6355    i.json_array_get    jansson_CM3LE.lib(value.o)
    0x08007d8c   0x08007d8c   0x0000004c   Code   RO         6356    i.json_array_grow   jansson_CM3LE.lib(value.o)
    0x08007dd8   0x08007dd8   0x00000012   Code   RO         6360    i.json_array_size   jansson_CM3LE.lib(value.o)
    0x08007dea   0x08007dea   0x0000001c   Code   RO         4805    i.json_decref       json.o
    0x08007e06   0x08007e06   0x00000018   Code   RO         6052    i.json_decref       jansson_CM3LE.lib(load.o)
    0x08007e1e   0x08007e1e   0x00000018   Code   RO         6214    i.json_decref       jansson_CM3LE.lib(pack_unpack.o)
    0x08007e36   0x08007e36   0x00000018   Code   RO         6362    i.json_decref       jansson_CM3LE.lib(value.o)
    0x08007e4e   0x08007e4e   0x00000018   Code   RO         6809    i.json_decref       jansson_CM3LE.lib(hashtable.o)
    0x08007e66   0x08007e66   0x00000054   Code   RO         6364    i.json_delete       jansson_CM3LE.lib(value.o)
    0x08007eba   0x08007eba   0x0000002a   Code   RO         5945    i.json_dump_callback  jansson_CM3LE.lib(dump.o)
    0x08007ee4   0x08007ee4   0x00000044   Code   RO         5948    i.json_dumps        jansson_CM3LE.lib(dump.o)
    0x08007f28   0x08007f28   0x00000008   Code   RO         6366    i.json_false        jansson_CM3LE.lib(value.o)
    0x08007f30   0x08007f30   0x00000010   Code   RO         6053    i.json_incref       jansson_CM3LE.lib(load.o)
    0x08007f40   0x08007f40   0x00000010   Code   RO         6215    i.json_incref       jansson_CM3LE.lib(pack_unpack.o)
    0x08007f50   0x08007f50   0x0000001c   Code   RO         6368    i.json_integer      jansson_CM3LE.lib(value.o)
    0x08007f6c   0x08007f6c   0x00000018   Code   RO         6370    i.json_integer_value  jansson_CM3LE.lib(value.o)
    0x08007f84   0x08007f84   0x00000074   Code   RO         6058    i.json_loads        jansson_CM3LE.lib(load.o)
    0x08007ff8   0x08007ff8   0x00000008   Code   RO         6371    i.json_null         jansson_CM3LE.lib(value.o)
    0x08008000   0x08008000   0x0000004c   Code   RO         6373    i.json_object       jansson_CM3LE.lib(value.o)
    0x0800804c   0x0800804c   0x0000001c   Code   RO         6378    i.json_object_get   jansson_CM3LE.lib(value.o)
    0x08008068   0x08008068   0x00000018   Code   RO         6379    i.json_object_iter  jansson_CM3LE.lib(value.o)
    0x08008080   0x08008080   0x0000000c   Code   RO         6381    i.json_object_iter_key  jansson_CM3LE.lib(value.o)
    0x0800808c   0x0800808c   0x0000001c   Code   RO         6382    i.json_object_iter_next  jansson_CM3LE.lib(value.o)
    0x080080a8   0x080080a8   0x0000000c   Code   RO         6384    i.json_object_iter_value  jansson_CM3LE.lib(value.o)
    0x080080b4   0x080080b4   0x00000028   Code   RO         7116    i.json_object_seed  jansson_CM3LE.lib(hashtable_seed.o)
    0x080080dc   0x080080dc   0x00000040   Code   RO         6387    i.json_object_set_new_nocheck  jansson_CM3LE.lib(value.o)
    0x0800811c   0x0800811c   0x00000012   Code   RO         6389    i.json_object_size  jansson_CM3LE.lib(value.o)
    0x0800812e   0x0800812e   0x00000018   Code   RO         6216    i.json_pack         jansson_CM3LE.lib(pack_unpack.o)
    0x08008146   0x08008146   0x00000034   Code   RO         6393    i.json_real         jansson_CM3LE.lib(value.o)
    0x0800817a   0x0800817a   0x00000018   Code   RO         6395    i.json_real_value   jansson_CM3LE.lib(value.o)
    0x08008192   0x08008192   0x00000012   Code   RO         6398    i.json_string_length  jansson_CM3LE.lib(value.o)
    0x080081a4   0x080081a4   0x00000012   Code   RO         6404    i.json_string_value  jansson_CM3LE.lib(value.o)
    0x080081b6   0x080081b6   0x0000000a   Code   RO         6406    i.json_stringn_nocheck  jansson_CM3LE.lib(value.o)
    0x080081c0   0x080081c0   0x00000008   Code   RO         6407    i.json_true         jansson_CM3LE.lib(value.o)
    0x080081c8   0x080081c8   0x000000c4   Code   RO         6220    i.json_vpack_ex     jansson_CM3LE.lib(pack_unpack.o)
    0x0800828c   0x0800828c   0x000000a0   Code   RO         7052    i.jsonp_dtostr      jansson_CM3LE.lib(strconv.o)
    0x0800832c   0x0800832c   0x00000022   Code   RO         6744    i.jsonp_error_init  jansson_CM3LE.lib(error.o)
    0x0800834e   0x0800834e   0x00000010   Code   RO         6745    i.jsonp_error_set   jansson_CM3LE.lib(error.o)
    0x0800835e   0x0800835e   0x00000002   PAD
    0x08008360   0x08008360   0x0000003c   Code   RO         6746    i.jsonp_error_set_source  jansson_CM3LE.lib(error.o)
    0x0800839c   0x0800839c   0x0000002c   Code   RO         6747    i.jsonp_error_vset  jansson_CM3LE.lib(error.o)
    0x080083c8   0x080083c8   0x00000010   Code   RO         6947    i.jsonp_free        jansson_CM3LE.lib(memory.o)
    0x080083d8   0x080083d8   0x00000010   Code   RO         6948    i.jsonp_malloc      jansson_CM3LE.lib(memory.o)
    0x080083e8   0x080083e8   0x00000012   Code   RO         6949    i.jsonp_strdup      jansson_CM3LE.lib(memory.o)
    0x080083fa   0x080083fa   0x0000000a   Code   RO         6408    i.jsonp_stringn_nocheck_own  jansson_CM3LE.lib(value.o)
    0x08008404   0x08008404   0x00000024   Code   RO         6950    i.jsonp_strndup     jansson_CM3LE.lib(memory.o)
    0x08008428   0x08008428   0x00000064   Code   RO         7053    i.jsonp_strtod      jansson_CM3LE.lib(strconv.o)
    0x0800848c   0x0800848c   0x00000030   Code   RO         5444    i.key_init          key.o
    0x080084bc   0x080084bc   0x00000044   Code   RO         5445    i.key_press         key.o
    0x08008500   0x08008500   0x00000040   Code   RO         5214    i.led_init          led.o
    0x08008540   0x08008540   0x0000001c   Code   RO         6059    i.lex_close         jansson_CM3LE.lib(load.o)
    0x0800855c   0x0800855c   0x00000012   Code   RO         6060    i.lex_free_string   jansson_CM3LE.lib(load.o)
    0x0800856e   0x0800856e   0x00000008   Code   RO         6061    i.lex_get           jansson_CM3LE.lib(load.o)
    0x08008576   0x08008576   0x0000001e   Code   RO         6062    i.lex_get_save      jansson_CM3LE.lib(load.o)
    0x08008594   0x08008594   0x00000030   Code   RO         6063    i.lex_init          jansson_CM3LE.lib(load.o)
    0x080085c4   0x080085c4   0x0000000c   Code   RO         6064    i.lex_save          jansson_CM3LE.lib(load.o)
    0x080085d0   0x080085d0   0x00000138   Code   RO         6065    i.lex_scan          jansson_CM3LE.lib(load.o)
    0x08008708   0x08008708   0x0000018c   Code   RO         6066    i.lex_scan_number   jansson_CM3LE.lib(load.o)
    0x08008894   0x08008894   0x00000288   Code   RO         6067    i.lex_scan_string   jansson_CM3LE.lib(load.o)
    0x08008b1c   0x08008b1c   0x00000026   Code   RO         6068    i.lex_unget_unsave  jansson_CM3LE.lib(load.o)
    0x08008b42   0x08008b42   0x0000000e   Code   RO         6810    i.list_insert       jansson_CM3LE.lib(hashtable.o)
    0x08008b50   0x08008b50   0x000000d0   Code   RO         4217    i.main              main.o
    0x08008c20   0x08008c20   0x0000006c   Code   RO         7482    i.malloc            mc_w.l(malloc.o)
    0x08008c8c   0x08008c8c   0x000000e8   Code   RO         5241    i.motor_init        motor.o
    0x08008d74   0x08008d74   0x00000080   Code   RO         6222    i.next_token        jansson_CM3LE.lib(pack_unpack.o)
    0x08008df4   0x08008df4   0x0000000c   Code   RO         5949    i.object_key_compare_keys  jansson_CM3LE.lib(dump.o)
    0x08008e00   0x08008e00   0x0000001a   Code   RO         5950    i.object_key_compare_serials  jansson_CM3LE.lib(dump.o)
    0x08008e1a   0x08008e1a   0x00000002   PAD
    0x08008e1c   0x08008e1c   0x00000118   Code   RO         6223    i.pack              jansson_CM3LE.lib(pack_unpack.o)
    0x08008f34   0x08008f34   0x000000b0   Code   RO         6224    i.pack_array        jansson_CM3LE.lib(pack_unpack.o)
    0x08008fe4   0x08008fe4   0x00000130   Code   RO         6225    i.pack_object       jansson_CM3LE.lib(pack_unpack.o)
    0x08009114   0x08009114   0x00000094   Code   RO         6069    i.parse_array       jansson_CM3LE.lib(load.o)
    0x080091a8   0x080091a8   0x00000094   Code   RO         6070    i.parse_json        jansson_CM3LE.lib(load.o)
    0x0800923c   0x0800923c   0x00000180   Code   RO         6071    i.parse_object      jansson_CM3LE.lib(load.o)
    0x080093bc   0x080093bc   0x00000140   Code   RO         6072    i.parse_value       jansson_CM3LE.lib(load.o)
    0x080094fc   0x080094fc   0x00000078   Code   RO         5398    i.power_init        power.o
    0x08009574   0x08009574   0x00000010   Code   RO         5399    i.power_open_all    power.o
    0x08009584   0x08009584   0x00000014   Code   RO         6226    i.prev_token        jansson_CM3LE.lib(pack_unpack.o)
    0x08009598   0x08009598   0x0000015c   Code   RO         6227    i.read_string       jansson_CM3LE.lib(pack_unpack.o)
    0x080096f4   0x080096f4   0x000001a8   Code   RO         5242    i.record_gimbal_callback  motor.o
    0x0800989c   0x0800989c   0x000000a4   Code   RO         5243    i.record_motor_callback  motor.o
    0x08009940   0x08009940   0x0000006c   Code   RO         4812    i.resolve_json_gimbal_speed_command  json.o
    0x080099ac   0x080099ac   0x0000002c   Code   RO         6228    i.scanner_init      jansson_CM3LE.lib(pack_unpack.o)
    0x080099d8   0x080099d8   0x00000006   Code   RO         5928    i.seed_from_timestamp_and_pid  jansson_config.o
    0x080099de   0x080099de   0x00000002   PAD
    0x080099e0   0x080099e0   0x000001ac   Code   RO         4815    i.send_chassis_info_by_json  json.o
    0x08009b8c   0x08009b8c   0x0000008c   Code   RO         5244    i.set_chassis_current  motor.o
    0x08009c18   0x08009c18   0x0000002c   Code   RO         6229    i.set_error         jansson_CM3LE.lib(pack_unpack.o)
    0x08009c44   0x08009c44   0x0000002c   Code   RO         5245    i.set_gimbal_current  motor.o
    0x08009c70   0x08009c70   0x0000002c   Code   RO         5246    i.set_trigger_current  motor.o
    0x08009c9c   0x08009c9c   0x0000006e   Code   RO         7581    i.sqrt              m_wm.l(sqrt.o)
    0x08009d0a   0x08009d0a   0x00000002   PAD
    0x08009d0c   0x08009d0c   0x00000068   Code   RO         5247    i.stop_chassis_motor  motor.o
    0x08009d74   0x08009d74   0x0000001c   Code   RO         5248    i.stop_trigger_motor  motor.o
    0x08009d90   0x08009d90   0x0000000c   Code   RO         6993    i.strbuffer_append_byte  jansson_CM3LE.lib(strbuffer.o)
    0x08009d9c   0x08009d9c   0x00000070   Code   RO         6994    i.strbuffer_append_bytes  jansson_CM3LE.lib(strbuffer.o)
    0x08009e0c   0x08009e0c   0x0000000a   Code   RO         6995    i.strbuffer_clear   jansson_CM3LE.lib(strbuffer.o)
    0x08009e16   0x08009e16   0x00000018   Code   RO         6996    i.strbuffer_close   jansson_CM3LE.lib(strbuffer.o)
    0x08009e2e   0x08009e2e   0x00000022   Code   RO         6997    i.strbuffer_init    jansson_CM3LE.lib(strbuffer.o)
    0x08009e50   0x08009e50   0x00000018   Code   RO         6998    i.strbuffer_pop     jansson_CM3LE.lib(strbuffer.o)
    0x08009e68   0x08009e68   0x0000000a   Code   RO         6999    i.strbuffer_steal_value  jansson_CM3LE.lib(strbuffer.o)
    0x08009e72   0x08009e72   0x00000004   Code   RO         7000    i.strbuffer_value   jansson_CM3LE.lib(strbuffer.o)
    0x08009e76   0x08009e76   0x00000002   PAD
    0x08009e78   0x08009e78   0x000000e4   Code   RO         6073    i.stream_get        jansson_CM3LE.lib(load.o)
    0x08009f5c   0x08009f5c   0x0000004a   Code   RO         6074    i.stream_unget      jansson_CM3LE.lib(load.o)
    0x08009fa6   0x08009fa6   0x0000003e   Code   RO         6409    i.string_create     jansson_CM3LE.lib(value.o)
    0x08009fe4   0x08009fe4   0x00000018   Code   RO         6075    i.string_get        jansson_CM3LE.lib(load.o)
    0x08009ffc   0x08009ffc   0x00000004   PAD
    0x0800a000   0x0800a000   0x00000030   Code   RO         7174    i.strtod            m_wm.l(strtod.o)
    0x0800a030   0x0800a030   0x0000006c   Code   RO         4634    i.trigger_control   kinematic.o
    0x0800a09c   0x0800a09c   0x0000003c   Code   RO         7080    i.utf8_check_first  jansson_CM3LE.lib(utf.o)
    0x0800a0d8   0x0800a0d8   0x00000088   Code   RO         7081    i.utf8_check_full   jansson_CM3LE.lib(utf.o)
    0x0800a160   0x0800a160   0x0000003e   Code   RO         7082    i.utf8_check_string  jansson_CM3LE.lib(utf.o)
    0x0800a19e   0x0800a19e   0x00000002   PAD
    0x0800a1a0   0x0800a1a0   0x0000007c   Code   RO         7083    i.utf8_encode       jansson_CM3LE.lib(utf.o)
    0x0800a21c   0x0800a21c   0x00000040   Code   RO         7084    i.utf8_iterate      jansson_CM3LE.lib(utf.o)
    0x0800a25c   0x0800a25c   0x000000b8   Code   RO         4743    i.vpid_chassic_realize  speed_pid.o
    0x0800a314   0x0800a314   0x0000006c   Code   RO         4744    i.vpid_gimbal_realize  speed_pid.o
    0x0800a380   0x0800a380   0x00000228   Code   RO         4745    i.vpid_realize      speed_pid.o
    0x0800a5a8   0x0800a5a8   0x00000048   Code   RO         4746    i.vpid_trigger_realize  speed_pid.o
    0x0800a5f0   0x0800a5f0   0x0000000c   Code   RO         5877    i.yawRead           imureader.o
    0x0800a5fc   0x0800a5fc   0x0000000c   Code   RO         5878    i.yaw_angularRead   imureader.o
    0x0800a608   0x0800a608   0x00000021   Data   RO         5951    .constdata          jansson_CM3LE.lib(dump.o)
    0x0800a629   0x0800a629   0x00000007   PAD
    0x0800a630   0x0800a630   0x00000088   Data   RO         7149    .constdata          m_wm.l(pow.o)
    0x0800a6b8   0x0800a6b8   0x00000030   Data   RO         7541    .constdata          m_wm.l(cos_i.o)
    0x0800a6e8   0x0800a6e8   0x00000008   Data   RO         7567    .constdata          m_wm.l(qnan.o)
    0x0800a6f0   0x0800a6f0   0x000000c8   Data   RO         7570    .constdata          m_wm.l(rred.o)
    0x0800a7b8   0x0800a7b8   0x00000028   Data   RO         7574    .constdata          m_wm.l(sin_i.o)
    0x0800a7e0   0x0800a7e0   0x00000081   Data   RO         7636    .constdata          mc_w.l(ctype_o.o)
    0x0800a861   0x0800a861   0x00000003   PAD
    0x0800a864   0x0800a864   0x00000004   Data   RO         7637    .constdata          mc_w.l(ctype_o.o)
    0x0800a868   0x0800a868   0x00000020   Data   RO         7682    Region$$Table       anon$$obj.o


    Execution Region RW_IRAM1 (Exec base: 0x20000000, Load base: 0x0800a888, Size: 0x000029a8, Max: 0x00030000, ABSOLUTE)

    Exec Addr    Load Addr    Size         Type   Attr      Idx    E Section Name        Object

    0x20000000   0x0800a888   0x00000010   Data   RW         2131    .data               stm32f4xx_rcc.o
    0x20000010   0x0800a898   0x00000004   Data   RW         4218    .data               main.o
    0x20000014   0x0800a89c   0x0000000c   Data   RW         4339    .data               stm32f4xx_it.o
    0x20000020   0x0800a8a8   0x00000004   Data   RW         4423    .data               delay.o
    0x20000024   0x0800a8ac   0x00000010   Data   RW         4636    .data               kinematic.o
    0x20000034   0x0800a8bc   0x00000004   Data   RW         4698    .data               angle_pid.o
    0x20000038   0x0800a8c0   0x00000014   Data   RW         4748    .data               speed_pid.o
    0x2000004c   0x0800a8d4   0x00000003   Data   RW         4962    .data               mode.o
    0x2000004f   0x0800a8d7   0x00000001   PAD
    0x20000050   0x0800a8d8   0x00000004   Data   RW         5146    .data               uart5.o
    0x20000054   0x0800a8dc   0x00000038   Data   RW         5250    .data               motor.o
    0x2000008c   0x0800a914   0x00000002   Data   RW         5446    .data               key.o
    0x2000008e   0x0800a916   0x00000002   PAD
    0x20000090   0x0800a918   0x0000000d   Data   RW         5522    .data               fs_remote.o
    0x2000009d   0x0800a925   0x00000003   PAD
    0x200000a0   0x0800a928   0x0000003c   Data   RW         5571    .data               remote_code.o
    0x200000dc   0x0800a964   0x00000004   Data   RW         5618    .data               tim3_events.o
    0x200000e0   0x0800a968   0x00000008   Data   RW         5785    .data               gimbal.o
    0x200000e8   0x0800a970   0x00000018   Data   RW         6410    .data               jansson_CM3LE.lib(value.o)
    0x20000100   0x0800a988   0x00000008   Data   RW         6951    .data               jansson_CM3LE.lib(memory.o)
    0x20000108   0x0800a990   0x00000004   Data   RW         7117    .data               jansson_CM3LE.lib(hashtable_seed.o)
    0x2000010c   0x0800a994   0x00000004   Data   RW         7512    .data               mc_w.l(errno.o)
    0x20000110   0x0800a998   0x00000004   Data   RW         7605    .data               mc_w.l(stdout.o)
    0x20000114   0x0800a99c   0x00000004   Data   RW         7614    .data               mc_w.l(mvars.o)
    0x20000118   0x0800a9a0   0x00000004   Data   RW         7615    .data               mc_w.l(mvars.o)
    0x2000011c        -       0x00000226   Zero   RW         4337    .bss                stm32f4xx_it.o
    0x20000342   0x0800a9a4   0x00000002   PAD
    0x20000344        -       0x00000010   Zero   RW         4564    .bss                my_init.o
    0x20000354        -       0x00000098   Zero   RW         4635    .bss                kinematic.o
    0x200003ec        -       0x00000060   Zero   RW         4747    .bss                speed_pid.o
    0x2000044c        -       0x00000104   Zero   RW         5145    .bss                uart5.o
    0x20000550        -       0x000003e0   Zero   RW         5249    .bss                motor.o
    0x20000930        -       0x0000002e   Zero   RW         5478    .bss                dji_remote.o
    0x2000095e   0x0800a9a4   0x00000002   PAD
    0x20000960        -       0x00000020   Zero   RW         5521    .bss                fs_remote.o
    0x20000980        -       0x00000028   Zero   RW         5880    .bss                imureader.o
    0x200009a8        -       0x00001000   Zero   RW            2    HEAP                startup_stm32f427_437xx.o
    0x200019a8        -       0x00001000   Zero   RW            1    STACK               startup_stm32f427_437xx.o


==============================================================================

Image component sizes


      Code (inc. data)   RO Data    RW Data    ZI Data      Debug   Object Name

       678         58          0          4          0       3384   angle_pid.o
       192         10          0          0          0        757   bsp_debug_usart.o
       188         10          0          0          0        749   bsp_imu_usart.o
       228         14          0          0          0       1364   bsp_uart7.o
       588         28          0          0          0       3968   can.o
       172         14          0          4          0       1984   delay.o
       588         42          0          0         46       3550   dji_remote.o
       340         24          0          0          0      29655   fric.o
       596         60          0         13         32       3462   fs_remote.o
       264          8          0          8          0       1089   gimbal.o
        24          8          0          0         40       1327   imureader.o
         6          0          0          0          0        970   jansson_config.o
       564        122          0          0          0       5324   json.o
         0          0          0          0          0       1244   judge.o
       116         18          0          2          0       1151   key.o
      1412        146          0         16        152       6720   kinematic.o
        64          4          0          0          0        551   led.o
       508         62          0          4          0       4112   main.o
       140         24          0          0          0       1807   misc.o
         0          0          0          3          0        972   mode.o
      1180        134          0         56        992       7706   motor.o
       156         12          0          0         16        847   my_init.o
       136         12          0          0          0       1134   power.o
      3316        308          0         60          0       5415   remote_code.o
      1014        102          0         20         96       7297   speed_pid.o
        36          8        428          0       8192        996   startup_stm32f427_437xx.o
      1252         28          0          0          0       5753   stm32f4xx_can.o
       528         26          0          0          0       6187   stm32f4xx_dma.o
       222          0          0          0          0       3311   stm32f4xx_gpio.o
      1520        154          0         12        550       7188   stm32f4xx_it.o
       392         48          0         16          0       6437   stm32f4xx_rcc.o
      1456         66          0          0          0      22650   stm32f4xx_tim.o
       726         42          0          0          0       8329   stm32f4xx_usart.o
       388         32          0          0          0       2128   sys.o
       392         32          0          0          0     317609   system_stm32f4xx.o
       376         56          0          4          0       1192   tim3_events.o
        92          6          0          0          0        708   timer.o
        84         16          0          4        260       1514   uart5.o

    ----------------------------------------------------------------------
     19954       1734        460        232      10380     480541   Object Totals
         0          0         32          0          0          0   (incl. Generated)
        20          0          0          6          4          0   (incl. Padding)

    ----------------------------------------------------------------------

      Code (inc. data)   RO Data    RW Data    ZI Data      Debug   Library Member Name

      1534        162         33          0          0      17721   dump.o
       154          4          0          0          0       6085   error.o
      1000         32          0          0          0      17697   hashtable.o
        40          6          0          4          0       1280   hashtable_seed.o
      3288        680          0          0          0      19565   load.o
        86          8          0          8          0       6121   memory.o
      1604        414          0          0          0      12512   pack_unpack.o
       230          4          0          0          0       4952   strbuffer.o
       260         20          0          0          0       1934   strconv.o
       446         14          0          0          0       3830   utf.o
       958         32          0         24          0      25330   value.o
       200         20          0          0          0        164   cos.o
       368         46         48          0          0        200   cos_i.o
       184         44          0          0          0        744   dunder.o
        24          0          0          0          0        124   fabs.o
        48          0          0          0          0        124   fpclassify.o
       248          0          0          0          0        152   poly.o
      3152        296        136          0          0        352   pow.o
         0          0          8          0          0          0   qnan.o
      1080        142        200          0          0        188   rred.o
       200         20          0          0          0        164   sin.o
       304         24         40          0          0        208   sin_i.o
       110          0          0          0          0        148   sqrt.o
        48         14          0          0          0        128   strtod.o
       144          0          0          0          0         88   __strtoll.o
        28          0          0          0          0         68   _chval.o
        64          0          0          0          0         84   _sgetc.o
       194          0          0          0          0         96   _strtoull.o
         8          4        133          0          0         68   ctype_o.o
         0          0          0          0          0          0   entry.o
         0          0          0          0          0          0   entry10a.o
         0          0          0          0          0          0   entry11a.o
         8          4          0          0          0          0   entry2.o
         4          0          0          0          0          0   entry5.o
         0          0          0          0          0          0   entry7b.o
         0          0          0          0          0          0   entry8b.o
         8          4          0          0          0          0   entry9a.o
        20         10          0          4          0        136   errno.o
        30          0          0          0          0          0   handlers.o
        36          8          0          0          0         68   init.o
        18          0          0          0          0         76   isspace_o.o
         0          0          0          0          0          0   iusefp.o
        30          0          0          0          0         68   llshl.o
        36          0          0          0          0         68   llsshr.o
        32          0          0          0          0         68   llushr.o
       188         20          0          0          0        160   malloc.o
        20          0          0          0          0         68   memchr.o
        64          0          0          0          0         76   memmovea.o
        36          0          0          0          0        108   memseta.o
         0          0          0          8          0          0   mvars.o
      2422        104          0          0          0        836   printfa.o
       156          0          0          0          0         88   qsort.o
       878         12          0          0          0        216   scanf_fp.o
         0          0          0          4          0          0   stdout.o
        20          0          0          0          0         68   strchr.o
        28          0          0          0          0         76   strcmp.o
        18          0          0          0          0         68   strcpy.o
        14          0          0          0          0         68   strlen.o
       156         12          0          0          0        120   strtod.o
         4          0          0          0          0         68   strtoll.o
        44          0          0          0          0         80   uidiv.o
        98          0          0          0          0         92   uldiv.o
        48          0          0          0          0         68   cdcmple.o
        48          0          0          0          0         68   cdrcmple.o
        56          0          0          0          0         88   d2f.o
       334          0          0          0          0        148   dadd.o
       222          0          0          0          0        100   ddiv.o
       186          0          0          0          0        176   depilogue.o
        62          0          0          0          0         80   dfixi.o
        48          0          0          0          0         68   dfixul.o
        34          0          0          0          0         76   dflti.o
        26          0          0          0          0         76   dfltui.o
        24          0          0          0          0         76   dfltul.o
       228          0          0          0          0         96   dmul.o
        46          0          0          0          0         80   dscalb.o
       162          0          0          0          0        100   dsqrt.o
        38          0          0          0          0         68   f2d.o
       110          0          0          0          0        168   fepilogue.o
        44          0          0          0          0         92   ffltl.o

    ----------------------------------------------------------------------
     22122       2164        608         52          0     124431   Library Totals
        34          4         10          0          0          0   (incl. Padding)

    ----------------------------------------------------------------------

      Code (inc. data)   RO Data    RW Data    ZI Data      Debug   Library Name

      9600       1376         33         36          0     117027   jansson_CM3LE.lib
      5966        606        432          0          0       2696   m_wm.l
      4806        178        133         16          0       3080   mc_w.l
      1716          0          0          0          0       1628   mf_w.l

    ----------------------------------------------------------------------
     22122       2164        608         52          0     124431   Library Totals

    ----------------------------------------------------------------------

==============================================================================


      Code (inc. data)   RO Data    RW Data    ZI Data      Debug   

     42076       3898       1068        284      10380     582372   Grand Totals
     42076       3898       1068        284      10380     582372   ELF Image Totals
     42076       3898       1068        284          0          0   ROM Totals

==============================================================================

    Total RO  Size (Code + RO Data)                43144 (  42.13kB)
    Total RW  Size (RW Data + ZI Data)             10664 (  10.41kB)
    Total ROM Size (Code + RO Data + RW Data)      43428 (  42.41kB)

==============================================================================

